Archive member included to satisfy reference by file (symbol)

/home/andre/st/stm32cubeide_1.15.1/plugins/com.st.stm32cube.ide.mcu.externaltools.gnu-tools-for-stm32.12.3.rel1.linux64_1.0.100.202403111256/tools/bin/../lib/gcc/arm-none-eabi/12.3.1/../../../../arm-none-eabi/lib/thumb/v7e-m+fp/hard/libstdc++_nano.a(del_ops.o)
                              ./Core/Src/ChampiCan.o (operator delete(void*, unsigned int))
/home/andre/st/stm32cubeide_1.15.1/plugins/com.st.stm32cube.ide.mcu.externaltools.gnu-tools-for-stm32.12.3.rel1.linux64_1.0.100.202403111256/tools/bin/../lib/gcc/arm-none-eabi/12.3.1/../../../../arm-none-eabi/lib/thumb/v7e-m+fp/hard/libstdc++_nano.a(new_op.o)
                              ./Core/Src/main.o (operator new(unsigned int))
/home/andre/st/stm32cubeide_1.15.1/plugins/com.st.stm32cube.ide.mcu.externaltools.gnu-tools-for-stm32.12.3.rel1.linux64_1.0.100.202403111256/tools/bin/../lib/gcc/arm-none-eabi/12.3.1/../../../../arm-none-eabi/lib/thumb/v7e-m+fp/hard/libstdc++_nano.a(allocator-inst.o)
                              ./Core/Src/MessageRecomposer.o (std::allocator<char>::allocator())
/home/andre/st/stm32cubeide_1.15.1/plugins/com.st.stm32cube.ide.mcu.externaltools.gnu-tools-for-stm32.12.3.rel1.linux64_1.0.100.202403111256/tools/bin/../lib/gcc/arm-none-eabi/12.3.1/../../../../arm-none-eabi/lib/thumb/v7e-m+fp/hard/libstdc++_nano.a(functexcept.o)
                              ./Core/Src/main.o (std::__throw_bad_alloc())
/home/andre/st/stm32cubeide_1.15.1/plugins/com.st.stm32cube.ide.mcu.externaltools.gnu-tools-for-stm32.12.3.rel1.linux64_1.0.100.202403111256/tools/bin/../lib/gcc/arm-none-eabi/12.3.1/../../../../arm-none-eabi/lib/thumb/v7e-m+fp/hard/libstdc++_nano.a(string-inst.o)
                              ./Core/Src/MessageRecomposer.o (std::__cxx11::basic_string<char, std::char_traits<char>, std::allocator<char> >::basic_string())
/home/andre/st/stm32cubeide_1.15.1/plugins/com.st.stm32cube.ide.mcu.externaltools.gnu-tools-for-stm32.12.3.rel1.linux64_1.0.100.202403111256/tools/bin/../lib/gcc/arm-none-eabi/12.3.1/../../../../arm-none-eabi/lib/thumb/v7e-m+fp/hard/libstdc++_nano.a(del_op.o)
                              /home/andre/st/stm32cubeide_1.15.1/plugins/com.st.stm32cube.ide.mcu.externaltools.gnu-tools-for-stm32.12.3.rel1.linux64_1.0.100.202403111256/tools/bin/../lib/gcc/arm-none-eabi/12.3.1/../../../../arm-none-eabi/lib/thumb/v7e-m+fp/hard/libstdc++_nano.a(del_ops.o) (operator delete(void*))
/home/andre/st/stm32cubeide_1.15.1/plugins/com.st.stm32cube.ide.mcu.externaltools.gnu-tools-for-stm32.12.3.rel1.linux64_1.0.100.202403111256/tools/bin/../lib/gcc/arm-none-eabi/12.3.1/../../../../arm-none-eabi/lib/thumb/v7e-m+fp/hard/libstdc++_nano.a(new_handler.o)
                              /home/andre/st/stm32cubeide_1.15.1/plugins/com.st.stm32cube.ide.mcu.externaltools.gnu-tools-for-stm32.12.3.rel1.linux64_1.0.100.202403111256/tools/bin/../lib/gcc/arm-none-eabi/12.3.1/../../../../arm-none-eabi/lib/thumb/v7e-m+fp/hard/libstdc++_nano.a(new_op.o) (std::get_new_handler())
/home/andre/st/stm32cubeide_1.15.1/plugins/com.st.stm32cube.ide.mcu.externaltools.gnu-tools-for-stm32.12.3.rel1.linux64_1.0.100.202403111256/tools/bin/../lib/gcc/arm-none-eabi/12.3.1/../../../../arm-none-eabi/lib/thumb/v7e-m+fp/hard/libm.a(libm_a-sf_round.o)
                              ./Core/Src/VL53L4CD_api.o (roundf)
/home/andre/st/stm32cubeide_1.15.1/plugins/com.st.stm32cube.ide.mcu.externaltools.gnu-tools-for-stm32.12.3.rel1.linux64_1.0.100.202403111256/tools/bin/../lib/gcc/arm-none-eabi/12.3.1/../../../../arm-none-eabi/lib/thumb/v7e-m+fp/hard/libc_nano.a(libc_a-abort.o)
                              /home/andre/st/stm32cubeide_1.15.1/plugins/com.st.stm32cube.ide.mcu.externaltools.gnu-tools-for-stm32.12.3.rel1.linux64_1.0.100.202403111256/tools/bin/../lib/gcc/arm-none-eabi/12.3.1/../../../../arm-none-eabi/lib/thumb/v7e-m+fp/hard/libstdc++_nano.a(new_op.o) (abort)
/home/andre/st/stm32cubeide_1.15.1/plugins/com.st.stm32cube.ide.mcu.externaltools.gnu-tools-for-stm32.12.3.rel1.linux64_1.0.100.202403111256/tools/bin/../lib/gcc/arm-none-eabi/12.3.1/../../../../arm-none-eabi/lib/thumb/v7e-m+fp/hard/libc_nano.a(libc_a-exit.o)
                              /home/andre/st/stm32cubeide_1.15.1/plugins/com.st.stm32cube.ide.mcu.externaltools.gnu-tools-for-stm32.12.3.rel1.linux64_1.0.100.202403111256/tools/bin/../lib/gcc/arm-none-eabi/12.3.1/../../../../arm-none-eabi/lib/thumb/v7e-m+fp/hard/crt0.o (exit)
/home/andre/st/stm32cubeide_1.15.1/plugins/com.st.stm32cube.ide.mcu.externaltools.gnu-tools-for-stm32.12.3.rel1.linux64_1.0.100.202403111256/tools/bin/../lib/gcc/arm-none-eabi/12.3.1/../../../../arm-none-eabi/lib/thumb/v7e-m+fp/hard/libc_nano.a(libc_a-malloc.o)
[...]
Memory Configuration

Name             Origin             Length             Attributes
RAM              0x20000000         0x00008000         xrw
FLASH            0x08000000         0x00020000         xr
*default*        0x00000000         0xffffffff

Linker script and memory map

LOAD /home/andre/st/stm32cubeide_1.15.1/plugins/com.st.stm32cube.ide.mcu.externaltools.gnu-tools-for-stm32.12.3.rel1.linux64_1.0.100.202403111256/tools/bin/../lib/gcc/arm-none-eabi/12.3.1/thumb/v7e-m+fp/hard/crti.o
LOAD /home/andre/st/stm32cubeide_1.15.1/plugins/com.st.stm32cube.ide.mcu.externaltools.gnu-tools-for-stm32.12.3.rel1.linux64_1.0.100.202403111256/tools/bin/../lib/gcc/arm-none-eabi/12.3.1/thumb/v7e-m+fp/hard/crtbegin.o
LOAD /home/andre/st/stm32cubeide_1.15.1/plugins/com.st.stm32cube.ide.mcu.externaltools.gnu-tools-for-stm32.12.3.rel1.linux64_1.0.100.202403111256/tools/bin/../lib/gcc/arm-none-eabi/12.3.1/../../../../arm-none-eabi/lib/thumb/v7e-m+fp/hard/crt0.o
LOAD ./Core/Src/ChampiCan.o
LOAD ./Core/Src/ChampiState.o
LOAD ./Core/Src/MessageRecomposer.o
LOAD ./Core/Src/SCServo.o
LOAD ./Core/Src/VL53L4CD_api.o
LOAD ./Core/Src/VL53L4CD_calibration.o
LOAD ./Core/Src/main.o
LOAD ./Core/Src/msgs_can.pb.o
LOAD ./Core/Src/pb_common.o
LOAD ./Core/Src/pb_decode.o
LOAD ./Core/Src/pb_encode.o
LOAD ./Core/Src/platform.o
LOAD ./Core/Src/stm32g4xx_hal_msp.o
LOAD ./Core/Src/stm32g4xx_it.o
LOAD ./Core/Src/syscalls.o
LOAD ./Core/Src/sysmem.o
LOAD ./Core/Src/system_stm32g4xx.o
LOAD ./Core/Startup/startup_stm32g431kbtx.o
LOAD ./Drivers/STM32G4xx_HAL_Driver/Src/stm32g4xx_hal.o
LOAD ./Drivers/STM32G4xx_HAL_Driver/Src/stm32g4xx_hal_cortex.o
LOAD ./Drivers/STM32G4xx_HAL_Driver/Src/stm32g4xx_hal_dma.o
LOAD ./Drivers/STM32G4xx_HAL_Driver/Src/stm32g4xx_hal_dma_ex.o
LOAD ./Drivers/STM32G4xx_HAL_Driver/Src/stm32g4xx_hal_exti.o
LOAD ./Drivers/STM32G4xx_HAL_Driver/Src/stm32g4xx_hal_fdcan.o
LOAD ./Drivers/STM32G4xx_HAL_Driver/Src/stm32g4xx_hal_flash.o
LOAD ./Drivers/STM32G4xx_HAL_Driver/Src/stm32g4xx_hal_flash_ex.o
LOAD ./Drivers/STM32G4xx_HAL_Driver/Src/stm32g4xx_hal_flash_ramfunc.o
LOAD ./Drivers/STM32G4xx_HAL_Driver/Src/stm32g4xx_hal_gpio.o
LOAD ./Drivers/STM32G4xx_HAL_Driver/Src/stm32g4xx_hal_i2c.o
LOAD ./Drivers/STM32G4xx_HAL_Driver/Src/stm32g4xx_hal_i2c_ex.o
LOAD ./Drivers/STM32G4xx_HAL_Driver/Src/stm32g4xx_hal_pwr.o
LOAD ./Drivers/STM32G4xx_HAL_Driver/Src/stm32g4xx_hal_pwr_ex.o
LOAD ./Drivers/STM32G4xx_HAL_Driver/Src/stm32g4xx_hal_rcc.o
LOAD ./Drivers/STM32G4xx_HAL_Driver/Src/stm32g4xx_hal_rcc_ex.o
LOAD ./Drivers/STM32G4xx_HAL_Driver/Src/stm32g4xx_hal_tim.o
LOAD ./Drivers/STM32G4xx_HAL_Driver/Src/stm32g4xx_hal_tim_ex.o
LOAD ./Drivers/STM32G4xx_HAL_Driver/Src/stm32g4xx_hal_uart.o
LOAD ./Drivers/STM32G4xx_HAL_Driver/Src/stm32g4xx_hal_uart_ex.o
START GROUP
LOAD /home/andre/st/stm32cubeide_1.15.1/plugins/com.st.stm32cube.ide.mcu.externaltools.gnu-tools-for-stm32.12.3.rel1.linux64_1.0.100.202403111256/tools/bin/../lib/gcc/arm-none-eabi/12.3.1/../../../../arm-none-eabi/lib/thumb/v7e-m+fp/hard/libstdc++_nano.a
LOAD /home/andre/st/stm32cubeide_1.15.1/plugins/com.st.stm32cube.ide.mcu.externaltools.gnu-tools-for-stm32.12.3.rel1.linux64_1.0.100.202403111256/tools/bin/../lib/gcc/arm-none-eabi/12.3.1/../../../../arm-none-eabi/lib/thumb/v7e-m+fp/hard/libsupc++_nano.a
END GROUP
LOAD /home/andre/st/stm32cubeide_1.15.1/plugins/com.st.stm32cube.ide.mcu.externaltools.gnu-tools-for-stm32.12.3.rel1.linux64_1.0.100.202403111256/tools/bin/../lib/gcc/arm-none-eabi/12.3.1/../../../../arm-none-eabi/lib/thumb/v7e-m+fp/hard/libstdc++_nano.a
LOAD /home/andre/st/stm32cubeide_1.15.1/plugins/com.st.stm32cube.ide.mcu.externaltools.gnu-tools-for-stm32.12.3.rel1.linux64_1.0.100.202403111256/tools/bin/../lib/gcc/arm-none-eabi/12.3.1/../../../../arm-none-eabi/lib/thumb/v7e-m+fp/hard/libm.a
LOAD /home/andre/st/stm32cubeide_1.15.1/plugins/com.st.stm32cube.ide.mcu.externaltools.gnu-tools-for-stm32.12.3.rel1.linux64_1.0.100.202403111256/tools/bin/../lib/gcc/arm-none-eabi/12.3.1/../../../../arm-none-eabi/lib/thumb/v7e-m+fp/hard/libc_nano.a
START GROUP
LOAD /home/andre/st/stm32cubeide_1.15.1/plugins/com.st.stm32cube.ide.mcu.externaltools.gnu-tools-for-stm32.12.3.rel1.linux64_1.0.100.202403111256/tools/bin/../lib/gcc/arm-none-eabi/12.3.1/thumb/v7e-m+fp/hard/libgcc.a
LOAD /home/andre/st/stm32cubeide_1.15.1/plugins/com.st.stm32cube.ide.mcu.externaltools.gnu-tools-for-stm32.12.3.rel1.linux64_1.0.100.202403111256/tools/bin/../lib/gcc/arm-none-eabi/12.3.1/../../../../arm-none-eabi/lib/thumb/v7e-m+fp/hard/libc_nano.a
END GROUP
START GROUP
LOAD /home/andre/st/stm32cubeide_1.15.1/plugins/com.st.stm32cube.ide.mcu.externaltools.gnu-tools-for-stm32.12.3.rel1.linux64_1.0.100.202403111256/tools/bin/../lib/gcc/arm-none-eabi/12.3.1/thumb/v7e-m+fp/hard/libgcc.a
LOAD /home/andre/st/stm32cubeide_1.15.1/plugins/com.st.stm32cube.ide.mcu.externaltools.gnu-tools-for-stm32.12.3.rel1.linux64_1.0.100.202403111256/tools/bin/../lib/gcc/arm-none-eabi/12.3.1/../../../../arm-none-eabi/lib/thumb/v7e-m+fp/hard/libc_nano.a
LOAD /home/andre/st/stm32cubeide_1.15.1/plugins/com.st.stm32cube.ide.mcu.externaltools.gnu-tools-for-stm32.12.3.rel1.linux64_1.0.100.202403111256/tools/bin/../lib/gcc/arm-none-eabi/12.3.1/../../../../arm-none-eabi/lib/thumb/v7e-m+fp/hard/libnosys.a
END GROUP
START GROUP
LOAD /home/andre/st/stm32cubeide_1.15.1/plugins/com.st.stm32cube.ide.mcu.externaltools.gnu-tools-for-stm32.12.3.rel1.linux64_1.0.100.202403111256/tools/bin/../lib/gcc/arm-none-eabi/12.3.1/thumb/v7e-m+fp/hard/libgcc.a
LOAD /home/andre/st/stm32cubeide_1.15.1/plugins/com.st.stm32cube.ide.mcu.externaltools.gnu-tools-for-stm32.12.3.rel1.linux64_1.0.100.202403111256/tools/bin/../lib/gcc/arm-none-eabi/12.3.1/../../../../arm-none-eabi/lib/thumb/v7e-m+fp/hard/libc_nano.a
LOAD /home/andre/st/stm32cubeide_1.15.1/plugins/com.st.stm32cube.ide.mcu.externaltools.gnu-tools-for-stm32.12.3.rel1.linux64_1.0.100.202403111256/tools/bin/../lib/gcc/arm-none-eabi/12.3.1/../../../../arm-none-eabi/lib/thumb/v7e-m+fp/hard/libnosys.a
END GROUP
LOAD /home/andre/st/stm32cubeide_1.15.1/plugins/com.st.stm32cube.ide.mcu.externaltools.gnu-tools-for-stm32.12.3.rel1.linux64_1.0.100.202403111256/tools/bin/../lib/gcc/arm-none-eabi/12.3.1/thumb/v7e-m+fp/hard/crtend.o
LOAD /home/andre/st/stm32cubeide_1.15.1/plugins/com.st.stm32cube.ide.mcu.externaltools.gnu-tools-for-stm32.12.3.rel1.linux64_1.0.100.202403111256/tools/bin/../lib/gcc/arm-none-eabi/12.3.1/thumb/v7e-m+fp/hard/crtn.o
                0x20008000                        _estack = (ORIGIN (RAM) + LENGTH (RAM))
                0x00000200                        _Min_Heap_Size = 0x200
                0x00000400                        _Min_Stack_Size = 0x400

.isr_vector     0x08000000      0x1d8
                0x08000000                        . = ALIGN (0x4)
 *(.isr_vector)
 .isr_vector    0x08000000      0x1d8 ./Core/Startup/startup_stm32g431kbtx.o
                0x08000000                g_pfnVectors
                0x080001d8                        . = ALIGN (0x4)

.text           0x080001e0     0xa618
                0x080001e0                        . = ALIGN (0x4)
 *(.text)
 .text          0x080001e0       0x40 /home/andre/st/stm32cubeide_1.15.1/plugins/com.st.stm32cube.ide.mcu.externaltools.gnu-tools-for-stm32.12.3.rel1.linux64_1.0.100.202403111256/tools/bin/../lib/gcc/arm-none-eabi/12.3.1/thumb/v7e-m+fp/hard/crtbegin.o
 .text          0x08000220       0xa0 /home/andre/st/stm32cubeide_1.15.1/plugins/com.st.stm32cube.ide.mcu.externaltools.gnu-tools-for-stm32.12.3.rel1.linux64_1.0.100.202403111256/tools/bin/../lib/gcc/arm-none-eabi/12.3.1/../../../../arm-none-eabi/lib/thumb/v7e-m+fp/hard/libc_nano.a(libc_a-memchr.o)
                0x08000220                memchr
 .text          0x080002c0      0x254 /home/andre/st/stm32cubeide_1.15.1/plugins/com.st.stm32cube.ide.mcu.externaltools.gnu-tools-for-stm32.12.3.rel1.linux64_1.0.100.202403111256/tools/bin/../lib/gcc/arm-none-eabi/12.3.1/thumb/v7e-m+fp/hard/libgcc.a(_arm_muldf3.o)
                0x080002c0                __aeabi_dmul
                0x080002c0                __muldf3
 .text          0x08000514      0x378 /home/andre/st/stm32cubeide_1.15.1/plugins/com.st.stm32cube.ide.mcu.externaltools.gnu-tools-for-stm32.12.3.rel1.linux64_1.0.100.202403111256/tools/bin/../lib/gcc/arm-none-eabi/12.3.1/thumb/v7e-m+fp/hard/libgcc.a(_arm_addsubdf3.o)
                0x08000514                __aeabi_drsub
                0x0800051c                __aeabi_dsub
                0x0800051c                __subdf3
                0x08000520                __adddf3
                0x08000520                __aeabi_dadd
                0x08000798                __aeabi_ui2d
                0x08000798                __floatunsidf
                0x080007b8                __floatsidf
                0x080007b8                __aeabi_i2d
                0x080007dc                __extendsfdf2
                0x080007dc                __aeabi_f2d
                0x08000820                __aeabi_ul2d
                0x08000820                __floatundidf
                0x08000830                __floatdidf
                0x08000830                __aeabi_l2d
 .text          0x0800088c       0x50 /home/andre/st/stm32cubeide_1.15.1/plugins/com.st.stm32cube.ide.mcu.externaltools.gnu-tools-for-stm32.12.3.rel1.linux64_1.0.100.202403111256/tools/bin/../lib/gcc/arm-none-eabi/12.3.1/thumb/v7e-m+fp/hard/libgcc.a(_arm_fixdfsi.o)
                0x0800088c                __fixdfsi
                0x0800088c                __aeabi_d2iz
 .text          0x080008dc       0x30 /home/andre/st/stm32cubeide_1.15.1/plugins/com.st.stm32cube.ide.mcu.externaltools.gnu-tools-for-stm32.12.3.rel1.linux64_1.0.100.202403111256/tools/bin/../lib/gcc/arm-none-eabi/12.3.1/thumb/v7e-m+fp/hard/libgcc.a(_aeabi_uldivmod.o)
                0x080008dc                __aeabi_uldivmod
 .text          0x0800090c      0x2bc /home/andre/st/stm32cubeide_1.15.1/plugins/com.st.stm32cube.ide.mcu.externaltools.gnu-tools-for-stm32.12.3.rel1.linux64_1.0.100.202403111256/tools/bin/../lib/gcc/arm-none-eabi/12.3.1/thumb/v7e-m+fp/hard/libgcc.a(_udivmoddi4.o)
                0x0800090c                __udivmoddi4
 .text          0x08000bc8        0x4 /home/andre/st/stm32cubeide_1.15.1/plugins/com.st.stm32cube.ide.mcu.externaltools.gnu-tools-for-stm32.12.3.rel1.linux64_1.0.100.202403111256/tools/bin/../lib/gcc/arm-none-eabi/12.3.1/thumb/v7e-m+fp/hard/libgcc.a(_dvmd_tls.o)
                0x08000bc8                __aeabi_ldiv0
                0x08000bc8                __aeabi_idiv0
 *(.text*)
 .text._ZN9ChampiCanC2EP19FDCAN_HandleTypeDef
                0x08000bcc       0x64 ./Core/Src/ChampiCan.o
                0x08000bcc                ChampiCan::ChampiCan(FDCAN_HandleTypeDef*)
                0x08000bcc                ChampiCan::ChampiCan(FDCAN_HandleTypeDef*)
 .text._ZN9ChampiCanC2Ev
                0x08000c30       0x30 ./Core/Src/ChampiCan.o
                0x08000c30                ChampiCan::ChampiCan()
                0x08000c30                ChampiCan::ChampiCan()
 .text._ZN9ChampiCan5startEv
                0x08000c60       0x52 ./Core/Src/ChampiCan.o
                0x08000c60                ChampiCan::start()
 *fill*         0x08000cb2        0x2 
 .text._ZN9ChampiCanD2Ev
                0x08000cb4       0x20 ./Core/Src/ChampiCan.o
                0x08000cb4                ChampiCan::~ChampiCan()
                0x08000cb4                ChampiCan::~ChampiCan()
 .text._ZN9ChampiCanD0Ev
                0x08000cd4       0x20 ./Core/Src/ChampiCan.o
                0x08000cd4                ChampiCan::~ChampiCan()
 .text._ZN11ChampiStateC2Ev
                0x08000cf4       0x2c ./Core/Src/ChampiState.o
                0x08000cf4                ChampiState::ChampiState()
                0x08000cf4                ChampiState::ChampiState()
 .text._ZN11ChampiStateD2Ev
                0x08000d20       0x20 ./Core/Src/ChampiState.o
                0x08000d20                ChampiState::~ChampiState()
                0x08000d20                ChampiState::~ChampiState()
 .text._ZN11ChampiStateD0Ev
                0x08000d40       0x20 ./Core/Src/ChampiState.o
                0x08000d40                ChampiState::~ChampiState()
 .text._ZN17MessageRecomposerC2Ev
                0x08000d60       0x40 ./Core/Src/MessageRecomposer.o
                0x08000d60                MessageRecomposer::MessageRecomposer()
                0x08000d60                MessageRecomposer::MessageRecomposer()
 .text._ZN17MessageRecomposerD2Ev
                0x08000da0       0x4c ./Core/Src/MessageRecomposer.o
                0x08000da0                MessageRecomposer::~MessageRecomposer()
                0x08000da0                MessageRecomposer::~MessageRecomposer()
 .text._ZN17MessageRecomposerD0Ev
                0x08000dec       0x22 ./Core/Src/MessageRecomposer.o
                0x08000dec                MessageRecomposer::~MessageRecomposer()
 .text._ZN7SCServoC2EP20__UART_HandleTypeDef
                0x08000e0e       0x1e ./Core/Src/SCServo.o
                0x08000e0e                SCServo::SCServo(__UART_HandleTypeDef*)
                0x08000e0e                SCServo::SCServo(__UART_HandleTypeDef*)
 .text._ZN7SCServo6PrintfEh
                0x08000e2c       0x32 ./Core/Src/SCServo.o
                0x08000e2c                SCServo::Printf(unsigned char)
 .text._ZN7SCServo12fflushRevBufEv
                0x08000e5e       0x34 ./Core/Src/SCServo.o
                0x08000e5e                SCServo::fflushRevBuf()
 .text._ZN7SCServo8WritePosEhiih
                0x08000e92       0xe4 ./Core/Src/SCServo.o
                0x08000e92                SCServo::WritePos(unsigned char, int, int, unsigned char)
 .text._ZN7SCServo7ReadBufEtPh
                0x08000f76       0x38 ./Core/Src/SCServo.o
                0x08000f76                SCServo::ReadBuf(unsigned short, unsigned char*)
 .text._ZN7SCServo7ReadPosEh
                0x08000fae       0xa8 ./Core/Src/SCServo.o
                0x08000fae                SCServo::ReadPos(unsigned char)
 .text._Z22VL53L4CD_SetI2CAddressth
                0x08001056       0x38 ./Core/Src/VL53L4CD_api.o
                0x08001056                VL53L4CD_SetI2CAddress(unsigned short, unsigned char)
 .text._Z20VL53L4CD_GetSensorIdtPt
                0x0800108e       0x32 ./Core/Src/VL53L4CD_api.o
                0x0800108e                VL53L4CD_GetSensorId(unsigned short, unsigned short*)
 .text._Z19VL53L4CD_SensorInitt
                0x080010c0      0x188 ./Core/Src/VL53L4CD_api.o
                0x080010c0                VL53L4CD_SensorInit(unsigned short)
 .text._Z23VL53L4CD_ClearInterruptt
                0x08001248       0x2e ./Core/Src/VL53L4CD_api.o
                0x08001248                VL53L4CD_ClearInterrupt(unsigned short)
 .text._Z21VL53L4CD_StartRangingt
                0x08001276       0x64 ./Core/Src/VL53L4CD_api.o
                0x08001276                VL53L4CD_StartRanging(unsigned short)
 .text._Z20VL53L4CD_StopRangingt
                0x080012da       0x2e ./Core/Src/VL53L4CD_api.o
                0x080012da                VL53L4CD_StopRanging(unsigned short)
 .text._Z26VL53L4CD_CheckForDataReadytPh
                0x08001308       0x86 ./Core/Src/VL53L4CD_api.o
                0x08001308                VL53L4CD_CheckForDataReady(unsigned short, unsigned char*)
 *fill*         0x0800138e        0x2 
 .text._Z23VL53L4CD_SetRangeTimingtmm
                0x08001390      0x234 ./Core/Src/VL53L4CD_api.o
                0x08001390                VL53L4CD_SetRangeTiming(unsigned short, unsigned long, unsigned long)
 .text._Z18VL53L4CD_GetResulttP22VL53L4CD_ResultsData_t
                0x080015c4      0x160 ./Core/Src/VL53L4CD_api.o
                0x080015c4                VL53L4CD_GetResult(unsigned short, VL53L4CD_ResultsData_t*)
 .text._Z18VL53L4CD_SetOffsetts
                0x08001724       0x66 ./Core/Src/VL53L4CD_api.o
                0x08001724                VL53L4CD_SetOffset(unsigned short, short)
 .text._ZN7StepperC2EPFmvEP12GPIO_TypeDeftS3_t
                0x0800178a       0x94 ./Core/Src/main.o
                0x0800178a                Stepper::Stepper(unsigned long (*)(), GPIO_TypeDef*, unsigned short, GPIO_TypeDef*, unsigned short)
                0x0800178a                Stepper::Stepper(unsigned long (*)(), GPIO_TypeDef*, unsigned short, GPIO_TypeDef*, unsigned short)
 *fill*         0x0800181e        0x2 
 .text._ZN7Stepper9set_speedEm
                0x08001820       0x2c ./Core/Src/main.o
                0x08001820                Stepper::set_speed(unsigned long)
 .text._ZN7Stepper8set_goalEib
                0x0800184c       0x7e ./Core/Src/main.o
                0x0800184c                Stepper::set_goal(int, bool)
 .text._ZN7Stepper7set_posEi
                0x080018ca       0x1c ./Core/Src/main.o
                0x080018ca                Stepper::set_pos(int)
 .text._ZN7Stepper9spin_onceEv
                0x080018e6       0xe4 ./Core/Src/main.o
                0x080018e6                Stepper::spin_once()
 .text._ZN7Stepper10is_stoppedEv
                0x080019ca       0x22 ./Core/Src/main.o
                0x080019ca                Stepper::is_stopped()
 *fill*         0x080019ec        0x4 
 .text._ZN7Stepper17compute_time_stepEv
                0x080019f0       0xf8 ./Core/Src/main.o
                0x080019f0                Stepper::compute_time_step()
 .text._ZN11LaserSensorC2EP12GPIO_TypeDeftts
                0x08001ae8       0x4a ./Core/Src/main.o
                0x08001ae8                LaserSensor::LaserSensor(GPIO_TypeDef*, unsigned short, unsigned short, short)
                0x08001ae8                LaserSensor::LaserSensor(GPIO_TypeDef*, unsigned short, unsigned short, short)
 .text._ZN11LaserSensorD2Ev
                0x08001b32       0x1c ./Core/Src/main.o
                0x08001b32                LaserSensor::~LaserSensor()
                0x08001b32                LaserSensor::~LaserSensor()
 *fill*         0x08001b4e        0x2 
 .text._ZN11LaserSensor5setupEv
                0x08001b50      0x14c ./Core/Src/main.o
                0x08001b50                LaserSensor::setup()
 .text._ZN11LaserSensor11get_dist_mmEv
                0x08001c9c       0x34 ./Core/Src/main.o
                0x08001c9c                LaserSensor::get_dist_mm()
 .text._ZN11LaserSensor15clear_interruptEv
                0x08001cd0       0x1a ./Core/Src/main.o
                0x08001cd0                LaserSensor::clear_interrupt()
 *fill*         0x08001cea        0x2 
 .text._ZN11LaserSensor15update_distanceEv
                0x08001cec       0x68 ./Core/Src/main.o
                0x08001cec                LaserSensor::update_distance()
 .text._ZnwjPv  0x08001d54       0x18 ./Core/Src/main.o
                0x08001d54                operator new(unsigned int, void*)
 .text._ZNSt14_Bit_referenceC2EPmm
                0x08001d6c       0x26 ./Core/Src/main.o
                0x08001d6c                std::_Bit_reference::_Bit_reference(unsigned long*, unsigned long)
                0x08001d6c                std::_Bit_reference::_Bit_reference(unsigned long*, unsigned long)
 .text._ZNKSt14_Bit_referencecvbEv
                0x08001d92       0x2a ./Core/Src/main.o
                0x08001d92                std::_Bit_reference::operator bool() const
 .text._ZNSt14_Bit_referenceaSEb
                0x08001dbc       0x48 ./Core/Src/main.o
                0x08001dbc                std::_Bit_reference::operator=(bool)
 .text._ZNSt18_Bit_iterator_baseC2EPmj
                0x08001e04       0x26 ./Core/Src/main.o
                0x08001e04                std::_Bit_iterator_base::_Bit_iterator_base(unsigned long*, unsigned int)
                0x08001e04                std::_Bit_iterator_base::_Bit_iterator_base(unsigned long*, unsigned int)
 .text._ZNSt18_Bit_iterator_base10_M_bump_upEv
                0x08001e2a       0x3c ./Core/Src/main.o
                0x08001e2a                std::_Bit_iterator_base::_M_bump_up()
 .text._ZNSt18_Bit_iterator_base7_M_incrEi
                0x08001e66       0x64 ./Core/Src/main.o
                0x08001e66                std::_Bit_iterator_base::_M_incr(int)
 .text._ZStmiRKSt18_Bit_iterator_baseS1_
                0x08001eca       0x30 ./Core/Src/main.o
                0x08001eca                std::operator-(std::_Bit_iterator_base const&, std::_Bit_iterator_base const&)
 .text._ZNSt13_Bit_iteratorC2Ev
                0x08001efa       0x1e ./Core/Src/main.o
                0x08001efa                std::_Bit_iterator::_Bit_iterator()
                0x08001efa                std::_Bit_iterator::_Bit_iterator()
 .text._ZNSt13_Bit_iteratorC2EPmj
                0x08001f18       0x22 ./Core/Src/main.o
                0x08001f18                std::_Bit_iterator::_Bit_iterator(unsigned long*, unsigned int)
                0x08001f18                std::_Bit_iterator::_Bit_iterator(unsigned long*, unsigned int)
 .text._ZNKSt13_Bit_iteratordeEv
                0x08001f3a       0x28 ./Core/Src/main.o
                0x08001f3a                std::_Bit_iterator::operator*() const
 .text._ZNSt13_Bit_iteratorppEv
                0x08001f62       0x1a ./Core/Src/main.o
                0x08001f62                std::_Bit_iterator::operator++()
 .text._ZNSt13_Bit_iteratorpLEi
                0x08001f7c       0x1e ./Core/Src/main.o
                0x08001f7c                std::_Bit_iterator::operator+=(int)
 .text._ZNKSt13_Bit_iteratorixEi
                0x08001f9a       0x30 ./Core/Src/main.o
                0x08001f9a                std::_Bit_iterator::operator[](int) const
 .text._ZStplRKSt13_Bit_iteratori
                0x08001fca       0x2a ./Core/Src/main.o
                0x08001fca                std::operator+(std::_Bit_iterator const&, int)
 .text._ZNSt19_Bit_const_iteratorC2EPmj
                0x08001ff4       0x22 ./Core/Src/main.o
                0x08001ff4                std::_Bit_const_iterator::_Bit_const_iterator(unsigned long*, unsigned int)
                0x08001ff4                std::_Bit_const_iterator::_Bit_const_iterator(unsigned long*, unsigned int)
 .text._ZNSt19_Bit_const_iteratorC2ERKSt13_Bit_iterator
                0x08002016       0x24 ./Core/Src/main.o
                0x08002016                std::_Bit_const_iterator::_Bit_const_iterator(std::_Bit_iterator const&)
                0x08002016                std::_Bit_const_iterator::_Bit_const_iterator(std::_Bit_iterator const&)
 *fill*         0x0800203a        0x2 
 .text._write   0x0800203c       0x40 ./Core/Src/main.o
                0x0800203c                _write
 .text.HAL_TIM_PeriodElapsedCallback
                0x0800207c       0x2c ./Core/Src/main.o
                0x0800207c                HAL_TIM_PeriodElapsedCallback
 .text._Z11get_time_usv
                0x080020a8       0x34 ./Core/Src/main.o
                0x080020a8                get_time_us()
 .text._ZNSt12_Vector_baseI11LaserSensorSaIS0_EE12_Vector_implD2Ev
                0x080020dc       0x18 ./Core/Src/main.o
                0x080020dc                std::_Vector_base<LaserSensor, std::allocator<LaserSensor> >::_Vector_impl::~_Vector_impl()
                0x080020dc                std::_Vector_base<LaserSensor, std::allocator<LaserSensor> >::_Vector_impl::~_Vector_impl()
 .text._ZN11SystemStateC2Ev
                0x080020f4       0x62 ./Core/Src/main.o
                0x080020f4                SystemState::SystemState()
                0x080020f4                SystemState::SystemState()
 .text._ZN14ReservoirStateC2Ev
                0x08002156       0x5e ./Core/Src/main.o
                0x08002156                ReservoirState::ReservoirState()
                0x08002156                ReservoirState::ReservoirState()
 .text._Z15print_reservoirv
                0x080021b4       0x98 ./Core/Src/main.o
                0x080021b4                print_reservoir()
 .text._Z11ping_servosv
                0x0800224c       0x88 ./Core/Src/main.o
                0x0800224c                ping_servos()
 .text._Z12setup_lasersv
                0x080022d4       0x78 ./Core/Src/main.o
                0x080022d4                setup_lasers()
 .text._Z29reservoir_initialize_and_testv
                0x0800234c        0xe ./Core/Src/main.o
                0x0800234c                reservoir_initialize_and_test()
 *fill*         0x0800235a        0x2 
 .text._Z24lift_initialize_and_testv
                0x0800235c       0x5c ./Core/Src/main.o
                0x0800235c                lift_initialize_and_test()
 .text._Z27hoppers_initialize_and_testv
                0x080023b8       0x28 ./Core/Src/main.o
                0x080023b8                hoppers_initialize_and_test()
 .text._Z12lift_go_downv
                0x080023e0       0x74 ./Core/Src/main.o
                0x080023e0                lift_go_down()
 .text._Z10lift_go_upv
                0x08002454       0x34 ./Core/Src/main.o
                0x08002454                lift_go_up()
 .text._Z14lift_go_middlev
                0x08002488       0x34 ./Core/Src/main.o
                0x08002488                lift_go_middle()
 .text._Z14grabber_extendv
                0x080024bc       0x2c ./Core/Src/main.o
                0x080024bc                grabber_extend()
 .text._Z15grabber_retractb
                0x080024e8       0x38 ./Core/Src/main.o
                0x080024e8                grabber_retract(bool)
 .text._Z12hopper_closei
                0x08002520       0x4c ./Core/Src/main.o
                0x08002520                hopper_close(int)
 .text._Z11hopper_openi
                0x0800256c       0x4c ./Core/Src/main.o
                0x0800256c                hopper_open(int)
 .text._Z16reservoir_rotateb
                0x080025b8       0xcc ./Core/Src/main.o
                0x080025b8                reservoir_rotate(bool)
 .text._Z27reservoir_align_with_outputv
                0x08002684       0x3c ./Core/Src/main.o
                0x08002684                reservoir_align_with_output()
 .text._Z22reservoir_realign_backv
                0x080026c0       0x40 ./Core/Src/main.o
                0x080026c0                reservoir_realign_back()
 .text._Z16reservoir_rotatei
                0x08002700       0x38 ./Core/Src/main.o
                0x08002700                reservoir_rotate(int)
 .text._Z14close_fildeferv
                0x08002738       0x24 ./Core/Src/main.o
                0x08002738                close_fildefer()
 .text._Z13hide_fildeferv
                0x0800275c       0x24 ./Core/Src/main.o
                0x0800275c                hide_fildefer()
 .text._Z19fildefer_initializev
                0x08002780       0x2c ./Core/Src/main.o
                0x08002780                fildefer_initialize()
 .text._Z10push_plantv
                0x080027ac       0x24 ./Core/Src/main.o
                0x080027ac                push_plant()
 .text._Z19retract_servo_plantv
                0x080027d0       0x24 ./Core/Src/main.o
                0x080027d0                retract_servo_plant()
 .text._Z17open_circle_plantv
                0x080027f4       0x24 ./Core/Src/main.o
                0x080027f4                open_circle_plant()
 .text._Z22open_circle_plant_morev
                0x08002818       0x24 ./Core/Src/main.o
                0x08002818                open_circle_plant_more()
 .text._Z18close_circle_plantv
                0x0800283c       0x24 ./Core/Src/main.o
                0x0800283c                close_circle_plant()
 .text._Z28pusher_and_circle_initializev
                0x08002860       0x5c ./Core/Src/main.o
                0x08002860                pusher_and_circle_initialize()
 .text._Z25search_next_plant_to_pushv
                0x080028bc       0x8c ./Core/Src/main.o
                0x080028bc                search_next_plant_to_push()
 .text._Z18push_one_plant_outv
                0x08002948      0x170 ./Core/Src/main.o
                0x08002948                push_one_plant_out()
 .text._Z31hopper_wait_and_close_spin_oncei
                0x08002ab8       0x3c ./Core/Src/main.o
                0x08002ab8                hopper_wait_and_close_spin_once(int)
 .text._Z20request_store_plantsv
                0x08002af4       0x3c ./Core/Src/main.o
                0x08002af4                request_store_plants()
 .text._Z22store_plants_spin_oncev
                0x08002b30      0x1a8 ./Core/Src/main.o
                0x08002b30                store_plants_spin_once()
 .text._ZN9ChampiCanaSERKS_
                0x08002cd8       0x36 ./Core/Src/main.o
                0x08002cd8                ChampiCan::operator=(ChampiCan const&)
 *fill*         0x08002d0e        0x2 
 .text._Z5setupv
                0x08002d10      0x160 ./Core/Src/main.o
                0x08002d10                setup()
 .text._Z4loopv
                0x08002e70       0x40 ./Core/Src/main.o
                0x08002e70                loop()
 .text.main     0x08002eb0       0x2e ./Core/Src/main.o
                0x08002eb0                main
 .text._Z18SystemClock_Configv
                0x08002ede       0xaa ./Core/Src/main.o
                0x08002ede                SystemClock_Config()
 .text._ZL14MX_FDCAN1_Initv
                0x08002f88       0x98 ./Core/Src/main.o
 .text._ZL12MX_I2C1_Initv
                0x08003020       0x9c ./Core/Src/main.o
 .text._ZL12MX_TIM2_Initv
                0x080030bc       0xbc ./Core/Src/main.o
 .text._ZL19MX_USART1_UART_Initv
                0x08003178       0xc4 ./Core/Src/main.o
 .text._ZL19MX_USART2_UART_Initv
                0x0800323c       0xc0 ./Core/Src/main.o
 .text._ZL12MX_GPIO_Initv
                0x080032fc       0xc8 ./Core/Src/main.o
 .text.Error_Handler
                0x080033c4        0xc ./Core/Src/main.o
                0x080033c4                Error_Handler
 .text._ZNSaIiEC2Ev
                0x080033d0       0x18 ./Core/Src/main.o
                0x080033d0                std::allocator<int>::allocator()
                0x080033d0                std::allocator<int>::allocator()
 .text._ZNSaIiED2Ev
                0x080033e8       0x18 ./Core/Src/main.o
                0x080033e8                std::allocator<int>::~allocator()
                0x080033e8                std::allocator<int>::~allocator()
 .text._ZNSt6vectorIiSaIiEEC2ESt16initializer_listIiERKS0_
                0x08003400       0x42 ./Core/Src/main.o
                0x08003400                std::vector<int, std::allocator<int> >::vector(std::initializer_list<int>, std::allocator<int> const&)
                0x08003400                std::vector<int, std::allocator<int> >::vector(std::initializer_list<int>, std::allocator<int> const&)
 .text._ZNSt6vectorIiSaIiEED2Ev
                0x08003442       0x36 ./Core/Src/main.o
                0x08003442                std::vector<int, std::allocator<int> >::~vector()
                0x08003442                std::vector<int, std::allocator<int> >::~vector()
 .text._ZNSaI11LaserSensorEC2Ev
                0x08003478       0x18 ./Core/Src/main.o
                0x08003478                std::allocator<LaserSensor>::allocator()
                0x08003478                std::allocator<LaserSensor>::allocator()
 .text._ZNSaI11LaserSensorED2Ev
                0x08003490       0x18 ./Core/Src/main.o
                0x08003490                std::allocator<LaserSensor>::~allocator()
                0x08003490                std::allocator<LaserSensor>::~allocator()
 .text._ZNSt6vectorI11LaserSensorSaIS0_EEC2ESt16initializer_listIS0_ERKS1_
                0x080034a8       0x42 ./Core/Src/main.o
                0x080034a8                std::vector<LaserSensor, std::allocator<LaserSensor> >::vector(std::initializer_list<LaserSensor>, std::allocator<LaserSensor> const&)
                0x080034a8                std::vector<LaserSensor, std::allocator<LaserSensor> >::vector(std::initializer_list<LaserSensor>, std::allocator<LaserSensor> const&)
 .text._ZNSt6vectorI11LaserSensorSaIS0_EED2Ev
                0x080034ea       0x36 ./Core/Src/main.o
                0x080034ea                std::vector<LaserSensor, std::allocator<LaserSensor> >::~vector()
                0x080034ea                std::vector<LaserSensor, std::allocator<LaserSensor> >::~vector()
 .text._ZNSt12_Vector_baseI11LaserSensorSaIS0_EED2Ev
                0x08003520       0x3c ./Core/Src/main.o
                0x08003520                std::_Vector_base<LaserSensor, std::allocator<LaserSensor> >::~_Vector_base()
                0x08003520                std::_Vector_base<LaserSensor, std::allocator<LaserSensor> >::~_Vector_base()
 .text._ZNSt6vectorIiSaIiEEixEj
                0x0800355c       0x20 ./Core/Src/main.o
                0x0800355c                std::vector<int, std::allocator<int> >::operator[](unsigned int)
 .text._ZNSaIbEC2Ev
                0x0800357c       0x18 ./Core/Src/main.o
                0x0800357c                std::allocator<bool>::allocator()
                0x0800357c                std::allocator<bool>::allocator()
 .text._ZNSaIbED2Ev
                0x08003594       0x18 ./Core/Src/main.o
                0x08003594                std::allocator<bool>::~allocator()
                0x08003594                std::allocator<bool>::~allocator()
 .text._ZNSt6vectorIbSaIbEEC2ESt16initializer_listIbERKS0_
                0x080035ac       0x42 ./Core/Src/main.o
                0x080035ac                std::vector<bool, std::allocator<bool> >::vector(std::initializer_list<bool>, std::allocator<bool> const&)
                0x080035ac                std::vector<bool, std::allocator<bool> >::vector(std::initializer_list<bool>, std::allocator<bool> const&)
 .text._ZNSt6vectorIbSaIbEED2Ev
                0x080035ee       0x1a ./Core/Src/main.o
                0x080035ee                std::vector<bool, std::allocator<bool> >::~vector()
                0x080035ee                std::vector<bool, std::allocator<bool> >::~vector()
 .text._ZNKSt6vectorIbSaIbEE4sizeEv
                0x08003608       0x3a ./Core/Src/main.o
                0x08003608                std::vector<bool, std::allocator<bool> >::size() const
 .text._ZNSt6vectorIbSaIbEEixEj
                0x08003642       0x30 ./Core/Src/main.o
                0x08003642                std::vector<bool, std::allocator<bool> >::operator[](unsigned int)
 .text._ZNKSt6vectorIiSaIiEE4sizeEv
                0x08003672       0x20 ./Core/Src/main.o
                0x08003672                std::vector<int, std::allocator<int> >::size() const
 .text._ZNSt6vectorI11LaserSensorSaIS0_EEixEj
                0x08003692       0x26 ./Core/Src/main.o
                0x08003692                std::vector<LaserSensor, std::allocator<LaserSensor> >::operator[](unsigned int)
 .text._ZNSt15__new_allocatorIiEC2Ev
                0x080036b8       0x16 ./Core/Src/main.o
                0x080036b8                std::__new_allocator<int>::__new_allocator()
                0x080036b8                std::__new_allocator<int>::__new_allocator()
 .text._ZNSt15__new_allocatorIiED2Ev
                0x080036ce       0x16 ./Core/Src/main.o
                0x080036ce                std::__new_allocator<int>::~__new_allocator()
                0x080036ce                std::__new_allocator<int>::~__new_allocator()
 .text._ZNSt12_Vector_baseIiSaIiEE12_Vector_implD2Ev
                0x080036e4       0x18 ./Core/Src/main.o
                0x080036e4                std::_Vector_base<int, std::allocator<int> >::_Vector_impl::~_Vector_impl()
                0x080036e4                std::_Vector_base<int, std::allocator<int> >::_Vector_impl::~_Vector_impl()
 .text._ZNSt12_Vector_baseIiSaIiEEC2ERKS0_
                0x080036fc       0x1e ./Core/Src/main.o
                0x080036fc                std::_Vector_base<int, std::allocator<int> >::_Vector_base(std::allocator<int> const&)
                0x080036fc                std::_Vector_base<int, std::allocator<int> >::_Vector_base(std::allocator<int> const&)
 .text._ZNSt12_Vector_baseIiSaIiEED2Ev
                0x0800371a       0x32 ./Core/Src/main.o
                0x0800371a                std::_Vector_base<int, std::allocator<int> >::~_Vector_base()
                0x0800371a                std::_Vector_base<int, std::allocator<int> >::~_Vector_base()
 .text._ZNKSt16initializer_listIiE5beginEv
                0x0800374c       0x18 ./Core/Src/main.o
                0x0800374c                std::initializer_list<int>::begin() const
 .text._ZNKSt16initializer_listIiE3endEv
                0x08003764       0x24 ./Core/Src/main.o
                0x08003764                std::initializer_list<int>::end() const
 .text._ZNSt6vectorIiSaIiEE19_M_range_initializeIPKiEEvT_S5_St20forward_iterator_tag
                0x08003788       0x72 ./Core/Src/main.o
                0x08003788                void std::vector<int, std::allocator<int> >::_M_range_initialize<int const*>(int const*, int const*, std::forward_iterator_tag)
 .text._ZNSt12_Vector_baseIiSaIiEE19_M_get_Tp_allocatorEv
                0x080037fa       0x16 ./Core/Src/main.o
                0x080037fa                std::_Vector_base<int, std::allocator<int> >::_M_get_Tp_allocator()
 .text._ZSt8_DestroyIPiiEvT_S1_RSaIT0_E
                0x08003810       0x1c ./Core/Src/main.o
                0x08003810                void std::_Destroy<int*, int>(int*, int*, std::allocator<int>&)
 .text._ZNSt15__new_allocatorI11LaserSensorEC2Ev
                0x0800382c       0x16 ./Core/Src/main.o
                0x0800382c                std::__new_allocator<LaserSensor>::__new_allocator()
                0x0800382c                std::__new_allocator<LaserSensor>::__new_allocator()
 .text._ZNSt15__new_allocatorI11LaserSensorED2Ev
                0x08003842       0x16 ./Core/Src/main.o
                0x08003842                std::__new_allocator<LaserSensor>::~__new_allocator()
                0x08003842                std::__new_allocator<LaserSensor>::~__new_allocator()
 .text._ZNSt12_Vector_baseI11LaserSensorSaIS0_EEC2ERKS1_
                0x08003858       0x1e ./Core/Src/main.o
                0x08003858                std::_Vector_base<LaserSensor, std::allocator<LaserSensor> >::_Vector_base(std::allocator<LaserSensor> const&)
                0x08003858                std::_Vector_base<LaserSensor, std::allocator<LaserSensor> >::_Vector_base(std::allocator<LaserSensor> const&)
 .text._ZNKSt16initializer_listI11LaserSensorE5beginEv
                0x08003876       0x18 ./Core/Src/main.o
                0x08003876                std::initializer_list<LaserSensor>::begin() const
 .text._ZNKSt16initializer_listI11LaserSensorE3endEv
                0x0800388e       0x2a ./Core/Src/main.o
                0x0800388e                std::initializer_list<LaserSensor>::end() const
 .text._ZNSt6vectorI11LaserSensorSaIS0_EE19_M_range_initializeIPKS0_EEvT_S6_St20forward_iterator_tag
                0x080038b8       0x78 ./Core/Src/main.o
                0x080038b8                void std::vector<LaserSensor, std::allocator<LaserSensor> >::_M_range_initialize<LaserSensor const*>(LaserSensor const*, LaserSensor const*, std::forward_iterator_tag)
 .text._ZNSt12_Vector_baseI11LaserSensorSaIS0_EE19_M_get_Tp_allocatorEv
                0x08003930       0x16 ./Core/Src/main.o
                0x08003930                std::_Vector_base<LaserSensor, std::allocator<LaserSensor> >::_M_get_Tp_allocator()
 .text._ZSt8_DestroyIP11LaserSensorS0_EvT_S2_RSaIT0_E
                0x08003946       0x1c ./Core/Src/main.o
                0x08003946                void std::_Destroy<LaserSensor*, LaserSensor>(LaserSensor*, LaserSensor*, std::allocator<LaserSensor>&)
 .text._ZNSaI11LaserSensorEC2ERKS0_
                0x08003962       0x1c ./Core/Src/main.o
                0x08003962                std::allocator<LaserSensor>::allocator(std::allocator<LaserSensor> const&)
                0x08003962                std::allocator<LaserSensor>::allocator(std::allocator<LaserSensor> const&)
 .text._ZNSt12_Vector_baseI11LaserSensorSaIS0_EE13_M_deallocateEPS0_j
                0x0800397e       0x26 ./Core/Src/main.o
                0x0800397e                std::_Vector_base<LaserSensor, std::allocator<LaserSensor> >::_M_deallocate(LaserSensor*, unsigned int)
 .text._ZNSt15__new_allocatorIbEC2Ev
                0x080039a4       0x16 ./Core/Src/main.o
                0x080039a4                std::__new_allocator<bool>::__new_allocator()
                0x080039a4                std::__new_allocator<bool>::__new_allocator()
 .text._ZNSt15__new_allocatorIbED2Ev
                0x080039ba       0x16 ./Core/Src/main.o
                0x080039ba                std::__new_allocator<bool>::~__new_allocator()
                0x080039ba                std::__new_allocator<bool>::~__new_allocator()
 .text._ZNSt13_Bvector_baseISaIbEE13_Bvector_implD2Ev
                0x080039d0       0x18 ./Core/Src/main.o
                0x080039d0                std::_Bvector_base<std::allocator<bool> >::_Bvector_impl::~_Bvector_impl()
                0x080039d0                std::_Bvector_base<std::allocator<bool> >::_Bvector_impl::~_Bvector_impl()
 .text._ZNSt13_Bvector_baseISaIbEEC2ERKS0_
                0x080039e8       0x38 ./Core/Src/main.o
                0x080039e8                std::_Bvector_base<std::allocator<bool> >::_Bvector_base(std::allocator<bool> const&)
                0x080039e8                std::_Bvector_base<std::allocator<bool> >::_Bvector_base(std::allocator<bool> const&)
 .text._ZNSt13_Bvector_baseISaIbEED2Ev
                0x08003a20       0x20 ./Core/Src/main.o
                0x08003a20                std::_Bvector_base<std::allocator<bool> >::~_Bvector_base()
                0x08003a20                std::_Bvector_base<std::allocator<bool> >::~_Bvector_base()
 .text._ZNKSt16initializer_listIbE5beginEv
                0x08003a40       0x18 ./Core/Src/main.o
                0x08003a40                std::initializer_list<bool>::begin() const
 .text._ZNKSt16initializer_listIbE3endEv
                0x08003a58       0x22 ./Core/Src/main.o
                0x08003a58                std::initializer_list<bool>::end() const
 .text._ZNSt6vectorIbSaIbEE19_M_initialize_rangeIPKbEEvT_S5_St20forward_iterator_tag
                0x08003a7a       0x48 ./Core/Src/main.o
                0x08003a7a                void std::vector<bool, std::allocator<bool> >::_M_initialize_range<bool const*>(bool const*, bool const*, std::forward_iterator_tag)
 .text._ZNKSt6vectorIbSaIbEE3endEv
                0x08003ac2       0x1e ./Core/Src/main.o
                0x08003ac2                std::vector<bool, std::allocator<bool> >::end() const
 .text._ZNKSt6vectorIbSaIbEE5beginEv
                0x08003ae0       0x20 ./Core/Src/main.o
                0x08003ae0                std::vector<bool, std::allocator<bool> >::begin() const
 .text._ZNSt6vectorIbSaIbEE5beginEv
                0x08003b00       0x20 ./Core/Src/main.o
                0x08003b00                std::vector<bool, std::allocator<bool> >::begin()
 .text._ZNSt12_Vector_baseIiSaIiEE12_Vector_implC2ERKS0_
                0x08003b20       0x24 ./Core/Src/main.o
                0x08003b20                std::_Vector_base<int, std::allocator<int> >::_Vector_impl::_Vector_impl(std::allocator<int> const&)
                0x08003b20                std::_Vector_base<int, std::allocator<int> >::_Vector_impl::_Vector_impl(std::allocator<int> const&)
 .text._ZNSt12_Vector_baseIiSaIiEE13_M_deallocateEPij
                0x08003b44       0x26 ./Core/Src/main.o
                0x08003b44                std::_Vector_base<int, std::allocator<int> >::_M_deallocate(int*, unsigned int)
 .text._ZNKSt16initializer_listIiE4sizeEv
                0x08003b6a       0x18 ./Core/Src/main.o
                0x08003b6a                std::initializer_list<int>::size() const
 .text._ZSt8distanceIPKiENSt15iterator_traitsIT_E15difference_typeES3_S3_
                0x08003b82       0x28 ./Core/Src/main.o
                0x08003b82                std::iterator_traits<int const*>::difference_type std::distance<int const*>(int const*, int const*)
 *fill*         0x08003baa        0x2 
 .text._ZNSt6vectorIiSaIiEE17_S_check_init_lenEjRKS0_
                0x08003bac       0x50 ./Core/Src/main.o
                0x08003bac                std::vector<int, std::allocator<int> >::_S_check_init_len(unsigned int, std::allocator<int> const&)
 .text._ZNSt12_Vector_baseIiSaIiEE11_M_allocateEj
                0x08003bfc       0x28 ./Core/Src/main.o
                0x08003bfc                std::_Vector_base<int, std::allocator<int> >::_M_allocate(unsigned int)
 .text._ZSt22__uninitialized_copy_aIPKiPiiET0_T_S4_S3_RSaIT1_E
                0x08003c24       0x22 ./Core/Src/main.o
                0x08003c24                int* std::__uninitialized_copy_a<int const*, int*, int>(int const*, int const*, int*, std::allocator<int>&)
 .text._ZSt8_DestroyIPiEvT_S1_
                0x08003c46       0x1a ./Core/Src/main.o
                0x08003c46                void std::_Destroy<int*>(int*, int*)
 .text._ZNSt12_Vector_baseI11LaserSensorSaIS0_EE12_Vector_implC2ERKS1_
                0x08003c60       0x24 ./Core/Src/main.o
                0x08003c60                std::_Vector_base<LaserSensor, std::allocator<LaserSensor> >::_Vector_impl::_Vector_impl(std::allocator<LaserSensor> const&)
                0x08003c60                std::_Vector_base<LaserSensor, std::allocator<LaserSensor> >::_Vector_impl::_Vector_impl(std::allocator<LaserSensor> const&)
 .text._ZNKSt16initializer_listI11LaserSensorE4sizeEv
                0x08003c84       0x18 ./Core/Src/main.o
                0x08003c84                std::initializer_list<LaserSensor>::size() const
 .text._ZSt8distanceIPK11LaserSensorENSt15iterator_traitsIT_E15difference_typeES4_S4_
                0x08003c9c       0x28 ./Core/Src/main.o
                0x08003c9c                std::iterator_traits<LaserSensor const*>::difference_type std::distance<LaserSensor const*>(LaserSensor const*, LaserSensor const*)
 .text._ZNSt6vectorI11LaserSensorSaIS0_EE17_S_check_init_lenEjRKS1_
                0x08003cc4       0x50 ./Core/Src/main.o
                0x08003cc4                std::vector<LaserSensor, std::allocator<LaserSensor> >::_S_check_init_len(unsigned int, std::allocator<LaserSensor> const&)
 .text._ZNSt12_Vector_baseI11LaserSensorSaIS0_EE11_M_allocateEj
                0x08003d14       0x28 ./Core/Src/main.o
                0x08003d14                std::_Vector_base<LaserSensor, std::allocator<LaserSensor> >::_M_allocate(unsigned int)
 .text._ZSt22__uninitialized_copy_aIPK11LaserSensorPS0_S0_ET0_T_S5_S4_RSaIT1_E
                0x08003d3c       0x22 ./Core/Src/main.o
                0x08003d3c                LaserSensor* std::__uninitialized_copy_a<LaserSensor const*, LaserSensor*, LaserSensor>(LaserSensor const*, LaserSensor const*, LaserSensor*, std::allocator<LaserSensor>&)
 .text._ZSt8_DestroyIP11LaserSensorEvT_S2_
                0x08003d5e       0x1a ./Core/Src/main.o
                0x08003d5e                void std::_Destroy<LaserSensor*>(LaserSensor*, LaserSensor*)
 .text._ZNSt15__new_allocatorI11LaserSensorEC2ERKS1_
                0x08003d78       0x18 ./Core/Src/main.o
                0x08003d78                std::__new_allocator<LaserSensor>::__new_allocator(std::__new_allocator<LaserSensor> const&)
                0x08003d78                std::__new_allocator<LaserSensor>::__new_allocator(std::__new_allocator<LaserSensor> const&)
 .text._ZNSt16allocator_traitsISaI11LaserSensorEE10deallocateERS1_PS0_j
                0x08003d90       0x1e ./Core/Src/main.o
                0x08003d90                std::allocator_traits<std::allocator<LaserSensor> >::deallocate(std::allocator<LaserSensor>&, LaserSensor*, unsigned int)
 .text._ZNSaImEC2IbEERKSaIT_E
                0x08003dae       0x1a ./Core/Src/main.o
                0x08003dae                std::allocator<unsigned long>::allocator<bool>(std::allocator<bool> const&)
                0x08003dae                std::allocator<unsigned long>::allocator<bool>(std::allocator<bool> const&)
 .text._ZNSaImED2Ev
                0x08003dc8       0x18 ./Core/Src/main.o
                0x08003dc8                std::allocator<unsigned long>::~allocator()
                0x08003dc8                std::allocator<unsigned long>::~allocator()
 .text._ZNSt13_Bvector_baseISaIbEE13_Bvector_implC2ERKSaImE
                0x08003de0       0x24 ./Core/Src/main.o
                0x08003de0                std::_Bvector_base<std::allocator<bool> >::_Bvector_impl::_Bvector_impl(std::allocator<unsigned long> const&)
                0x08003de0                std::_Bvector_base<std::allocator<bool> >::_Bvector_impl::_Bvector_impl(std::allocator<unsigned long> const&)
 .text._ZNSt13_Bvector_baseISaIbEE13_M_deallocateEv
                0x08003e04       0x4a ./Core/Src/main.o
                0x08003e04                std::_Bvector_base<std::allocator<bool> >::_M_deallocate()
 .text._ZNKSt16initializer_listIbE4sizeEv
                0x08003e4e       0x18 ./Core/Src/main.o
                0x08003e4e                std::initializer_list<bool>::size() const
 .text._ZSt8distanceIPKbENSt15iterator_traitsIT_E15difference_typeES3_S3_
                0x08003e66       0x28 ./Core/Src/main.o
                0x08003e66                std::iterator_traits<bool const*>::difference_type std::distance<bool const*>(bool const*, bool const*)
 .text._ZNSt6vectorIbSaIbEE13_M_initializeEj
                0x08003e8e       0x78 ./Core/Src/main.o
                0x08003e8e                std::vector<bool, std::allocator<bool> >::_M_initialize(unsigned int)
 .text._ZSt4copyIPKbSt13_Bit_iteratorET0_T_S4_S3_
                0x08003f06       0x3e ./Core/Src/main.o
                0x08003f06                std::_Bit_iterator std::copy<bool const*, std::_Bit_iterator>(bool const*, bool const*, std::_Bit_iterator)
 .text._ZNSaIiEC2ERKS_
                0x08003f44       0x1c ./Core/Src/main.o
                0x08003f44                std::allocator<int>::allocator(std::allocator<int> const&)
                0x08003f44                std::allocator<int>::allocator(std::allocator<int> const&)
 .text._ZNSt12_Vector_baseIiSaIiEE17_Vector_impl_dataC2Ev
                0x08003f60       0x28 ./Core/Src/main.o
                0x08003f60                std::_Vector_base<int, std::allocator<int> >::_Vector_impl_data::_Vector_impl_data()
                0x08003f60                std::_Vector_base<int, std::allocator<int> >::_Vector_impl_data::_Vector_impl_data()
 .text._ZNSt16allocator_traitsISaIiEE10deallocateERS0_Pij
                0x08003f88       0x1e ./Core/Src/main.o
                0x08003f88                std::allocator_traits<std::allocator<int> >::deallocate(std::allocator<int>&, int*, unsigned int)
 .text._ZSt19__iterator_categoryIPKiENSt15iterator_traitsIT_E17iterator_categoryERKS3_
                0x08003fa6       0x16 ./Core/Src/main.o
                0x08003fa6                std::iterator_traits<int const*>::iterator_category std::__iterator_category<int const*>(int const* const&)
 .text._ZSt10__distanceIPKiENSt15iterator_traitsIT_E15difference_typeES3_S3_St26random_access_iterator_tag
                0x08003fbc       0x20 ./Core/Src/main.o
                0x08003fbc                std::iterator_traits<int const*>::difference_type std::__distance<int const*>(int const*, int const*, std::random_access_iterator_tag)
 .text._ZNSt6vectorIiSaIiEE11_S_max_sizeERKS0_
                0x08003fdc       0x34 ./Core/Src/main.o
                0x08003fdc                std::vector<int, std::allocator<int> >::_S_max_size(std::allocator<int> const&)
 .text._ZNSt16allocator_traitsISaIiEE8allocateERS0_j
                0x08004010       0x1e ./Core/Src/main.o
                0x08004010                std::allocator_traits<std::allocator<int> >::allocate(std::allocator<int>&, unsigned int)
 .text._ZSt18uninitialized_copyIPKiPiET0_T_S4_S3_
                0x0800402e       0x28 ./Core/Src/main.o
                0x0800402e                int* std::uninitialized_copy<int const*, int*>(int const*, int const*, int*)
 .text._ZNSt12_Destroy_auxILb1EE9__destroyIPiEEvT_S3_
                0x08004056       0x16 ./Core/Src/main.o
                0x08004056                void std::_Destroy_aux<true>::__destroy<int*>(int*, int*)
 .text._ZNSt12_Vector_baseI11LaserSensorSaIS0_EE17_Vector_impl_dataC2Ev
                0x0800406c       0x28 ./Core/Src/main.o
                0x0800406c                std::_Vector_base<LaserSensor, std::allocator<LaserSensor> >::_Vector_impl_data::_Vector_impl_data()
                0x0800406c                std::_Vector_base<LaserSensor, std::allocator<LaserSensor> >::_Vector_impl_data::_Vector_impl_data()
 .text._ZSt19__iterator_categoryIPK11LaserSensorENSt15iterator_traitsIT_E17iterator_categoryERKS4_
                0x08004094       0x16 ./Core/Src/main.o
                0x08004094                std::iterator_traits<LaserSensor const*>::iterator_category std::__iterator_category<LaserSensor const*>(LaserSensor const* const&)
 *fill*         0x080040aa        0x2 
 .text._ZSt10__distanceIPK11LaserSensorENSt15iterator_traitsIT_E15difference_typeES4_S4_St26random_access_iterator_tag
                0x080040ac       0x2c ./Core/Src/main.o
                0x080040ac                std::iterator_traits<LaserSensor const*>::difference_type std::__distance<LaserSensor const*>(LaserSensor const*, LaserSensor const*, std::random_access_iterator_tag)
 .text._ZNSt6vectorI11LaserSensorSaIS0_EE11_S_max_sizeERKS1_
                0x080040d8       0x38 ./Core/Src/main.o
                0x080040d8                std::vector<LaserSensor, std::allocator<LaserSensor> >::_S_max_size(std::allocator<LaserSensor> const&)
 .text._ZNSt16allocator_traitsISaI11LaserSensorEE8allocateERS1_j
                0x08004110       0x1e ./Core/Src/main.o
                0x08004110                std::allocator_traits<std::allocator<LaserSensor> >::allocate(std::allocator<LaserSensor>&, unsigned int)
 .text._ZSt18uninitialized_copyIPK11LaserSensorPS0_ET0_T_S5_S4_
                0x0800412e       0x28 ./Core/Src/main.o
                0x0800412e                LaserSensor* std::uninitialized_copy<LaserSensor const*, LaserSensor*>(LaserSensor const*, LaserSensor const*, LaserSensor*)
 .text._ZNSt12_Destroy_auxILb0EE9__destroyIP11LaserSensorEEvT_S4_
                0x08004156       0x32 ./Core/Src/main.o
                0x08004156                void std::_Destroy_aux<false>::__destroy<LaserSensor*>(LaserSensor*, LaserSensor*)
 .text._ZNSt15__new_allocatorI11LaserSensorE10deallocateEPS0_j
                0x08004188       0x26 ./Core/Src/main.o
                0x08004188                std::__new_allocator<LaserSensor>::deallocate(LaserSensor*, unsigned int)
 .text._ZNSt15__new_allocatorImEC2Ev
                0x080041ae       0x16 ./Core/Src/main.o
                0x080041ae                std::__new_allocator<unsigned long>::__new_allocator()
                0x080041ae                std::__new_allocator<unsigned long>::__new_allocator()
 .text._ZNSt15__new_allocatorImED2Ev
                0x080041c4       0x16 ./Core/Src/main.o
                0x080041c4                std::__new_allocator<unsigned long>::~__new_allocator()
                0x080041c4                std::__new_allocator<unsigned long>::~__new_allocator()
 .text._ZNSaImEC2ERKS_
                0x080041da       0x1c ./Core/Src/main.o
                0x080041da                std::allocator<unsigned long>::allocator(std::allocator<unsigned long> const&)
                0x080041da                std::allocator<unsigned long>::allocator(std::allocator<unsigned long> const&)
 .text._ZNSt13_Bvector_baseISaIbEE18_Bvector_impl_dataC2Ev
                0x080041f6       0x2a ./Core/Src/main.o
                0x080041f6                std::_Bvector_base<std::allocator<bool> >::_Bvector_impl_data::_Bvector_impl_data()
                0x080041f6                std::_Bvector_base<std::allocator<bool> >::_Bvector_impl_data::_Bvector_impl_data()
 .text._ZNKSt13_Bvector_baseISaIbEE13_Bvector_impl11_M_end_addrEv
                0x08004220       0x2c ./Core/Src/main.o
                0x08004220                std::_Bvector_base<std::allocator<bool> >::_Bvector_impl::_M_end_addr() const
 .text._ZNSt16allocator_traitsISaImEE10deallocateERS0_Pmj
                0x0800424c       0x1e ./Core/Src/main.o
                0x0800424c                std::allocator_traits<std::allocator<unsigned long> >::deallocate(std::allocator<unsigned long>&, unsigned long*, unsigned int)
 .text._ZNSt13_Bvector_baseISaIbEE18_Bvector_impl_data8_M_resetEv
                0x0800426a       0x2a ./Core/Src/main.o
                0x0800426a                std::_Bvector_base<std::allocator<bool> >::_Bvector_impl_data::_M_reset()
 .text._ZSt19__iterator_categoryIPKbENSt15iterator_traitsIT_E17iterator_categoryERKS3_
                0x08004294       0x16 ./Core/Src/main.o
                0x08004294                std::iterator_traits<bool const*>::iterator_category std::__iterator_category<bool const*>(bool const* const&)
 .text._ZSt10__distanceIPKbENSt15iterator_traitsIT_E15difference_typeES3_S3_St26random_access_iterator_tag
                0x080042aa       0x1e ./Core/Src/main.o
                0x080042aa                std::iterator_traits<bool const*>::difference_type std::__distance<bool const*>(bool const*, bool const*, std::random_access_iterator_tag)
 .text._ZNSt13_Bvector_baseISaIbEE11_M_allocateEj
                0x080042c8       0x28 ./Core/Src/main.o
                0x080042c8                std::_Bvector_base<std::allocator<bool> >::_M_allocate(unsigned int)
 .text._ZNSt13_Bvector_baseISaIbEE8_S_nwordEj
                0x080042f0       0x1a ./Core/Src/main.o
                0x080042f0                std::_Bvector_base<std::allocator<bool> >::_S_nword(unsigned int)
 .text._ZSt11__addressofImEPT_RS0_
                0x0800430a       0x16 ./Core/Src/main.o
                0x0800430a                unsigned long* std::__addressof<unsigned long>(unsigned long&)
 .text._ZSt12__miter_baseIPKbET_S2_
                0x08004320       0x16 ./Core/Src/main.o
                0x08004320                bool const* std::__miter_base<bool const*>(bool const*)
 .text._ZSt13__copy_move_aILb0EPKbSt13_Bit_iteratorET1_T0_S4_S3_
                0x08004336       0x62 ./Core/Src/main.o
                0x08004336                std::_Bit_iterator std::__copy_move_a<false, bool const*, std::_Bit_iterator>(bool const*, bool const*, std::_Bit_iterator)
 .text._ZNSt15__new_allocatorIiEC2ERKS0_
                0x08004398       0x18 ./Core/Src/main.o
                0x08004398                std::__new_allocator<int>::__new_allocator(std::__new_allocator<int> const&)
                0x08004398                std::__new_allocator<int>::__new_allocator(std::__new_allocator<int> const&)
 .text._ZNSt15__new_allocatorIiE10deallocateEPij
                0x080043b0       0x20 ./Core/Src/main.o
                0x080043b0                std::__new_allocator<int>::deallocate(int*, unsigned int)
 .text._ZNSt16allocator_traitsISaIiEE8max_sizeERKS0_
                0x080043d0       0x18 ./Core/Src/main.o
                0x080043d0                std::allocator_traits<std::allocator<int> >::max_size(std::allocator<int> const&)
 .text._ZSt3minIjERKT_S2_S2_
                0x080043e8       0x28 ./Core/Src/main.o
                0x080043e8                unsigned int const& std::min<unsigned int>(unsigned int const&, unsigned int const&)
 .text._ZNSt15__new_allocatorIiE8allocateEjPKv
                0x08004410       0x52 ./Core/Src/main.o
                0x08004410                std::__new_allocator<int>::allocate(unsigned int, void const*)
 .text._ZNSt20__uninitialized_copyILb1EE13__uninit_copyIPKiPiEET0_T_S6_S5_
                0x08004462       0x20 ./Core/Src/main.o
                0x08004462                int* std::__uninitialized_copy<true>::__uninit_copy<int const*, int*>(int const*, int const*, int*)
 .text._ZNSt16allocator_traitsISaI11LaserSensorEE8max_sizeERKS1_
                0x08004482       0x18 ./Core/Src/main.o
                0x08004482                std::allocator_traits<std::allocator<LaserSensor> >::max_size(std::allocator<LaserSensor> const&)
 *fill*         0x0800449a        0x2 
 .text._ZNSt15__new_allocatorI11LaserSensorE8allocateEjPKv
                0x0800449c       0x5c ./Core/Src/main.o
                0x0800449c                std::__new_allocator<LaserSensor>::allocate(unsigned int, void const*)
 .text._ZNSt20__uninitialized_copyILb0EE13__uninit_copyIPK11LaserSensorPS2_EET0_T_S7_S6_
                0x080044f8       0x20 ./Core/Src/main.o
                0x080044f8                LaserSensor* std::__uninitialized_copy<false>::__uninit_copy<LaserSensor const*, LaserSensor*>(LaserSensor const*, LaserSensor const*, LaserSensor*)
 .text._ZSt11__addressofI11LaserSensorEPT_RS1_
                0x08004518       0x16 ./Core/Src/main.o
                0x08004518                LaserSensor* std::__addressof<LaserSensor>(LaserSensor&)
 .text._ZSt8_DestroyI11LaserSensorEvPT_
                0x0800452e       0x16 ./Core/Src/main.o
                0x0800452e                void std::_Destroy<LaserSensor>(LaserSensor*)
 .text._ZNSt15__new_allocatorImEC2ERKS0_
                0x08004544       0x18 ./Core/Src/main.o
                0x08004544                std::__new_allocator<unsigned long>::__new_allocator(std::__new_allocator<unsigned long> const&)
                0x08004544                std::__new_allocator<unsigned long>::__new_allocator(std::__new_allocator<unsigned long> const&)
 .text._ZNSt15__new_allocatorImE10deallocateEPmj
                0x0800455c       0x20 ./Core/Src/main.o
                0x0800455c                std::__new_allocator<unsigned long>::deallocate(unsigned long*, unsigned int)
 .text._ZNSt16allocator_traitsISaImEE8allocateERS0_j
                0x0800457c       0x1e ./Core/Src/main.o
                0x0800457c                std::allocator_traits<std::allocator<unsigned long> >::allocate(std::allocator<unsigned long>&, unsigned int)
 .text._ZSt12__niter_baseIPKbET_S2_
                0x0800459a       0x16 ./Core/Src/main.o
                0x0800459a                bool const* std::__niter_base<bool const*>(bool const*)
 .text._ZSt12__niter_baseISt13_Bit_iteratorET_S1_
                0x080045b0       0x28 ./Core/Src/main.o
                0x080045b0                std::_Bit_iterator std::__niter_base<std::_Bit_iterator>(std::_Bit_iterator)
 .text._ZSt14__copy_move_a1ILb0EPKbSt13_Bit_iteratorET1_T0_S4_S3_
                0x080045d8       0x30 ./Core/Src/main.o
                0x080045d8                std::_Bit_iterator std::__copy_move_a1<false, bool const*, std::_Bit_iterator>(bool const*, bool const*, std::_Bit_iterator)
 .text._ZSt12__niter_wrapISt13_Bit_iteratorET_RKS1_S1_
                0x08004608       0x2a ./Core/Src/main.o
                0x08004608                std::_Bit_iterator std::__niter_wrap<std::_Bit_iterator>(std::_Bit_iterator const&, std::_Bit_iterator)
 .text._ZNKSt15__new_allocatorIiE8max_sizeEv
                0x08004632       0x18 ./Core/Src/main.o
                0x08004632                std::__new_allocator<int>::max_size() const
 .text._ZNKSt15__new_allocatorIiE11_M_max_sizeEv
                0x0800464a       0x18 ./Core/Src/main.o
                0x0800464a                std::__new_allocator<int>::_M_max_size() const
 .text._ZSt4copyIPKiPiET0_T_S4_S3_
                0x08004662       0x30 ./Core/Src/main.o
                0x08004662                int* std::copy<int const*, int*>(int const*, int const*, int*)
 .text._ZNKSt15__new_allocatorI11LaserSensorE8max_sizeEv
                0x08004692       0x18 ./Core/Src/main.o
                0x08004692                std::__new_allocator<LaserSensor>::max_size() const
 *fill*         0x080046aa        0x2 
 .text._ZNKSt15__new_allocatorI11LaserSensorE11_M_max_sizeEv
                0x080046ac       0x1c ./Core/Src/main.o
                0x080046ac                std::__new_allocator<LaserSensor>::_M_max_size() const
 .text._ZSt16__do_uninit_copyIPK11LaserSensorPS0_ET0_T_S5_S4_
                0x080046c8       0x40 ./Core/Src/main.o
                0x080046c8                LaserSensor* std::__do_uninit_copy<LaserSensor const*, LaserSensor*>(LaserSensor const*, LaserSensor const*, LaserSensor*)
 .text._ZNSt15__new_allocatorImE8allocateEjPKv
                0x08004708       0x52 ./Core/Src/main.o
                0x08004708                std::__new_allocator<unsigned long>::allocate(unsigned int, void const*)
 .text._ZSt14__copy_move_a2ILb0EPKbSt13_Bit_iteratorET1_T0_S4_S3_
                0x0800475a       0x30 ./Core/Src/main.o
                0x0800475a                std::_Bit_iterator std::__copy_move_a2<false, bool const*, std::_Bit_iterator>(bool const*, bool const*, std::_Bit_iterator)
 .text._ZSt12__miter_baseIPKiET_S2_
                0x0800478a       0x16 ./Core/Src/main.o
                0x0800478a                int const* std::__miter_base<int const*>(int const*)
 .text._ZSt13__copy_move_aILb0EPKiPiET1_T0_S4_S3_
                0x080047a0       0x46 ./Core/Src/main.o
                0x080047a0                int* std::__copy_move_a<false, int const*, int*>(int const*, int const*, int*)
 .text._ZSt10_ConstructI11LaserSensorJRKS0_EEvPT_DpOT0_
                0x080047e6       0x34 ./Core/Src/main.o
                0x080047e6                void std::_Construct<LaserSensor, LaserSensor const&>(LaserSensor*, LaserSensor const&)
 .text._ZNKSt15__new_allocatorImE11_M_max_sizeEv
                0x0800481a       0x18 ./Core/Src/main.o
                0x0800481a                std::__new_allocator<unsigned long>::_M_max_size() const
 .text._ZNSt11__copy_moveILb0ELb0ESt26random_access_iterator_tagE8__copy_mIPKbSt13_Bit_iteratorEET0_T_S7_S6_
                0x08004832       0x74 ./Core/Src/main.o
                0x08004832                std::_Bit_iterator std::__copy_move<false, false, std::random_access_iterator_tag>::__copy_m<bool const*, std::_Bit_iterator>(bool const*, bool const*, std::_Bit_iterator)
 .text._ZSt12__niter_baseIPKiET_S2_
                0x080048a6       0x16 ./Core/Src/main.o
                0x080048a6                int const* std::__niter_base<int const*>(int const*)
 .text._ZSt12__niter_baseIPiET_S1_
                0x080048bc       0x16 ./Core/Src/main.o
                0x080048bc                int* std::__niter_base<int*>(int*)
 .text._ZSt14__copy_move_a1ILb0EPKiPiET1_T0_S4_S3_
                0x080048d2       0x20 ./Core/Src/main.o
                0x080048d2                int* std::__copy_move_a1<false, int const*, int*>(int const*, int const*, int*)
 .text._ZSt12__niter_wrapIPiET_RKS1_S1_
                0x080048f2       0x18 ./Core/Src/main.o
                0x080048f2                int* std::__niter_wrap<int*>(int* const&, int*)
 .text._ZSt7forwardIRK11LaserSensorEOT_RNSt16remove_referenceIS3_E4typeE
                0x0800490a       0x16 ./Core/Src/main.o
                0x0800490a                LaserSensor const& std::forward<LaserSensor const&>(std::remove_reference<LaserSensor const&>::type&)
 .text._ZSt14__copy_move_a2ILb0EPKiPiET1_T0_S4_S3_
                0x08004920       0x20 ./Core/Src/main.o
                0x08004920                int* std::__copy_move_a2<false, int const*, int*>(int const*, int const*, int*)
 .text._ZNSt11__copy_moveILb0ELb1ESt26random_access_iterator_tagE8__copy_mIiEEPT_PKS3_S6_S4_
                0x08004940       0x3a ./Core/Src/main.o
                0x08004940                int* std::__copy_move<false, true, std::random_access_iterator_tag>::__copy_m<int>(int const*, int const*, int*)
 .text._ZN14ReservoirStateD2Ev
                0x0800497a       0x1a ./Core/Src/main.o
                0x0800497a                ReservoirState::~ReservoirState()
                0x0800497a                ReservoirState::~ReservoirState()
 .text._ZN11SystemStateD2Ev
                0x08004994       0x1c ./Core/Src/main.o
                0x08004994                SystemState::~SystemState()
                0x08004994                SystemState::~SystemState()
 .text._Z41__static_initialization_and_destruction_0ii
                0x080049b0      0x298 ./Core/Src/main.o
 .text._GLOBAL__sub_I_hfdcan1
                0x08004c48       0x10 ./Core/Src/main.o
 .text._GLOBAL__sub_D_hfdcan1
                0x08004c58       0x10 ./Core/Src/main.o
 .text._Z16VL53L4CD_RdDWordttPm
                0x08004c68       0x78 ./Core/Src/platform.o
                0x08004c68                VL53L4CD_RdDWord(unsigned short, unsigned short, unsigned long*)
 .text._Z15VL53L4CD_RdWordttPt
                0x08004ce0       0x74 ./Core/Src/platform.o
                0x08004ce0                VL53L4CD_RdWord(unsigned short, unsigned short, unsigned short*)
 .text._Z15VL53L4CD_RdBytettPh
                0x08004d54       0x64 ./Core/Src/platform.o
                0x08004d54                VL53L4CD_RdByte(unsigned short, unsigned short, unsigned char*)
 .text._Z15VL53L4CD_WrBytetth
                0x08004db8       0x50 ./Core/Src/platform.o
                0x08004db8                VL53L4CD_WrByte(unsigned short, unsigned short, unsigned char)
 .text._Z15VL53L4CD_WrWordttt
                0x08004e08       0x5c ./Core/Src/platform.o
                0x08004e08                VL53L4CD_WrWord(unsigned short, unsigned short, unsigned short)
 .text._Z16VL53L4CD_WrDWordttm
                0x08004e64       0x68 ./Core/Src/platform.o
                0x08004e64                VL53L4CD_WrDWord(unsigned short, unsigned short, unsigned long)
 .text._Z6WaitMstm
                0x08004ecc       0x1c ./Core/Src/platform.o
                0x08004ecc                WaitMs(unsigned short, unsigned long)
 .text.HAL_MspInit
                0x08004ee8       0x48 ./Core/Src/stm32g4xx_hal_msp.o
                0x08004ee8                HAL_MspInit
 .text.HAL_FDCAN_MspInit
                0x08004f30       0xb4 ./Core/Src/stm32g4xx_hal_msp.o
                0x08004f30                HAL_FDCAN_MspInit
 .text.HAL_I2C_MspInit
                0x08004fe4       0xec ./Core/Src/stm32g4xx_hal_msp.o
                0x08004fe4                HAL_I2C_MspInit
 .text.HAL_TIM_Base_MspInit
                0x080050d0       0x48 ./Core/Src/stm32g4xx_hal_msp.o
                0x080050d0                HAL_TIM_Base_MspInit
 .text.HAL_UART_MspInit
                0x08005118      0x130 ./Core/Src/stm32g4xx_hal_msp.o
                0x08005118                HAL_UART_MspInit
 .text.NMI_Handler
                0x08005248        0x8 ./Core/Src/stm32g4xx_it.o
                0x08005248                NMI_Handler
 .text.HardFault_Handler
                0x08005250        0x8 ./Core/Src/stm32g4xx_it.o
                0x08005250                HardFault_Handler
 .text.MemManage_Handler
                0x08005258        0x8 ./Core/Src/stm32g4xx_it.o
                0x08005258                MemManage_Handler
 .text.BusFault_Handler
                0x08005260        0x8 ./Core/Src/stm32g4xx_it.o
                0x08005260                BusFault_Handler
 .text.UsageFault_Handler
                0x08005268        0x8 ./Core/Src/stm32g4xx_it.o
                0x08005268                UsageFault_Handler
 .text.SVC_Handler
                0x08005270        0xe ./Core/Src/stm32g4xx_it.o
                0x08005270                SVC_Handler
 .text.DebugMon_Handler
                0x0800527e        0xe ./Core/Src/stm32g4xx_it.o
                0x0800527e                DebugMon_Handler
 .text.PendSV_Handler
                0x0800528c        0xe ./Core/Src/stm32g4xx_it.o
                0x0800528c                PendSV_Handler
 .text.SysTick_Handler
                0x0800529a        0xc ./Core/Src/stm32g4xx_it.o
                0x0800529a                SysTick_Handler
 *fill*         0x080052a6        0x2 
 .text.TIM2_IRQHandler
                0x080052a8       0x14 ./Core/Src/stm32g4xx_it.o
                0x080052a8                TIM2_IRQHandler
 .text._getpid  0x080052bc       0x10 ./Core/Src/syscalls.o
                0x080052bc                _getpid
 .text._kill    0x080052cc       0x20 ./Core/Src/syscalls.o
                0x080052cc                _kill
 .text._exit    0x080052ec       0x16 ./Core/Src/syscalls.o
                0x080052ec                _exit
 .text._read    0x08005302       0x3a ./Core/Src/syscalls.o
                0x08005302                _read
 .text._close   0x0800533c       0x18 ./Core/Src/syscalls.o
                0x0800533c                _close
 .text._fstat   0x08005354       0x20 ./Core/Src/syscalls.o
                0x08005354                _fstat
 .text._isatty  0x08005374       0x16 ./Core/Src/syscalls.o
                0x08005374                _isatty
 .text._lseek   0x0800538a       0x1a ./Core/Src/syscalls.o
                0x0800538a                _lseek
 .text._sbrk    0x080053a4       0x6c ./Core/Src/sysmem.o
                0x080053a4                _sbrk
 .text.SystemInit
                0x08005410       0x24 ./Core/Src/system_stm32g4xx.o
                0x08005410                SystemInit
 .text.Reset_Handler
                0x08005434       0x50 ./Core/Startup/startup_stm32g431kbtx.o
                0x08005434                Reset_Handler
 .text.Default_Handler
                0x08005484        0x2 ./Core/Startup/startup_stm32g431kbtx.o
                0x08005484                RTC_Alarm_IRQHandler
                0x08005484                EXTI2_IRQHandler
                0x08005484                TIM8_TRG_COM_IRQHandler
                0x08005484                TIM8_CC_IRQHandler
                0x08005484                TIM1_CC_IRQHandler
                0x08005484                USB_HP_IRQHandler
                0x08005484                CORDIC_IRQHandler
                0x08005484                EXTI3_IRQHandler
                0x08005484                I2C3_ER_IRQHandler
                0x08005484                EXTI0_IRQHandler
                0x08005484                I2C2_EV_IRQHandler
                0x08005484                FPU_IRQHandler
                0x08005484                FDCAN1_IT1_IRQHandler
                0x08005484                TIM1_UP_TIM16_IRQHandler
                0x08005484                ADC1_2_IRQHandler
                0x08005484                SPI1_IRQHandler
                0x08005484                TIM6_DAC_IRQHandler
                0x08005484                TIM8_UP_IRQHandler
                0x08005484                DMA2_Channel2_IRQHandler
                0x08005484                DMA1_Channel4_IRQHandler
                0x08005484                USART3_IRQHandler
                0x08005484                TIM4_IRQHandler
                0x08005484                DMA2_Channel1_IRQHandler
                0x08005484                I2C1_EV_IRQHandler
                0x08005484                DMA1_Channel6_IRQHandler
                0x08005484                UART4_IRQHandler
                0x08005484                DMA2_Channel4_IRQHandler
                0x08005484                TIM3_IRQHandler
                0x08005484                RCC_IRQHandler
                0x08005484                DMA1_Channel1_IRQHandler
                0x08005484                Default_Handler
                0x08005484                RTC_TAMP_LSECSS_IRQHandler
                0x08005484                FMAC_IRQHandler
                0x08005484                EXTI15_10_IRQHandler
                0x08005484                TIM7_IRQHandler
                0x08005484                UCPD1_IRQHandler
                0x08005484                I2C3_EV_IRQHandler
                0x08005484                EXTI9_5_IRQHandler
                0x08005484                RTC_WKUP_IRQHandler
                0x08005484                PVD_PVM_IRQHandler
                0x08005484                SPI2_IRQHandler
                0x08005484                DMA2_Channel5_IRQHandler
                0x08005484                CRS_IRQHandler
                0x08005484                DMA1_Channel5_IRQHandler
                0x08005484                USB_LP_IRQHandler
                0x08005484                EXTI4_IRQHandler
                0x08005484                RNG_IRQHandler
                0x08005484                TIM1_TRG_COM_TIM17_IRQHandler
                0x08005484                DMA1_Channel3_IRQHandler
                0x08005484                WWDG_IRQHandler
                0x08005484                LPUART1_IRQHandler
                0x08005484                DMA2_Channel6_IRQHandler
                0x08005484                FDCAN1_IT0_IRQHandler
                0x08005484                COMP1_2_3_IRQHandler
                0x08005484                EXTI1_IRQHandler
                0x08005484                USART2_IRQHandler
                0x08005484                I2C2_ER_IRQHandler
                0x08005484                DMA1_Channel2_IRQHandler
                0x08005484                TIM8_BRK_IRQHandler
                0x08005484                FLASH_IRQHandler
                0x08005484                USART1_IRQHandler
                0x08005484                SPI3_IRQHandler
                0x08005484                I2C1_ER_IRQHandler
                0x08005484                LPTIM1_IRQHandler
                0x08005484                DMAMUX_OVR_IRQHandler
                0x08005484                USBWakeUp_IRQHandler
                0x08005484                SAI1_IRQHandler
                0x08005484                DMA2_Channel3_IRQHandler
                0x08005484                COMP4_IRQHandler
                0x08005484                TIM1_BRK_TIM15_IRQHandler
 .text.HAL_Init
                0x08005486       0x30 ./Drivers/STM32G4xx_HAL_Driver/Src/stm32g4xx_hal.o
                0x08005486                HAL_Init
 *fill*         0x080054b6        0x2 
 .text.HAL_InitTick
                0x080054b8       0x74 ./Drivers/STM32G4xx_HAL_Driver/Src/stm32g4xx_hal.o
                0x080054b8                HAL_InitTick
 .text.HAL_IncTick
                0x0800552c       0x24 ./Drivers/STM32G4xx_HAL_Driver/Src/stm32g4xx_hal.o
                0x0800552c                HAL_IncTick
 .text.HAL_GetTick
                0x08005550       0x18 ./Drivers/STM32G4xx_HAL_Driver/Src/stm32g4xx_hal.o
                0x08005550                HAL_GetTick
 .text.HAL_Delay
                0x08005568       0x44 ./Drivers/STM32G4xx_HAL_Driver/Src/stm32g4xx_hal.o
                0x08005568                HAL_Delay
 .text.__NVIC_SetPriorityGrouping
                0x080055ac       0x48 ./Drivers/STM32G4xx_HAL_Driver/Src/stm32g4xx_hal_cortex.o
 .text.__NVIC_GetPriorityGrouping
                0x080055f4       0x1c ./Drivers/STM32G4xx_HAL_Driver/Src/stm32g4xx_hal_cortex.o
 .text.__NVIC_EnableIRQ
                0x08005610       0x3c ./Drivers/STM32G4xx_HAL_Driver/Src/stm32g4xx_hal_cortex.o
 .text.__NVIC_SetPriority
                0x0800564c       0x54 ./Drivers/STM32G4xx_HAL_Driver/Src/stm32g4xx_hal_cortex.o
 .text.NVIC_EncodePriority
                0x080056a0       0x66 ./Drivers/STM32G4xx_HAL_Driver/Src/stm32g4xx_hal_cortex.o
 *fill*         0x08005706        0x2 
 .text.SysTick_Config
                0x08005708       0x44 ./Drivers/STM32G4xx_HAL_Driver/Src/stm32g4xx_hal_cortex.o
 .text.HAL_NVIC_SetPriorityGrouping
                0x0800574c       0x16 ./Drivers/STM32G4xx_HAL_Driver/Src/stm32g4xx_hal_cortex.o
                0x0800574c                HAL_NVIC_SetPriorityGrouping
 .text.HAL_NVIC_SetPriority
                0x08005762       0x34 ./Drivers/STM32G4xx_HAL_Driver/Src/stm32g4xx_hal_cortex.o
                0x08005762                HAL_NVIC_SetPriority
 .text.HAL_NVIC_EnableIRQ
                0x08005796       0x1c ./Drivers/STM32G4xx_HAL_Driver/Src/stm32g4xx_hal_cortex.o
                0x08005796                HAL_NVIC_EnableIRQ
 .text.HAL_SYSTICK_Config
                0x080057b2       0x18 ./Drivers/STM32G4xx_HAL_Driver/Src/stm32g4xx_hal_cortex.o
                0x080057b2                HAL_SYSTICK_Config
 *fill*         0x080057ca        0x2 
 .text.HAL_FDCAN_Init
                0x080057cc      0x2b4 ./Drivers/STM32G4xx_HAL_Driver/Src/stm32g4xx_hal_fdcan.o
                0x080057cc                HAL_FDCAN_Init
 .text.HAL_FDCAN_Start
                0x08005a80       0x50 ./Drivers/STM32G4xx_HAL_Driver/Src/stm32g4xx_hal_fdcan.o
                0x08005a80                HAL_FDCAN_Start
 .text.HAL_FDCAN_ActivateNotification
                0x08005ad0      0x1cc ./Drivers/STM32G4xx_HAL_Driver/Src/stm32g4xx_hal_fdcan.o
                0x08005ad0                HAL_FDCAN_ActivateNotification
 .text.FDCAN_CalcultateRamBlockAddresses
                0x08005c9c       0xac ./Drivers/STM32G4xx_HAL_Driver/Src/stm32g4xx_hal_fdcan.o
 .text.HAL_GPIO_Init
                0x08005d48      0x304 ./Drivers/STM32G4xx_HAL_Driver/Src/stm32g4xx_hal_gpio.o
                0x08005d48                HAL_GPIO_Init
 .text.HAL_GPIO_ReadPin
                0x0800604c       0x30 ./Drivers/STM32G4xx_HAL_Driver/Src/stm32g4xx_hal_gpio.o
                0x0800604c                HAL_GPIO_ReadPin
 .text.HAL_GPIO_WritePin
                0x0800607c       0x30 ./Drivers/STM32G4xx_HAL_Driver/Src/stm32g4xx_hal_gpio.o
                0x0800607c                HAL_GPIO_WritePin
 .text.HAL_I2C_Init
                0x080060ac      0x136 ./Drivers/STM32G4xx_HAL_Driver/Src/stm32g4xx_hal_i2c.o
                0x080060ac                HAL_I2C_Init
 *fill*         0x080061e2        0x2 
 .text.HAL_I2C_Master_Transmit
                0x080061e4      0x230 ./Drivers/STM32G4xx_HAL_Driver/Src/stm32g4xx_hal_i2c.o
                0x080061e4                HAL_I2C_Master_Transmit
 .text.HAL_I2C_Master_Receive
                0x08006414      0x1ec ./Drivers/STM32G4xx_HAL_Driver/Src/stm32g4xx_hal_i2c.o
                0x08006414                HAL_I2C_Master_Receive
 .text.I2C_Flush_TXDR
                0x08006600       0x48 ./Drivers/STM32G4xx_HAL_Driver/Src/stm32g4xx_hal_i2c.o
 .text.I2C_WaitOnFlagUntilTimeout
                0x08006648       0xb2 ./Drivers/STM32G4xx_HAL_Driver/Src/stm32g4xx_hal_i2c.o
 .text.I2C_WaitOnTXISFlagUntilTimeout
                0x080066fa       0x8e ./Drivers/STM32G4xx_HAL_Driver/Src/stm32g4xx_hal_i2c.o
 .text.I2C_WaitOnSTOPFlagUntilTimeout
                0x08006788       0x86 ./Drivers/STM32G4xx_HAL_Driver/Src/stm32g4xx_hal_i2c.o
 *fill*         0x0800680e        0x2 
 .text.I2C_WaitOnRXNEFlagUntilTimeout
                0x08006810      0x118 ./Drivers/STM32G4xx_HAL_Driver/Src/stm32g4xx_hal_i2c.o
 .text.I2C_IsErrorOccurred
                0x08006928      0x1c0 ./Drivers/STM32G4xx_HAL_Driver/Src/stm32g4xx_hal_i2c.o
 .text.I2C_TransferConfig
                0x08006ae8       0x64 ./Drivers/STM32G4xx_HAL_Driver/Src/stm32g4xx_hal_i2c.o
 .text.HAL_I2CEx_ConfigAnalogFilter
                0x08006b4c       0x96 ./Drivers/STM32G4xx_HAL_Driver/Src/stm32g4xx_hal_i2c_ex.o
                0x08006b4c                HAL_I2CEx_ConfigAnalogFilter
 .text.HAL_I2CEx_ConfigDigitalFilter
                0x08006be2       0x98 ./Drivers/STM32G4xx_HAL_Driver/Src/stm32g4xx_hal_i2c_ex.o
                0x08006be2                HAL_I2CEx_ConfigDigitalFilter
 *fill*         0x08006c7a        0x2 
 .text.HAL_PWREx_ControlVoltageScaling
                0x08006c7c      0x148 ./Drivers/STM32G4xx_HAL_Driver/Src/stm32g4xx_hal_pwr_ex.o
                0x08006c7c                HAL_PWREx_ControlVoltageScaling
 .text.HAL_PWREx_DisableUCPDDeadBattery
                0x08006dc4       0x20 ./Drivers/STM32G4xx_HAL_Driver/Src/stm32g4xx_hal_pwr_ex.o
                0x08006dc4                HAL_PWREx_DisableUCPDDeadBattery
 .text.HAL_RCC_OscConfig
                0x08006de4      0x624 ./Drivers/STM32G4xx_HAL_Driver/Src/stm32g4xx_hal_rcc.o
                0x08006de4                HAL_RCC_OscConfig
 .text.HAL_RCC_ClockConfig
                0x08007408      0x278 ./Drivers/STM32G4xx_HAL_Driver/Src/stm32g4xx_hal_rcc.o
                0x08007408                HAL_RCC_ClockConfig
 .text.HAL_RCC_GetSysClockFreq
                0x08007680       0xc4 ./Drivers/STM32G4xx_HAL_Driver/Src/stm32g4xx_hal_rcc.o
                0x08007680                HAL_RCC_GetSysClockFreq
 .text.HAL_RCC_GetHCLKFreq
                0x08007744       0x18 ./Drivers/STM32G4xx_HAL_Driver/Src/stm32g4xx_hal_rcc.o
                0x08007744                HAL_RCC_GetHCLKFreq
 .text.HAL_RCC_GetPCLK1Freq
                0x0800775c       0x2c ./Drivers/STM32G4xx_HAL_Driver/Src/stm32g4xx_hal_rcc.o
                0x0800775c                HAL_RCC_GetPCLK1Freq
 .text.HAL_RCC_GetPCLK2Freq
                0x08007788       0x2c ./Drivers/STM32G4xx_HAL_Driver/Src/stm32g4xx_hal_rcc.o
                0x08007788                HAL_RCC_GetPCLK2Freq
 .text.RCC_GetSysClockFreqFromPLLSource
                0x080077b4       0x8c ./Drivers/STM32G4xx_HAL_Driver/Src/stm32g4xx_hal_rcc.o
 .text.HAL_RCCEx_PeriphCLKConfig
                0x08007840      0x3e0 ./Drivers/STM32G4xx_HAL_Driver/Src/stm32g4xx_hal_rcc_ex.o
                0x08007840                HAL_RCCEx_PeriphCLKConfig
 .text.HAL_TIM_Base_Init
                0x08007c20       0xae ./Drivers/STM32G4xx_HAL_Driver/Src/stm32g4xx_hal_tim.o
                0x08007c20                HAL_TIM_Base_Init
 *fill*         0x08007cce        0x2 
 .text.HAL_TIM_Base_Start_IT
                0x08007cd0       0xd4 ./Drivers/STM32G4xx_HAL_Driver/Src/stm32g4xx_hal_tim.o
                0x08007cd0                HAL_TIM_Base_Start_IT
 .text.HAL_TIM_IRQHandler
                0x08007da4      0x29e ./Drivers/STM32G4xx_HAL_Driver/Src/stm32g4xx_hal_tim.o
                0x08007da4                HAL_TIM_IRQHandler
 *fill*         0x08008042        0x2 
 .text.HAL_TIM_ConfigClockSource
                0x08008044      0x1f4 ./Drivers/STM32G4xx_HAL_Driver/Src/stm32g4xx_hal_tim.o
                0x08008044                HAL_TIM_ConfigClockSource
 .text.HAL_TIM_OC_DelayElapsedCallback
                0x08008238       0x14 ./Drivers/STM32G4xx_HAL_Driver/Src/stm32g4xx_hal_tim.o
                0x08008238                HAL_TIM_OC_DelayElapsedCallback
 .text.HAL_TIM_IC_CaptureCallback
                0x0800824c       0x14 ./Drivers/STM32G4xx_HAL_Driver/Src/stm32g4xx_hal_tim.o
                0x0800824c                HAL_TIM_IC_CaptureCallback
 .text.HAL_TIM_PWM_PulseFinishedCallback
                0x08008260       0x14 ./Drivers/STM32G4xx_HAL_Driver/Src/stm32g4xx_hal_tim.o
                0x08008260                HAL_TIM_PWM_PulseFinishedCallback
 .text.HAL_TIM_TriggerCallback
                0x08008274       0x14 ./Drivers/STM32G4xx_HAL_Driver/Src/stm32g4xx_hal_tim.o
                0x08008274                HAL_TIM_TriggerCallback
 .text.TIM_Base_SetConfig
                0x08008288      0x138 ./Drivers/STM32G4xx_HAL_Driver/Src/stm32g4xx_hal_tim.o
                0x08008288                TIM_Base_SetConfig
 .text.TIM_TI1_ConfigInputStage
                0x080083c0       0x5e ./Drivers/STM32G4xx_HAL_Driver/Src/stm32g4xx_hal_tim.o
 .text.TIM_TI2_ConfigInputStage
                0x0800841e       0x60 ./Drivers/STM32G4xx_HAL_Driver/Src/stm32g4xx_hal_tim.o
 .text.TIM_ITRx_SetConfig
                0x0800847e       0x3a ./Drivers/STM32G4xx_HAL_Driver/Src/stm32g4xx_hal_tim.o
 .text.TIM_ETR_SetConfig
                0x080084b8       0x40 ./Drivers/STM32G4xx_HAL_Driver/Src/stm32g4xx_hal_tim.o
                0x080084b8                TIM_ETR_SetConfig
 .text.HAL_TIMEx_MasterConfigSynchronization
                0x080084f8      0x104 ./Drivers/STM32G4xx_HAL_Driver/Src/stm32g4xx_hal_tim_ex.o
                0x080084f8                HAL_TIMEx_MasterConfigSynchronization
 .text.HAL_TIMEx_CommutCallback
                0x080085fc       0x14 ./Drivers/STM32G4xx_HAL_Driver/Src/stm32g4xx_hal_tim_ex.o
                0x080085fc                HAL_TIMEx_CommutCallback
 .text.HAL_TIMEx_BreakCallback
                0x08008610       0x14 ./Drivers/STM32G4xx_HAL_Driver/Src/stm32g4xx_hal_tim_ex.o
                0x08008610                HAL_TIMEx_BreakCallback
 .text.HAL_TIMEx_Break2Callback
                0x08008624       0x14 ./Drivers/STM32G4xx_HAL_Driver/Src/stm32g4xx_hal_tim_ex.o
                0x08008624                HAL_TIMEx_Break2Callback
 .text.HAL_TIMEx_EncoderIndexCallback
                0x08008638       0x14 ./Drivers/STM32G4xx_HAL_Driver/Src/stm32g4xx_hal_tim_ex.o
                0x08008638                HAL_TIMEx_EncoderIndexCallback
 .text.HAL_TIMEx_DirectionChangeCallback
                0x0800864c       0x14 ./Drivers/STM32G4xx_HAL_Driver/Src/stm32g4xx_hal_tim_ex.o
                0x0800864c                HAL_TIMEx_DirectionChangeCallback
 .text.HAL_TIMEx_IndexErrorCallback
                0x08008660       0x14 ./Drivers/STM32G4xx_HAL_Driver/Src/stm32g4xx_hal_tim_ex.o
                0x08008660                HAL_TIMEx_IndexErrorCallback
 .text.HAL_TIMEx_TransitionErrorCallback
                0x08008674       0x14 ./Drivers/STM32G4xx_HAL_Driver/Src/stm32g4xx_hal_tim_ex.o
                0x08008674                HAL_TIMEx_TransitionErrorCallback
 .text.HAL_UART_Init
                0x08008688       0xa0 ./Drivers/STM32G4xx_HAL_Driver/Src/stm32g4xx_hal_uart.o
                0x08008688                HAL_UART_Init
 .text.HAL_HalfDuplex_Init
                0x08008728       0xb0 ./Drivers/STM32G4xx_HAL_Driver/Src/stm32g4xx_hal_uart.o
                0x08008728                HAL_HalfDuplex_Init
 .text.HAL_UART_Transmit
                0x080087d8      0x11c ./Drivers/STM32G4xx_HAL_Driver/Src/stm32g4xx_hal_uart.o
                0x080087d8                HAL_UART_Transmit
 .text.HAL_UART_Receive
                0x080088f4      0x190 ./Drivers/STM32G4xx_HAL_Driver/Src/stm32g4xx_hal_uart.o
                0x080088f4                HAL_UART_Receive
 .text.UART_SetConfig
                0x08008a84      0x598 ./Drivers/STM32G4xx_HAL_Driver/Src/stm32g4xx_hal_uart.o
                0x08008a84                UART_SetConfig
 .text.UART_AdvFeatureConfig
                0x0800901c      0x144 ./Drivers/STM32G4xx_HAL_Driver/Src/stm32g4xx_hal_uart.o
                0x0800901c                UART_AdvFeatureConfig
 .text.UART_CheckIdleState
                0x08009160      0x154 ./Drivers/STM32G4xx_HAL_Driver/Src/stm32g4xx_hal_uart.o
                0x08009160                UART_CheckIdleState
 .text.UART_WaitOnFlagUntilTimeout
                0x080092b4       0xda ./Drivers/STM32G4xx_HAL_Driver/Src/stm32g4xx_hal_uart.o
                0x080092b4                UART_WaitOnFlagUntilTimeout
 .text.UART_EndRxTransfer
                0x0800938e       0xcc ./Drivers/STM32G4xx_HAL_Driver/Src/stm32g4xx_hal_uart.o
 .text.HAL_UARTEx_EnableFifoMode
                0x0800945a       0x76 ./Drivers/STM32G4xx_HAL_Driver/Src/stm32g4xx_hal_uart_ex.o
                0x0800945a                HAL_UARTEx_EnableFifoMode
 .text.HAL_UARTEx_DisableFifoMode
                0x080094d0       0x72 ./Drivers/STM32G4xx_HAL_Driver/Src/stm32g4xx_hal_uart_ex.o
                0x080094d0                HAL_UARTEx_DisableFifoMode
 .text.HAL_UARTEx_SetTxFifoThreshold
                0x08009542       0x7c ./Drivers/STM32G4xx_HAL_Driver/Src/stm32g4xx_hal_uart_ex.o
                0x08009542                HAL_UARTEx_SetTxFifoThreshold
 .text.HAL_UARTEx_SetRxFifoThreshold
                0x080095be       0x7c ./Drivers/STM32G4xx_HAL_Driver/Src/stm32g4xx_hal_uart_ex.o
                0x080095be                HAL_UARTEx_SetRxFifoThreshold
 *fill*         0x0800963a        0x2 
 .text.UARTEx_SetNbDataToProcess
                0x0800963c       0x9c ./Drivers/STM32G4xx_HAL_Driver/Src/stm32g4xx_hal_uart_ex.o
 .text._ZdlPvj  0x080096d8        0x4 /home/andre/st/stm32cubeide_1.15.1/plugins/com.st.stm32cube.ide.mcu.externaltools.gnu-tools-for-stm32.12.3.rel1.linux64_1.0.100.202403111256/tools/bin/../lib/gcc/arm-none-eabi/12.3.1/../../../../arm-none-eabi/lib/thumb/v7e-m+fp/hard/libstdc++_nano.a(del_ops.o)
                0x080096d8                operator delete(void*, unsigned int)
 .text._Znwj    0x080096dc       0x22 /home/andre/st/stm32cubeide_1.15.1/plugins/com.st.stm32cube.ide.mcu.externaltools.gnu-tools-for-stm32.12.3.rel1.linux64_1.0.100.202403111256/tools/bin/../lib/gcc/arm-none-eabi/12.3.1/../../../../arm-none-eabi/lib/thumb/v7e-m+fp/hard/libstdc++_nano.a(new_op.o)
                0x080096dc                operator new(unsigned int)
 .text.unlikely._ZSt17__throw_bad_allocv
                0x080096fe        0x6 /home/andre/st/stm32cubeide_1.15.1/plugins/com.st.stm32cube.ide.mcu.externaltools.gnu-tools-for-stm32.12.3.rel1.linux64_1.0.100.202403111256/tools/bin/../lib/gcc/arm-none-eabi/12.3.1/../../../../arm-none-eabi/lib/thumb/v7e-m+fp/hard/libstdc++_nano.a(functexcept.o)
                0x080096fe                std::__throw_bad_alloc()
 .text.unlikely._ZSt28__throw_bad_array_new_lengthv
                0x08009704        0x6 /home/andre/st/stm32cubeide_1.15.1/plugins/com.st.stm32cube.ide.mcu.externaltools.gnu-tools-for-stm32.12.3.rel1.linux64_1.0.100.202403111256/tools/bin/../lib/gcc/arm-none-eabi/12.3.1/../../../../arm-none-eabi/lib/thumb/v7e-m+fp/hard/libstdc++_nano.a(functexcept.o)
                0x08009704                std::__throw_bad_array_new_length()
 .text.unlikely._ZSt20__throw_length_errorPKc
                0x0800970a        0x6 /home/andre/st/stm32cubeide_1.15.1/plugins/com.st.stm32cube.ide.mcu.externaltools.gnu-tools-for-stm32.12.3.rel1.linux64_1.0.100.202403111256/tools/bin/../lib/gcc/arm-none-eabi/12.3.1/../../../../arm-none-eabi/lib/thumb/v7e-m+fp/hard/libstdc++_nano.a(functexcept.o)
                0x0800970a                std::__throw_length_error(char const*)
 .text._ZNKSt7__cxx1112basic_stringIcSt11char_traitsIcESaIcEE11_M_is_localEv
                0x08009710        0xc /home/andre/st/stm32cubeide_1.15.1/plugins/com.st.stm32cube.ide.mcu.externaltools.gnu-tools-for-stm32.12.3.rel1.linux64_1.0.100.202403111256/tools/bin/../lib/gcc/arm-none-eabi/12.3.1/../../../../arm-none-eabi/lib/thumb/v7e-m+fp/hard/libstdc++_nano.a(string-inst.o)
                0x08009710                std::__cxx11::basic_string<char, std::char_traits<char>, std::allocator<char> >::_M_is_local() const
 .text._ZNSt7__cxx1112basic_stringIcSt11char_traitsIcESaIcEE10_M_disposeEv
                0x0800971c       0x16 /home/andre/st/stm32cubeide_1.15.1/plugins/com.st.stm32cube.ide.mcu.externaltools.gnu-tools-for-stm32.12.3.rel1.linux64_1.0.100.202403111256/tools/bin/../lib/gcc/arm-none-eabi/12.3.1/../../../../arm-none-eabi/lib/thumb/v7e-m+fp/hard/libstdc++_nano.a(string-inst.o)
                0x0800971c                std::__cxx11::basic_string<char, std::char_traits<char>, std::allocator<char> >::_M_dispose()
 .text._ZNSt7__cxx1112basic_stringIcSt11char_traitsIcESaIcEEC2Ev