Archive member included to satisfy reference by file (symbol)

/home/arusso/st/stm32cubeide_1.15.0/plugins/com.st.stm32cube.ide.mcu.externaltools.gnu-tools-for-stm32.12.3.rel1.linux64_1.0.100.202403111256/tools/bin/../lib/gcc/arm-none-eabi/12.3.1/../../../../arm-none-eabi/lib/thumb/v7e-m+fp/hard/libstdc++_nano.a(del_ops.o)
                              ./Core/Src/main.o (operator delete(void*, unsigned int))
/home/arusso/st/stm32cubeide_1.15.0/plugins/com.st.stm32cube.ide.mcu.externaltools.gnu-tools-for-stm32.12.3.rel1.linux64_1.0.100.202403111256/tools/bin/../lib/gcc/arm-none-eabi/12.3.1/../../../../arm-none-eabi/lib/thumb/v7e-m+fp/hard/libstdc++_nano.a(new_op.o)
                              ./Core/Src/main.o (operator new(unsigned int))
/home/arusso/st/stm32cubeide_1.15.0/plugins/com.st.stm32cube.ide.mcu.externaltools.gnu-tools-for-stm32.12.3.rel1.linux64_1.0.100.202403111256/tools/bin/../lib/gcc/arm-none-eabi/12.3.1/../../../../arm-none-eabi/lib/thumb/v7e-m+fp/hard/libstdc++_nano.a(functexcept.o)
                              ./Core/Src/main.o (std::__throw_bad_alloc())
/home/arusso/st/stm32cubeide_1.15.0/plugins/com.st.stm32cube.ide.mcu.externaltools.gnu-tools-for-stm32.12.3.rel1.linux64_1.0.100.202403111256/tools/bin/../lib/gcc/arm-none-eabi/12.3.1/../../../../arm-none-eabi/lib/thumb/v7e-m+fp/hard/libstdc++_nano.a(del_op.o)
                              /home/arusso/st/stm32cubeide_1.15.0/plugins/com.st.stm32cube.ide.mcu.externaltools.gnu-tools-for-stm32.12.3.rel1.linux64_1.0.100.202403111256/tools/bin/../lib/gcc/arm-none-eabi/12.3.1/../../../../arm-none-eabi/lib/thumb/v7e-m+fp/hard/libstdc++_nano.a(del_ops.o) (operator delete(void*))
/home/arusso/st/stm32cubeide_1.15.0/plugins/com.st.stm32cube.ide.mcu.externaltools.gnu-tools-for-stm32.12.3.rel1.linux64_1.0.100.202403111256/tools/bin/../lib/gcc/arm-none-eabi/12.3.1/../../../../arm-none-eabi/lib/thumb/v7e-m+fp/hard/libstdc++_nano.a(new_handler.o)
                              /home/arusso/st/stm32cubeide_1.15.0/plugins/com.st.stm32cube.ide.mcu.externaltools.gnu-tools-for-stm32.12.3.rel1.linux64_1.0.100.202403111256/tools/bin/../lib/gcc/arm-none-eabi/12.3.1/../../../../arm-none-eabi/lib/thumb/v7e-m+fp/hard/libstdc++_nano.a(new_op.o) (std::get_new_handler())
/home/arusso/st/stm32cubeide_1.15.0/plugins/com.st.stm32cube.ide.mcu.externaltools.gnu-tools-for-stm32.12.3.rel1.linux64_1.0.100.202403111256/tools/bin/../lib/gcc/arm-none-eabi/12.3.1/../../../../arm-none-eabi/lib/thumb/v7e-m+fp/hard/libc_nano.a(libc_a-abort.o)
                              /home/arusso/st/stm32cubeide_1.15.0/plugins/com.st.stm32cube.ide.mcu.externaltools.gnu-tools-for-stm32.12.3.rel1.linux64_1.0.100.202403111256/tools/bin/../lib/gcc/arm-none-eabi/12.3.1/../../../../arm-none-eabi/lib/thumb/v7e-m+fp/hard/libstdc++_nano.a(new_op.o) (abort)
/home/arusso/st/stm32cubeide_1.15.0/plugins/com.st.stm32cube.ide.mcu.externaltools.gnu-tools-for-stm32.12.3.rel1.linux64_1.0.100.202403111256/tools/bin/../lib/gcc/arm-none-eabi/12.3.1/../../../../arm-none-eabi/lib/thumb/v7e-m+fp/hard/libc_nano.a(libc_a-exit.o)
                              /home/arusso/st/stm32cubeide_1.15.0/plugins/com.st.stm32cube.ide.mcu.externaltools.gnu-tools-for-stm32.12.3.rel1.linux64_1.0.100.202403111256/tools/bin/../lib/gcc/arm-none-eabi/12.3.1/../../../../arm-none-eabi/lib/thumb/v7e-m+fp/hard/crt0.o (exit)
/home/arusso/st/stm32cubeide_1.15.0/plugins/com.st.stm32cube.ide.mcu.externaltools.gnu-tools-for-stm32.12.3.rel1.linux64_1.0.100.202403111256/tools/bin/../lib/gcc/arm-none-eabi/12.3.1/../../../../arm-none-eabi/lib/thumb/v7e-m+fp/hard/libc_nano.a(libc_a-malloc.o)
                              /home/arusso/st/stm32cubeide_1.15.0/plugins/com.st.stm32cube.ide.mcu.externaltools.gnu-tools-for-stm32.12.3.rel1.linux64_1.0.100.202403111256/tools/bin/../lib/gcc/arm-none-eabi/12.3.1/../../../../arm-none-eabi/lib/thumb/v7e-m+fp/hard/libstdc++_nano.a(new_op.o) (malloc)
/home/arusso/st/stm32cubeide_1.15.0/plugins/com.st.stm32cube.ide.mcu.externaltools.gnu-tools-for-stm32.12.3.rel1.linux64_1.0.100.202403111256/tools/bin/../lib/gcc/arm-none-eabi/12.3.1/../../../../arm-none-eabi/lib/thumb/v7e-m+fp/hard/libc_nano.a(libc_a-mallocr.o)
                              /home/arusso/st/stm32cubeide_1.15.0/plugins/com.st.stm32cube.ide.mcu.externaltools.gnu-tools-for-stm32.12.3.rel1.linux64_1.0.100.202403111256/tools/bin/../lib/gcc/arm-none-eabi/12.3.1/../../../../arm-none-eabi/lib/thumb/v7e-m+fp/hard/libc_nano.a(libc_a-malloc.o) (_malloc_r)
/home/arusso/st/stm32cubeide_1.15.0/plugins/com.st.stm32cube.ide.mcu.externaltools.gnu-tools-for-stm32.12.3.rel1.linux64_1.0.100.202403111256/tools/bin/../lib/gcc/arm-none-eabi/12.3.1/../../../../arm-none-eabi/lib/thumb/v7e-m+fp/hard/libc_nano.a(libc_a-mlock.o)
[...]
Memory Configuration

Name             Origin             Length             Attributes
RAM              0x20000000         0x00008000         xrw
FLASH            0x08000000         0x00020000         xr
*default*        0x00000000         0xffffffff

Linker script and memory map

LOAD /home/arusso/st/stm32cubeide_1.15.0/plugins/com.st.stm32cube.ide.mcu.externaltools.gnu-tools-for-stm32.12.3.rel1.linux64_1.0.100.202403111256/tools/bin/../lib/gcc/arm-none-eabi/12.3.1/thumb/v7e-m+fp/hard/crti.o
LOAD /home/arusso/st/stm32cubeide_1.15.0/plugins/com.st.stm32cube.ide.mcu.externaltools.gnu-tools-for-stm32.12.3.rel1.linux64_1.0.100.202403111256/tools/bin/../lib/gcc/arm-none-eabi/12.3.1/thumb/v7e-m+fp/hard/crtbegin.o
LOAD /home/arusso/st/stm32cubeide_1.15.0/plugins/com.st.stm32cube.ide.mcu.externaltools.gnu-tools-for-stm32.12.3.rel1.linux64_1.0.100.202403111256/tools/bin/../lib/gcc/arm-none-eabi/12.3.1/../../../../arm-none-eabi/lib/thumb/v7e-m+fp/hard/crt0.o
LOAD ./Core/Src/SCServo.o
LOAD ./Core/Src/main.o
LOAD ./Core/Src/stm32g4xx_hal_msp.o
LOAD ./Core/Src/stm32g4xx_it.o
LOAD ./Core/Src/syscalls.o
LOAD ./Core/Src/sysmem.o
LOAD ./Core/Src/system_stm32g4xx.o
LOAD ./Core/Startup/startup_stm32g431kbtx.o
LOAD ./Drivers/STM32G4xx_HAL_Driver/Src/stm32g4xx_hal.o
LOAD ./Drivers/STM32G4xx_HAL_Driver/Src/stm32g4xx_hal_adc.o
LOAD ./Drivers/STM32G4xx_HAL_Driver/Src/stm32g4xx_hal_adc_ex.o
LOAD ./Drivers/STM32G4xx_HAL_Driver/Src/stm32g4xx_hal_cortex.o
LOAD ./Drivers/STM32G4xx_HAL_Driver/Src/stm32g4xx_hal_dma.o
LOAD ./Drivers/STM32G4xx_HAL_Driver/Src/stm32g4xx_hal_dma_ex.o
LOAD ./Drivers/STM32G4xx_HAL_Driver/Src/stm32g4xx_hal_exti.o
LOAD ./Drivers/STM32G4xx_HAL_Driver/Src/stm32g4xx_hal_flash.o
LOAD ./Drivers/STM32G4xx_HAL_Driver/Src/stm32g4xx_hal_flash_ex.o
LOAD ./Drivers/STM32G4xx_HAL_Driver/Src/stm32g4xx_hal_flash_ramfunc.o
LOAD ./Drivers/STM32G4xx_HAL_Driver/Src/stm32g4xx_hal_gpio.o
LOAD ./Drivers/STM32G4xx_HAL_Driver/Src/stm32g4xx_hal_pwr.o
LOAD ./Drivers/STM32G4xx_HAL_Driver/Src/stm32g4xx_hal_pwr_ex.o
LOAD ./Drivers/STM32G4xx_HAL_Driver/Src/stm32g4xx_hal_rcc.o
LOAD ./Drivers/STM32G4xx_HAL_Driver/Src/stm32g4xx_hal_rcc_ex.o
LOAD ./Drivers/STM32G4xx_HAL_Driver/Src/stm32g4xx_hal_tim.o
LOAD ./Drivers/STM32G4xx_HAL_Driver/Src/stm32g4xx_hal_tim_ex.o
LOAD ./Drivers/STM32G4xx_HAL_Driver/Src/stm32g4xx_hal_uart.o
LOAD ./Drivers/STM32G4xx_HAL_Driver/Src/stm32g4xx_hal_uart_ex.o
LOAD ./Drivers/STM32G4xx_HAL_Driver/Src/stm32g4xx_ll_adc.o
START GROUP
LOAD /home/arusso/st/stm32cubeide_1.15.0/plugins/com.st.stm32cube.ide.mcu.externaltools.gnu-tools-for-stm32.12.3.rel1.linux64_1.0.100.202403111256/tools/bin/../lib/gcc/arm-none-eabi/12.3.1/../../../../arm-none-eabi/lib/thumb/v7e-m+fp/hard/libstdc++_nano.a
LOAD /home/arusso/st/stm32cubeide_1.15.0/plugins/com.st.stm32cube.ide.mcu.externaltools.gnu-tools-for-stm32.12.3.rel1.linux64_1.0.100.202403111256/tools/bin/../lib/gcc/arm-none-eabi/12.3.1/../../../../arm-none-eabi/lib/thumb/v7e-m+fp/hard/libsupc++_nano.a
END GROUP
LOAD /home/arusso/st/stm32cubeide_1.15.0/plugins/com.st.stm32cube.ide.mcu.externaltools.gnu-tools-for-stm32.12.3.rel1.linux64_1.0.100.202403111256/tools/bin/../lib/gcc/arm-none-eabi/12.3.1/../../../../arm-none-eabi/lib/thumb/v7e-m+fp/hard/libstdc++_nano.a
LOAD /home/arusso/st/stm32cubeide_1.15.0/plugins/com.st.stm32cube.ide.mcu.externaltools.gnu-tools-for-stm32.12.3.rel1.linux64_1.0.100.202403111256/tools/bin/../lib/gcc/arm-none-eabi/12.3.1/../../../../arm-none-eabi/lib/thumb/v7e-m+fp/hard/libm.a
LOAD /home/arusso/st/stm32cubeide_1.15.0/plugins/com.st.stm32cube.ide.mcu.externaltools.gnu-tools-for-stm32.12.3.rel1.linux64_1.0.100.202403111256/tools/bin/../lib/gcc/arm-none-eabi/12.3.1/../../../../arm-none-eabi/lib/thumb/v7e-m+fp/hard/libc_nano.a
START GROUP
LOAD /home/arusso/st/stm32cubeide_1.15.0/plugins/com.st.stm32cube.ide.mcu.externaltools.gnu-tools-for-stm32.12.3.rel1.linux64_1.0.100.202403111256/tools/bin/../lib/gcc/arm-none-eabi/12.3.1/thumb/v7e-m+fp/hard/libgcc.a
LOAD /home/arusso/st/stm32cubeide_1.15.0/plugins/com.st.stm32cube.ide.mcu.externaltools.gnu-tools-for-stm32.12.3.rel1.linux64_1.0.100.202403111256/tools/bin/../lib/gcc/arm-none-eabi/12.3.1/../../../../arm-none-eabi/lib/thumb/v7e-m+fp/hard/libc_nano.a
END GROUP
START GROUP
LOAD /home/arusso/st/stm32cubeide_1.15.0/plugins/com.st.stm32cube.ide.mcu.externaltools.gnu-tools-for-stm32.12.3.rel1.linux64_1.0.100.202403111256/tools/bin/../lib/gcc/arm-none-eabi/12.3.1/thumb/v7e-m+fp/hard/libgcc.a
LOAD /home/arusso/st/stm32cubeide_1.15.0/plugins/com.st.stm32cube.ide.mcu.externaltools.gnu-tools-for-stm32.12.3.rel1.linux64_1.0.100.202403111256/tools/bin/../lib/gcc/arm-none-eabi/12.3.1/../../../../arm-none-eabi/lib/thumb/v7e-m+fp/hard/libc_nano.a
LOAD /home/arusso/st/stm32cubeide_1.15.0/plugins/com.st.stm32cube.ide.mcu.externaltools.gnu-tools-for-stm32.12.3.rel1.linux64_1.0.100.202403111256/tools/bin/../lib/gcc/arm-none-eabi/12.3.1/../../../../arm-none-eabi/lib/thumb/v7e-m+fp/hard/libnosys.a
END GROUP
START GROUP
LOAD /home/arusso/st/stm32cubeide_1.15.0/plugins/com.st.stm32cube.ide.mcu.externaltools.gnu-tools-for-stm32.12.3.rel1.linux64_1.0.100.202403111256/tools/bin/../lib/gcc/arm-none-eabi/12.3.1/thumb/v7e-m+fp/hard/libgcc.a
LOAD /home/arusso/st/stm32cubeide_1.15.0/plugins/com.st.stm32cube.ide.mcu.externaltools.gnu-tools-for-stm32.12.3.rel1.linux64_1.0.100.202403111256/tools/bin/../lib/gcc/arm-none-eabi/12.3.1/../../../../arm-none-eabi/lib/thumb/v7e-m+fp/hard/libc_nano.a
LOAD /home/arusso/st/stm32cubeide_1.15.0/plugins/com.st.stm32cube.ide.mcu.externaltools.gnu-tools-for-stm32.12.3.rel1.linux64_1.0.100.202403111256/tools/bin/../lib/gcc/arm-none-eabi/12.3.1/../../../../arm-none-eabi/lib/thumb/v7e-m+fp/hard/libnosys.a
END GROUP
LOAD /home/arusso/st/stm32cubeide_1.15.0/plugins/com.st.stm32cube.ide.mcu.externaltools.gnu-tools-for-stm32.12.3.rel1.linux64_1.0.100.202403111256/tools/bin/../lib/gcc/arm-none-eabi/12.3.1/thumb/v7e-m+fp/hard/crtend.o
LOAD /home/arusso/st/stm32cubeide_1.15.0/plugins/com.st.stm32cube.ide.mcu.externaltools.gnu-tools-for-stm32.12.3.rel1.linux64_1.0.100.202403111256/tools/bin/../lib/gcc/arm-none-eabi/12.3.1/thumb/v7e-m+fp/hard/crtn.o
                0x20008000                        _estack = (ORIGIN (RAM) + LENGTH (RAM))
                0x00000200                        _Min_Heap_Size = 0x200
                0x00000400                        _Min_Stack_Size = 0x400

.isr_vector     0x08000000      0x1d8
                0x08000000                        . = ALIGN (0x4)
 *(.isr_vector)
 .isr_vector    0x08000000      0x1d8 ./Core/Startup/startup_stm32g431kbtx.o
                0x08000000                g_pfnVectors
                0x080001d8                        . = ALIGN (0x4)

.text           0x080001d8     0x5fa0
                0x080001d8                        . = ALIGN (0x4)
 *(.text)
 .text          0x080001d8       0x40 /home/arusso/st/stm32cubeide_1.15.0/plugins/com.st.stm32cube.ide.mcu.externaltools.gnu-tools-for-stm32.12.3.rel1.linux64_1.0.100.202403111256/tools/bin/../lib/gcc/arm-none-eabi/12.3.1/thumb/v7e-m+fp/hard/crtbegin.o
 .text          0x08000218       0x30 /home/arusso/st/stm32cubeide_1.15.0/plugins/com.st.stm32cube.ide.mcu.externaltools.gnu-tools-for-stm32.12.3.rel1.linux64_1.0.100.202403111256/tools/bin/../lib/gcc/arm-none-eabi/12.3.1/thumb/v7e-m+fp/hard/libgcc.a(_aeabi_uldivmod.o)
                0x08000218                __aeabi_uldivmod
 .text          0x08000248      0x2bc /home/arusso/st/stm32cubeide_1.15.0/plugins/com.st.stm32cube.ide.mcu.externaltools.gnu-tools-for-stm32.12.3.rel1.linux64_1.0.100.202403111256/tools/bin/../lib/gcc/arm-none-eabi/12.3.1/thumb/v7e-m+fp/hard/libgcc.a(_udivmoddi4.o)
                0x08000248                __udivmoddi4
 .text          0x08000504        0x4 /home/arusso/st/stm32cubeide_1.15.0/plugins/com.st.stm32cube.ide.mcu.externaltools.gnu-tools-for-stm32.12.3.rel1.linux64_1.0.100.202403111256/tools/bin/../lib/gcc/arm-none-eabi/12.3.1/thumb/v7e-m+fp/hard/libgcc.a(_dvmd_tls.o)
                0x08000504                __aeabi_ldiv0
                0x08000504                __aeabi_idiv0
 *(.text*)
 .text._ZN7SCServoC2EP20__UART_HandleTypeDef
                0x08000508       0x1e ./Core/Src/SCServo.o
                0x08000508                SCServo::SCServo(__UART_HandleTypeDef*)
                0x08000508                SCServo::SCServo(__UART_HandleTypeDef*)
 .text._ZN7SCServo6PrintfEh
                0x08000526       0x32 ./Core/Src/SCServo.o
                0x08000526                SCServo::Printf(unsigned char)
 .text._ZN7SCServo12fflushRevBufEv
                0x08000558       0x32 ./Core/Src/SCServo.o
                0x08000558                SCServo::fflushRevBuf()
 .text._ZN7SCServo8WritePosEhiih
                0x0800058a       0xe4 ./Core/Src/SCServo.o
                0x0800058a                SCServo::WritePos(unsigned char, int, int, unsigned char)
 .text._ZN7SCServo7ReadBufEtPh
                0x0800066e       0x38 ./Core/Src/SCServo.o
                0x0800066e                SCServo::ReadBuf(unsigned short, unsigned char*)
 .text._ZN7SCServo15WriteLimitAngleEhiih
                0x080006a6       0xe4 ./Core/Src/SCServo.o
                0x080006a6                SCServo::WriteLimitAngle(unsigned char, int, int, unsigned char)
 .text._ZN7SCServo16WriteLimitTroqueEhih
                0x0800078a       0xbc ./Core/Src/SCServo.o
                0x0800078a                SCServo::WriteLimitTroque(unsigned char, int, unsigned char)
 .text._ZnwjPv  0x08000846       0x18 ./Core/Src/main.o
                0x08000846                operator new(unsigned int, void*)
 .text._ZNSt12_Vector_baseIiSaIiEE12_Vector_implD2Ev
                0x0800085e       0x18 ./Core/Src/main.o
                0x0800085e                std::_Vector_base<int, std::allocator<int> >::_Vector_impl::~_Vector_impl()
                0x0800085e                std::_Vector_base<int, std::allocator<int> >::_Vector_impl::~_Vector_impl()
 *fill*         0x08000876        0x2 
 .text._Z15go_to_waypointsv
                0x08000878      0x3e0 ./Core/Src/main.o
                0x08000878                go_to_waypoints()
 .text.main     0x08000c58       0x28 ./Core/Src/main.o
                0x08000c58                main
 .text._Z18SystemClock_Configv
                0x08000c80       0xaa ./Core/Src/main.o
                0x08000c80                SystemClock_Config()
 *fill*         0x08000d2a        0x2 
 .text._ZL12MX_ADC2_Initv
                0x08000d2c       0xe0 ./Core/Src/main.o
 .text._ZL19MX_USART1_UART_Initv
                0x08000e0c       0xc4 ./Core/Src/main.o
 .text._ZL19MX_USART2_UART_Initv
                0x08000ed0       0xc0 ./Core/Src/main.o
 .text._ZL11MX_DMA_Initv
                0x08000f90       0x54 ./Core/Src/main.o
 .text._ZL12MX_GPIO_Initv
                0x08000fe4       0x9c ./Core/Src/main.o
 .text.Error_Handler
                0x08001080        0xc ./Core/Src/main.o
                0x08001080                Error_Handler
 .text._ZNSaIiEC2Ev
                0x0800108c       0x18 ./Core/Src/main.o
                0x0800108c                std::allocator<int>::allocator()
                0x0800108c                std::allocator<int>::allocator()
 .text._ZNSaIiED2Ev
                0x080010a4       0x18 ./Core/Src/main.o
                0x080010a4                std::allocator<int>::~allocator()
                0x080010a4                std::allocator<int>::~allocator()
 .text._ZNSt6vectorIiSaIiEEC2ESt16initializer_listIiERKS0_
                0x080010bc       0x42 ./Core/Src/main.o
                0x080010bc                std::vector<int, std::allocator<int> >::vector(std::initializer_list<int>, std::allocator<int> const&)
                0x080010bc                std::vector<int, std::allocator<int> >::vector(std::initializer_list<int>, std::allocator<int> const&)
 .text._ZNSt6vectorIiSaIiEED2Ev
                0x080010fe       0x36 ./Core/Src/main.o
                0x080010fe                std::vector<int, std::allocator<int> >::~vector()
                0x080010fe                std::vector<int, std::allocator<int> >::~vector()
 .text._ZNSt12_Vector_baseIiSaIiEED2Ev
                0x08001134       0x32 ./Core/Src/main.o
                0x08001134                std::_Vector_base<int, std::allocator<int> >::~_Vector_base()
                0x08001134                std::_Vector_base<int, std::allocator<int> >::~_Vector_base()
 .text._ZNSaISt6vectorIiSaIiEEEC2Ev
                0x08001166       0x18 ./Core/Src/main.o
                0x08001166                std::allocator<std::vector<int, std::allocator<int> > >::allocator()
                0x08001166                std::allocator<std::vector<int, std::allocator<int> > >::allocator()
 .text._ZNSaISt6vectorIiSaIiEEED2Ev
                0x0800117e       0x18 ./Core/Src/main.o
                0x0800117e                std::allocator<std::vector<int, std::allocator<int> > >::~allocator()
                0x0800117e                std::allocator<std::vector<int, std::allocator<int> > >::~allocator()
 .text._ZNSt6vectorIS_IiSaIiEESaIS1_EEC2ESt16initializer_listIS1_ERKS2_
                0x08001196       0x42 ./Core/Src/main.o
                0x08001196                std::vector<std::vector<int, std::allocator<int> >, std::allocator<std::vector<int, std::allocator<int> > > >::vector(std::initializer_list<std::vector<int, std::allocator<int> > >, std::allocator<std::vector<int, std::allocator<int> > > const&)
                0x08001196                std::vector<std::vector<int, std::allocator<int> >, std::allocator<std::vector<int, std::allocator<int> > > >::vector(std::initializer_list<std::vector<int, std::allocator<int> > >, std::allocator<std::vector<int, std::allocator<int> > > const&)
 .text._ZNSt6vectorIS_IiSaIiEESaIS1_EED2Ev
                0x080011d8       0x36 ./Core/Src/main.o
                0x080011d8                std::vector<std::vector<int, std::allocator<int> >, std::allocator<std::vector<int, std::allocator<int> > > >::~vector()
                0x080011d8                std::vector<std::vector<int, std::allocator<int> >, std::allocator<std::vector<int, std::allocator<int> > > >::~vector()
 *fill*         0x0800120e        0x2 
 .text._ZNKSt6vectorIS_IiSaIiEESaIS1_EE4sizeEv
                0x08001210       0x2c ./Core/Src/main.o
                0x08001210                std::vector<std::vector<int, std::allocator<int> >, std::allocator<std::vector<int, std::allocator<int> > > >::size() const
 .text._ZNSt6vectorIS_IiSaIiEESaIS1_EEixEj
                0x0800123c       0x26 ./Core/Src/main.o
                0x0800123c                std::vector<std::vector<int, std::allocator<int> >, std::allocator<std::vector<int, std::allocator<int> > > >::operator[](unsigned int)
 .text._ZNSt6vectorIiSaIiEEC2ERKS1_
                0x08001262       0x7a ./Core/Src/main.o
                0x08001262                std::vector<int, std::allocator<int> >::vector(std::vector<int, std::allocator<int> > const&)
                0x08001262                std::vector<int, std::allocator<int> >::vector(std::vector<int, std::allocator<int> > const&)
 .text._ZNSt6vectorIiSaIiEEixEj
                0x080012dc       0x20 ./Core/Src/main.o
                0x080012dc                std::vector<int, std::allocator<int> >::operator[](unsigned int)
 .text._ZNSt15__new_allocatorIiEC2Ev
                0x080012fc       0x16 ./Core/Src/main.o
                0x080012fc                std::__new_allocator<int>::__new_allocator()
                0x080012fc                std::__new_allocator<int>::__new_allocator()
 .text._ZNSt15__new_allocatorIiED2Ev
                0x08001312       0x16 ./Core/Src/main.o
                0x08001312                std::__new_allocator<int>::~__new_allocator()
                0x08001312                std::__new_allocator<int>::~__new_allocator()
 .text._ZNSt12_Vector_baseIiSaIiEEC2ERKS0_
                0x08001328       0x1e ./Core/Src/main.o
                0x08001328                std::_Vector_base<int, std::allocator<int> >::_Vector_base(std::allocator<int> const&)
                0x08001328                std::_Vector_base<int, std::allocator<int> >::_Vector_base(std::allocator<int> const&)
 .text._ZNKSt16initializer_listIiE5beginEv
                0x08001346       0x18 ./Core/Src/main.o
                0x08001346                std::initializer_list<int>::begin() const
 .text._ZNKSt16initializer_listIiE3endEv
                0x0800135e       0x24 ./Core/Src/main.o
                0x0800135e                std::initializer_list<int>::end() const
 .text._ZNSt6vectorIiSaIiEE19_M_range_initializeIPKiEEvT_S5_St20forward_iterator_tag
                0x08001382       0x72 ./Core/Src/main.o
                0x08001382                void std::vector<int, std::allocator<int> >::_M_range_initialize<int const*>(int const*, int const*, std::forward_iterator_tag)
 .text._ZNSt12_Vector_baseIiSaIiEE19_M_get_Tp_allocatorEv
                0x080013f4       0x16 ./Core/Src/main.o
                0x080013f4                std::_Vector_base<int, std::allocator<int> >::_M_get_Tp_allocator()
 .text._ZSt8_DestroyIPiiEvT_S1_RSaIT0_E
                0x0800140a       0x1c ./Core/Src/main.o
                0x0800140a                void std::_Destroy<int*, int>(int*, int*, std::allocator<int>&)
 .text._ZNSaIiEC2ERKS_
                0x08001426       0x1c ./Core/Src/main.o
                0x08001426                std::allocator<int>::allocator(std::allocator<int> const&)
                0x08001426                std::allocator<int>::allocator(std::allocator<int> const&)
 .text._ZNSt12_Vector_baseIiSaIiEE13_M_deallocateEPij
                0x08001442       0x26 ./Core/Src/main.o
                0x08001442                std::_Vector_base<int, std::allocator<int> >::_M_deallocate(int*, unsigned int)
 .text._ZNSt15__new_allocatorISt6vectorIiSaIiEEEC2Ev
                0x08001468       0x16 ./Core/Src/main.o
                0x08001468                std::__new_allocator<std::vector<int, std::allocator<int> > >::__new_allocator()
                0x08001468                std::__new_allocator<std::vector<int, std::allocator<int> > >::__new_allocator()
 .text._ZNSt15__new_allocatorISt6vectorIiSaIiEEED2Ev
                0x0800147e       0x16 ./Core/Src/main.o
                0x0800147e                std::__new_allocator<std::vector<int, std::allocator<int> > >::~__new_allocator()
                0x0800147e                std::__new_allocator<std::vector<int, std::allocator<int> > >::~__new_allocator()
 .text._ZNSt12_Vector_baseISt6vectorIiSaIiEESaIS2_EE12_Vector_implD2Ev
                0x08001494       0x18 ./Core/Src/main.o
                0x08001494                std::_Vector_base<std::vector<int, std::allocator<int> >, std::allocator<std::vector<int, std::allocator<int> > > >::_Vector_impl::~_Vector_impl()
                0x08001494                std::_Vector_base<std::vector<int, std::allocator<int> >, std::allocator<std::vector<int, std::allocator<int> > > >::_Vector_impl::~_Vector_impl()
 .text._ZNSt12_Vector_baseISt6vectorIiSaIiEESaIS2_EEC2ERKS3_
                0x080014ac       0x1e ./Core/Src/main.o
                0x080014ac                std::_Vector_base<std::vector<int, std::allocator<int> >, std::allocator<std::vector<int, std::allocator<int> > > >::_Vector_base(std::allocator<std::vector<int, std::allocator<int> > > const&)
                0x080014ac                std::_Vector_base<std::vector<int, std::allocator<int> >, std::allocator<std::vector<int, std::allocator<int> > > >::_Vector_base(std::allocator<std::vector<int, std::allocator<int> > > const&)
 *fill*         0x080014ca        0x2 
 .text._ZNSt12_Vector_baseISt6vectorIiSaIiEESaIS2_EED2Ev
                0x080014cc       0x3c ./Core/Src/main.o
                0x080014cc                std::_Vector_base<std::vector<int, std::allocator<int> >, std::allocator<std::vector<int, std::allocator<int> > > >::~_Vector_base()
                0x080014cc                std::_Vector_base<std::vector<int, std::allocator<int> >, std::allocator<std::vector<int, std::allocator<int> > > >::~_Vector_base()
 .text._ZNKSt16initializer_listISt6vectorIiSaIiEEE5beginEv
                0x08001508       0x18 ./Core/Src/main.o
                0x08001508                std::initializer_list<std::vector<int, std::allocator<int> > >::begin() const
 .text._ZNKSt16initializer_listISt6vectorIiSaIiEEE3endEv
                0x08001520       0x2a ./Core/Src/main.o
                0x08001520                std::initializer_list<std::vector<int, std::allocator<int> > >::end() const
 .text._ZNSt6vectorIS_IiSaIiEESaIS1_EE19_M_range_initializeIPKS1_EEvT_S7_St20forward_iterator_tag
                0x0800154a       0x78 ./Core/Src/main.o
                0x0800154a                void std::vector<std::vector<int, std::allocator<int> >, std::allocator<std::vector<int, std::allocator<int> > > >::_M_range_initialize<std::vector<int, std::allocator<int> > const*>(std::vector<int, std::allocator<int> > const*, std::vector<int, std::allocator<int> > const*, std::forward_iterator_tag)
 .text._ZNSt12_Vector_baseISt6vectorIiSaIiEESaIS2_EE19_M_get_Tp_allocatorEv
                0x080015c2       0x16 ./Core/Src/main.o
                0x080015c2                std::_Vector_base<std::vector<int, std::allocator<int> >, std::allocator<std::vector<int, std::allocator<int> > > >::_M_get_Tp_allocator()
 .text._ZSt8_DestroyIPSt6vectorIiSaIiEES2_EvT_S4_RSaIT0_E
                0x080015d8       0x1c ./Core/Src/main.o
                0x080015d8                void std::_Destroy<std::vector<int, std::allocator<int> >*, std::vector<int, std::allocator<int> > >(std::vector<int, std::allocator<int> >*, std::vector<int, std::allocator<int> >*, std::allocator<std::vector<int, std::allocator<int> > >&)
 .text._ZNKSt6vectorIiSaIiEE4sizeEv
                0x080015f4       0x20 ./Core/Src/main.o
                0x080015f4                std::vector<int, std::allocator<int> >::size() const
 .text._ZNKSt12_Vector_baseIiSaIiEE19_M_get_Tp_allocatorEv
                0x08001614       0x16 ./Core/Src/main.o
                0x08001614                std::_Vector_base<int, std::allocator<int> >::_M_get_Tp_allocator() const
 .text._ZN9__gnu_cxx14__alloc_traitsISaIiEiE17_S_select_on_copyERKS1_
                0x0800162a       0x1c ./Core/Src/main.o
                0x0800162a                __gnu_cxx::__alloc_traits<std::allocator<int>, int>::_S_select_on_copy(std::allocator<int> const&)
 .text._ZNSt12_Vector_baseIiSaIiEEC2EjRKS0_
                0x08001646       0x28 ./Core/Src/main.o
                0x08001646                std::_Vector_base<int, std::allocator<int> >::_Vector_base(unsigned int, std::allocator<int> const&)
                0x08001646                std::_Vector_base<int, std::allocator<int> >::_Vector_base(unsigned int, std::allocator<int> const&)
 .text._ZNKSt6vectorIiSaIiEE5beginEv
                0x0800166e       0x20 ./Core/Src/main.o
                0x0800166e                std::vector<int, std::allocator<int> >::begin() const
 .text._ZNKSt6vectorIiSaIiEE3endEv
                0x0800168e       0x22 ./Core/Src/main.o
                0x0800168e                std::vector<int, std::allocator<int> >::end() const
 .text._ZSt22__uninitialized_copy_aIN9__gnu_cxx17__normal_iteratorIPKiSt6vectorIiSaIiEEEEPiiET0_T_SA_S9_RSaIT1_E
                0x080016b0       0x22 ./Core/Src/main.o
                0x080016b0                int* std::__uninitialized_copy_a<__gnu_cxx::__normal_iterator<int const*, std::vector<int, std::allocator<int> > >, int*, int>(__gnu_cxx::__normal_iterator<int const*, std::vector<int, std::allocator<int> > >, __gnu_cxx::__normal_iterator<int const*, std::vector<int, std::allocator<int> > >, int*, std::allocator<int>&)
 .text._ZNSt12_Vector_baseIiSaIiEE12_Vector_implC2ERKS0_
                0x080016d2       0x24 ./Core/Src/main.o
                0x080016d2                std::_Vector_base<int, std::allocator<int> >::_Vector_impl::_Vector_impl(std::allocator<int> const&)
                0x080016d2                std::_Vector_base<int, std::allocator<int> >::_Vector_impl::_Vector_impl(std::allocator<int> const&)
 .text._ZNKSt16initializer_listIiE4sizeEv
                0x080016f6       0x18 ./Core/Src/main.o
                0x080016f6                std::initializer_list<int>::size() const
 .text._ZSt8distanceIPKiENSt15iterator_traitsIT_E15difference_typeES3_S3_
                0x0800170e       0x28 ./Core/Src/main.o
                0x0800170e                std::iterator_traits<int const*>::difference_type std::distance<int const*>(int const*, int const*)
 *fill*         0x08001736        0x2 
 .text._ZNSt6vectorIiSaIiEE17_S_check_init_lenEjRKS0_
                0x08001738       0x50 ./Core/Src/main.o
                0x08001738                std::vector<int, std::allocator<int> >::_S_check_init_len(unsigned int, std::allocator<int> const&)
 .text._ZNSt12_Vector_baseIiSaIiEE11_M_allocateEj
                0x08001788       0x28 ./Core/Src/main.o
                0x08001788                std::_Vector_base<int, std::allocator<int> >::_M_allocate(unsigned int)
 .text._ZSt22__uninitialized_copy_aIPKiPiiET0_T_S4_S3_RSaIT1_E
                0x080017b0       0x22 ./Core/Src/main.o
                0x080017b0                int* std::__uninitialized_copy_a<int const*, int*, int>(int const*, int const*, int*, std::allocator<int>&)
 .text._ZSt8_DestroyIPiEvT_S1_
                0x080017d2       0x1a ./Core/Src/main.o
                0x080017d2                void std::_Destroy<int*>(int*, int*)
 .text._ZNSt15__new_allocatorIiEC2ERKS0_
                0x080017ec       0x18 ./Core/Src/main.o
                0x080017ec                std::__new_allocator<int>::__new_allocator(std::__new_allocator<int> const&)
                0x080017ec                std::__new_allocator<int>::__new_allocator(std::__new_allocator<int> const&)
 .text._ZNSt16allocator_traitsISaIiEE10deallocateERS0_Pij
                0x08001804       0x1e ./Core/Src/main.o
                0x08001804                std::allocator_traits<std::allocator<int> >::deallocate(std::allocator<int>&, int*, unsigned int)
 .text._ZNSt12_Vector_baseISt6vectorIiSaIiEESaIS2_EE12_Vector_implC2ERKS3_
                0x08001822       0x24 ./Core/Src/main.o
                0x08001822                std::_Vector_base<std::vector<int, std::allocator<int> >, std::allocator<std::vector<int, std::allocator<int> > > >::_Vector_impl::_Vector_impl(std::allocator<std::vector<int, std::allocator<int> > > const&)
                0x08001822                std::_Vector_base<std::vector<int, std::allocator<int> >, std::allocator<std::vector<int, std::allocator<int> > > >::_Vector_impl::_Vector_impl(std::allocator<std::vector<int, std::allocator<int> > > const&)
 .text._ZNSt12_Vector_baseISt6vectorIiSaIiEESaIS2_EE13_M_deallocateEPS2_j
                0x08001846       0x26 ./Core/Src/main.o
                0x08001846                std::_Vector_base<std::vector<int, std::allocator<int> >, std::allocator<std::vector<int, std::allocator<int> > > >::_M_deallocate(std::vector<int, std::allocator<int> >*, unsigned int)
 .text._ZNKSt16initializer_listISt6vectorIiSaIiEEE4sizeEv
                0x0800186c       0x18 ./Core/Src/main.o
                0x0800186c                std::initializer_list<std::vector<int, std::allocator<int> > >::size() const
 .text._ZSt8distanceIPKSt6vectorIiSaIiEEENSt15iterator_traitsIT_E15difference_typeES6_S6_
                0x08001884       0x28 ./Core/Src/main.o
                0x08001884                std::iterator_traits<std::vector<int, std::allocator<int> > const*>::difference_type std::distance<std::vector<int, std::allocator<int> > const*>(std::vector<int, std::allocator<int> > const*, std::vector<int, std::allocator<int> > const*)
 .text._ZNSt6vectorIS_IiSaIiEESaIS1_EE17_S_check_init_lenEjRKS2_
                0x080018ac       0x50 ./Core/Src/main.o
                0x080018ac                std::vector<std::vector<int, std::allocator<int> >, std::allocator<std::vector<int, std::allocator<int> > > >::_S_check_init_len(unsigned int, std::allocator<std::vector<int, std::allocator<int> > > const&)
 .text._ZNSt12_Vector_baseISt6vectorIiSaIiEESaIS2_EE11_M_allocateEj
                0x080018fc       0x28 ./Core/Src/main.o
                0x080018fc                std::_Vector_base<std::vector<int, std::allocator<int> >, std::allocator<std::vector<int, std::allocator<int> > > >::_M_allocate(unsigned int)
 .text._ZSt22__uninitialized_copy_aIPKSt6vectorIiSaIiEEPS2_S2_ET0_T_S7_S6_RSaIT1_E
                0x08001924       0x22 ./Core/Src/main.o
                0x08001924                std::vector<int, std::allocator<int> >* std::__uninitialized_copy_a<std::vector<int, std::allocator<int> > const*, std::vector<int, std::allocator<int> >*, std::vector<int, std::allocator<int> > >(std::vector<int, std::allocator<int> > const*, std::vector<int, std::allocator<int> > const*, std::vector<int, std::allocator<int> >*, std::allocator<std::vector<int, std::allocator<int> > >&)
 .text._ZSt8_DestroyIPSt6vectorIiSaIiEEEvT_S4_
                0x08001946       0x1a ./Core/Src/main.o
                0x08001946                void std::_Destroy<std::vector<int, std::allocator<int> >*>(std::vector<int, std::allocator<int> >*, std::vector<int, std::allocator<int> >*)
 .text._ZNSt16allocator_traitsISaIiEE37select_on_container_copy_constructionERKS0_
                0x08001960       0x1a ./Core/Src/main.o
                0x08001960                std::allocator_traits<std::allocator<int> >::select_on_container_copy_construction(std::allocator<int> const&)
 .text._ZNSt12_Vector_baseIiSaIiEE17_M_create_storageEj
                0x0800197a       0x36 ./Core/Src/main.o
                0x0800197a                std::_Vector_base<int, std::allocator<int> >::_M_create_storage(unsigned int)
 .text._ZN9__gnu_cxx17__normal_iteratorIPKiSt6vectorIiSaIiEEEC2ERKS2_
                0x080019b0       0x20 ./Core/Src/main.o
                0x080019b0                __gnu_cxx::__normal_iterator<int const*, std::vector<int, std::allocator<int> > >::__normal_iterator(int const* const&)
                0x080019b0                __gnu_cxx::__normal_iterator<int const*, std::vector<int, std::allocator<int> > >::__normal_iterator(int const* const&)
 .text._ZSt18uninitialized_copyIN9__gnu_cxx17__normal_iteratorIPKiSt6vectorIiSaIiEEEEPiET0_T_SA_S9_
                0x080019d0       0x28 ./Core/Src/main.o
                0x080019d0                int* std::uninitialized_copy<__gnu_cxx::__normal_iterator<int const*, std::vector<int, std::allocator<int> > >, int*>(__gnu_cxx::__normal_iterator<int const*, std::vector<int, std::allocator<int> > >, __gnu_cxx::__normal_iterator<int const*, std::vector<int, std::allocator<int> > >, int*)
 .text._ZNSt12_Vector_baseIiSaIiEE17_Vector_impl_dataC2Ev
                0x080019f8       0x28 ./Core/Src/main.o
                0x080019f8                std::_Vector_base<int, std::allocator<int> >::_Vector_impl_data::_Vector_impl_data()
                0x080019f8                std::_Vector_base<int, std::allocator<int> >::_Vector_impl_data::_Vector_impl_data()
 .text._ZSt19__iterator_categoryIPKiENSt15iterator_traitsIT_E17iterator_categoryERKS3_
                0x08001a20       0x16 ./Core/Src/main.o
                0x08001a20                std::iterator_traits<int const*>::iterator_category std::__iterator_category<int const*>(int const* const&)
 .text._ZSt10__distanceIPKiENSt15iterator_traitsIT_E15difference_typeES3_S3_St26random_access_iterator_tag
                0x08001a36       0x20 ./Core/Src/main.o
                0x08001a36                std::iterator_traits<int const*>::difference_type std::__distance<int const*>(int const*, int const*, std::random_access_iterator_tag)
 .text._ZNSt6vectorIiSaIiEE11_S_max_sizeERKS0_
                0x08001a56       0x34 ./Core/Src/main.o
                0x08001a56                std::vector<int, std::allocator<int> >::_S_max_size(std::allocator<int> const&)
 .text._ZNSt16allocator_traitsISaIiEE8allocateERS0_j
                0x08001a8a       0x1e ./Core/Src/main.o
                0x08001a8a                std::allocator_traits<std::allocator<int> >::allocate(std::allocator<int>&, unsigned int)
 .text._ZSt18uninitialized_copyIPKiPiET0_T_S4_S3_
                0x08001aa8       0x28 ./Core/Src/main.o
                0x08001aa8                int* std::uninitialized_copy<int const*, int*>(int const*, int const*, int*)
 .text._ZNSt12_Destroy_auxILb1EE9__destroyIPiEEvT_S3_
                0x08001ad0       0x16 ./Core/Src/main.o
                0x08001ad0                void std::_Destroy_aux<true>::__destroy<int*>(int*, int*)
 .text._ZNSt15__new_allocatorIiE10deallocateEPij
                0x08001ae6       0x20 ./Core/Src/main.o
                0x08001ae6                std::__new_allocator<int>::deallocate(int*, unsigned int)
 .text._ZNSaISt6vectorIiSaIiEEEC2ERKS2_
                0x08001b06       0x1c ./Core/Src/main.o
                0x08001b06                std::allocator<std::vector<int, std::allocator<int> > >::allocator(std::allocator<std::vector<int, std::allocator<int> > > const&)
                0x08001b06                std::allocator<std::vector<int, std::allocator<int> > >::allocator(std::allocator<std::vector<int, std::allocator<int> > > const&)
 .text._ZNSt12_Vector_baseISt6vectorIiSaIiEESaIS2_EE17_Vector_impl_dataC2Ev
                0x08001b22       0x28 ./Core/Src/main.o
                0x08001b22                std::_Vector_base<std::vector<int, std::allocator<int> >, std::allocator<std::vector<int, std::allocator<int> > > >::_Vector_impl_data::_Vector_impl_data()
                0x08001b22                std::_Vector_base<std::vector<int, std::allocator<int> >, std::allocator<std::vector<int, std::allocator<int> > > >::_Vector_impl_data::_Vector_impl_data()
 .text._ZNSt16allocator_traitsISaISt6vectorIiSaIiEEEE10deallocateERS3_PS2_j
                0x08001b4a       0x1e ./Core/Src/main.o
                0x08001b4a                std::allocator_traits<std::allocator<std::vector<int, std::allocator<int> > > >::deallocate(std::allocator<std::vector<int, std::allocator<int> > >&, std::vector<int, std::allocator<int> >*, unsigned int)
 .text._ZSt19__iterator_categoryIPKSt6vectorIiSaIiEEENSt15iterator_traitsIT_E17iterator_categoryERKS6_
                0x08001b68       0x16 ./Core/Src/main.o
                0x08001b68                std::iterator_traits<std::vector<int, std::allocator<int> > const*>::iterator_category std::__iterator_category<std::vector<int, std::allocator<int> > const*>(std::vector<int, std::allocator<int> > const* const&)
 *fill*         0x08001b7e        0x2 
 .text._ZSt10__distanceIPKSt6vectorIiSaIiEEENSt15iterator_traitsIT_E15difference_typeES6_S6_St26random_access_iterator_tag
                0x08001b80       0x2c ./Core/Src/main.o
                0x08001b80                std::iterator_traits<std::vector<int, std::allocator<int> > const*>::difference_type std::__distance<std::vector<int, std::allocator<int> > const*>(std::vector<int, std::allocator<int> > const*, std::vector<int, std::allocator<int> > const*, std::random_access_iterator_tag)
 .text._ZNSt6vectorIS_IiSaIiEESaIS1_EE11_S_max_sizeERKS2_
                0x08001bac       0x38 ./Core/Src/main.o
                0x08001bac                std::vector<std::vector<int, std::allocator<int> >, std::allocator<std::vector<int, std::allocator<int> > > >::_S_max_size(std::allocator<std::vector<int, std::allocator<int> > > const&)
 .text._ZNSt16allocator_traitsISaISt6vectorIiSaIiEEEE8allocateERS3_j
                0x08001be4       0x1e ./Core/Src/main.o
                0x08001be4                std::allocator_traits<std::allocator<std::vector<int, std::allocator<int> > > >::allocate(std::allocator<std::vector<int, std::allocator<int> > >&, unsigned int)
 .text._ZSt18uninitialized_copyIPKSt6vectorIiSaIiEEPS2_ET0_T_S7_S6_
                0x08001c02       0x28 ./Core/Src/main.o
                0x08001c02                std::vector<int, std::allocator<int> >* std::uninitialized_copy<std::vector<int, std::allocator<int> > const*, std::vector<int, std::allocator<int> >*>(std::vector<int, std::allocator<int> > const*, std::vector<int, std::allocator<int> > const*, std::vector<int, std::allocator<int> >*)
 .text._ZNSt12_Destroy_auxILb0EE9__destroyIPSt6vectorIiSaIiEEEEvT_S6_
                0x08001c2a       0x32 ./Core/Src/main.o
                0x08001c2a                void std::_Destroy_aux<false>::__destroy<std::vector<int, std::allocator<int> >*>(std::vector<int, std::allocator<int> >*, std::vector<int, std::allocator<int> >*)
 .text._ZNSt20__uninitialized_copyILb1EE13__uninit_copyIN9__gnu_cxx17__normal_iteratorIPKiSt6vectorIiSaIiEEEEPiEET0_T_SC_SB_
                0x08001c5c       0x20 ./Core/Src/main.o
                0x08001c5c                int* std::__uninitialized_copy<true>::__uninit_copy<__gnu_cxx::__normal_iterator<int const*, std::vector<int, std::allocator<int> > >, int*>(__gnu_cxx::__normal_iterator<int const*, std::vector<int, std::allocator<int> > >, __gnu_cxx::__normal_iterator<int const*, std::vector<int, std::allocator<int> > >, int*)
 .text._ZNSt16allocator_traitsISaIiEE8max_sizeERKS0_
                0x08001c7c       0x18 ./Core/Src/main.o
                0x08001c7c                std::allocator_traits<std::allocator<int> >::max_size(std::allocator<int> const&)
 .text._ZSt3minIjERKT_S2_S2_
                0x08001c94       0x28 ./Core/Src/main.o
                0x08001c94                unsigned int const& std::min<unsigned int>(unsigned int const&, unsigned int const&)
 .text._ZNSt15__new_allocatorIiE8allocateEjPKv
                0x08001cbc       0x52 ./Core/Src/main.o
                0x08001cbc                std::__new_allocator<int>::allocate(unsigned int, void const*)
 .text._ZNSt20__uninitialized_copyILb1EE13__uninit_copyIPKiPiEET0_T_S6_S5_
                0x08001d0e       0x20 ./Core/Src/main.o
                0x08001d0e                int* std::__uninitialized_copy<true>::__uninit_copy<int const*, int*>(int const*, int const*, int*)
 .text._ZNSt15__new_allocatorISt6vectorIiSaIiEEEC2ERKS3_
                0x08001d2e       0x18 ./Core/Src/main.o
                0x08001d2e                std::__new_allocator<std::vector<int, std::allocator<int> > >::__new_allocator(std::__new_allocator<std::vector<int, std::allocator<int> > > const&)
                0x08001d2e                std::__new_allocator<std::vector<int, std::allocator<int> > >::__new_allocator(std::__new_allocator<std::vector<int, std::allocator<int> > > const&)
 .text._ZNSt15__new_allocatorISt6vectorIiSaIiEEE10deallocateEPS2_j
                0x08001d46       0x26 ./Core/Src/main.o
                0x08001d46                std::__new_allocator<std::vector<int, std::allocator<int> > >::deallocate(std::vector<int, std::allocator<int> >*, unsigned int)
 .text._ZNSt16allocator_traitsISaISt6vectorIiSaIiEEEE8max_sizeERKS3_
                0x08001d6c       0x18 ./Core/Src/main.o
                0x08001d6c                std::allocator_traits<std::allocator<std::vector<int, std::allocator<int> > > >::max_size(std::allocator<std::vector<int, std::allocator<int> > > const&)
 .text._ZNSt15__new_allocatorISt6vectorIiSaIiEEE8allocateEjPKv
                0x08001d84       0x5c ./Core/Src/main.o
                0x08001d84                std::__new_allocator<std::vector<int, std::allocator<int> > >::allocate(unsigned int, void const*)
 .text._ZNSt20__uninitialized_copyILb0EE13__uninit_copyIPKSt6vectorIiSaIiEEPS4_EET0_T_S9_S8_
                0x08001de0       0x20 ./Core/Src/main.o
                0x08001de0                std::vector<int, std::allocator<int> >* std::__uninitialized_copy<false>::__uninit_copy<std::vector<int, std::allocator<int> > const*, std::vector<int, std::allocator<int> >*>(std::vector<int, std::allocator<int> > const*, std::vector<int, std::allocator<int> > const*, std::vector<int, std::allocator<int> >*)
 .text._ZSt11__addressofISt6vectorIiSaIiEEEPT_RS3_
                0x08001e00       0x16 ./Core/Src/main.o
                0x08001e00                std::vector<int, std::allocator<int> >* std::__addressof<std::vector<int, std::allocator<int> > >(std::vector<int, std::allocator<int> >&)
 .text._ZSt8_DestroyISt6vectorIiSaIiEEEvPT_
                0x08001e16       0x16 ./Core/Src/main.o
                0x08001e16                void std::_Destroy<std::vector<int, std::allocator<int> > >(std::vector<int, std::allocator<int> >*)
 .text._ZSt4copyIN9__gnu_cxx17__normal_iteratorIPKiSt6vectorIiSaIiEEEEPiET0_T_SA_S9_
                0x08001e2c       0x30 ./Core/Src/main.o
                0x08001e2c                int* std::copy<__gnu_cxx::__normal_iterator<int const*, std::vector<int, std::allocator<int> > >, int*>(__gnu_cxx::__normal_iterator<int const*, std::vector<int, std::allocator<int> > >, __gnu_cxx::__normal_iterator<int const*, std::vector<int, std::allocator<int> > >, int*)
 .text._ZNKSt15__new_allocatorIiE8max_sizeEv
                0x08001e5c       0x18 ./Core/Src/main.o
                0x08001e5c                std::__new_allocator<int>::max_size() const
 .text._ZNKSt15__new_allocatorIiE11_M_max_sizeEv
                0x08001e74       0x18 ./Core/Src/main.o
                0x08001e74                std::__new_allocator<int>::_M_max_size() const
 .text._ZSt4copyIPKiPiET0_T_S4_S3_
                0x08001e8c       0x30 ./Core/Src/main.o
                0x08001e8c                int* std::copy<int const*, int*>(int const*, int const*, int*)
 .text._ZNKSt15__new_allocatorISt6vectorIiSaIiEEE8max_sizeEv
                0x08001ebc       0x18 ./Core/Src/main.o
                0x08001ebc                std::__new_allocator<std::vector<int, std::allocator<int> > >::max_size() const
 .text._ZNKSt15__new_allocatorISt6vectorIiSaIiEEE11_M_max_sizeEv
                0x08001ed4       0x1c ./Core/Src/main.o
                0x08001ed4                std::__new_allocator<std::vector<int, std::allocator<int> > >::_M_max_size() const
 .text._ZSt16__do_uninit_copyIPKSt6vectorIiSaIiEEPS2_ET0_T_S7_S6_
                0x08001ef0       0x40 ./Core/Src/main.o
                0x08001ef0                std::vector<int, std::allocator<int> >* std::__do_uninit_copy<std::vector<int, std::allocator<int> > const*, std::vector<int, std::allocator<int> >*>(std::vector<int, std::allocator<int> > const*, std::vector<int, std::allocator<int> > const*, std::vector<int, std::allocator<int> >*)
 .text._ZSt12__miter_baseIN9__gnu_cxx17__normal_iteratorIPKiSt6vectorIiSaIiEEEEET_S8_
                0x08001f30       0x16 ./Core/Src/main.o
                0x08001f30                __gnu_cxx::__normal_iterator<int const*, std::vector<int, std::allocator<int> > > std::__miter_base<__gnu_cxx::__normal_iterator<int const*, std::vector<int, std::allocator<int> > > >(__gnu_cxx::__normal_iterator<int const*, std::vector<int, std::allocator<int> > >)
 .text._ZSt13__copy_move_aILb0EN9__gnu_cxx17__normal_iteratorIPKiSt6vectorIiSaIiEEEEPiET1_T0_SA_S9_
                0x08001f46       0x46 ./Core/Src/main.o
                0x08001f46                int* std::__copy_move_a<false, __gnu_cxx::__normal_iterator<int const*, std::vector<int, std::allocator<int> > >, int*>(__gnu_cxx::__normal_iterator<int const*, std::vector<int, std::allocator<int> > >, __gnu_cxx::__normal_iterator<int const*, std::vector<int, std::allocator<int> > >, int*)
 .text._ZSt12__miter_baseIPKiET_S2_
                0x08001f8c       0x16 ./Core/Src/main.o
                0x08001f8c                int const* std::__miter_base<int const*>(int const*)
 .text._ZSt13__copy_move_aILb0EPKiPiET1_T0_S4_S3_
                0x08001fa2       0x46 ./Core/Src/main.o
                0x08001fa2                int* std::__copy_move_a<false, int const*, int*>(int const*, int const*, int*)
 .text._ZSt10_ConstructISt6vectorIiSaIiEEJRKS2_EEvPT_DpOT0_
                0x08001fe8       0x2e ./Core/Src/main.o
                0x08001fe8                void std::_Construct<std::vector<int, std::allocator<int> >, std::vector<int, std::allocator<int> > const&>(std::vector<int, std::allocator<int> >*, std::vector<int, std::allocator<int> > const&)
 .text._ZSt12__niter_baseIPKiSt6vectorIiSaIiEEET_N9__gnu_cxx17__normal_iteratorIS5_T0_EE
                0x08002016       0x1c ./Core/Src/main.o
                0x08002016                int const* std::__niter_base<int const*, std::vector<int, std::allocator<int> > >(__gnu_cxx::__normal_iterator<int const*, std::vector<int, std::allocator<int> > >)
 .text._ZSt12__niter_baseIPiET_S1_
                0x08002032       0x16 ./Core/Src/main.o
                0x08002032                int* std::__niter_base<int*>(int*)
 .text._ZSt14__copy_move_a1ILb0EPKiPiET1_T0_S4_S3_
                0x08002048       0x20 ./Core/Src/main.o
                0x08002048                int* std::__copy_move_a1<false, int const*, int*>(int const*, int const*, int*)
 .text._ZSt12__niter_wrapIPiET_RKS1_S1_
                0x08002068       0x18 ./Core/Src/main.o
                0x08002068                int* std::__niter_wrap<int*>(int* const&, int*)
 .text._ZSt12__niter_baseIPKiET_S2_
                0x08002080       0x16 ./Core/Src/main.o
                0x08002080                int const* std::__niter_base<int const*>(int const*)
 .text._ZSt7forwardIRKSt6vectorIiSaIiEEEOT_RNSt16remove_referenceIS5_E4typeE
                0x08002096       0x16 ./Core/Src/main.o
                0x08002096                std::vector<int, std::allocator<int> > const& std::forward<std::vector<int, std::allocator<int> > const&>(std::remove_reference<std::vector<int, std::allocator<int> > const&>::type&)
 .text._ZNK9__gnu_cxx17__normal_iteratorIPKiSt6vectorIiSaIiEEE4baseEv
                0x080020ac       0x16 ./Core/Src/main.o
                0x080020ac                __gnu_cxx::__normal_iterator<int const*, std::vector<int, std::allocator<int> > >::base() const
 .text._ZSt14__copy_move_a2ILb0EPKiPiET1_T0_S4_S3_
                0x080020c2       0x20 ./Core/Src/main.o
                0x080020c2                int* std::__copy_move_a2<false, int const*, int*>(int const*, int const*, int*)
 .text._ZNSt11__copy_moveILb0ELb1ESt26random_access_iterator_tagE8__copy_mIiEEPT_PKS3_S6_S4_
                0x080020e2       0x3a ./Core/Src/main.o
                0x080020e2                int* std::__copy_move<false, true, std::random_access_iterator_tag>::__copy_m<int>(int const*, int const*, int*)
 .text.HAL_MspInit
                0x0800211c       0x48 ./Core/Src/stm32g4xx_hal_msp.o
                0x0800211c                HAL_MspInit
 .text.HAL_ADC_MspInit
                0x08002164      0x108 ./Core/Src/stm32g4xx_hal_msp.o
                0x08002164                HAL_ADC_MspInit
 .text.HAL_UART_MspInit
                0x0800226c      0x130 ./Core/Src/stm32g4xx_hal_msp.o
                0x0800226c                HAL_UART_MspInit
 .text.NMI_Handler
                0x0800239c        0x8 ./Core/Src/stm32g4xx_it.o
                0x0800239c                NMI_Handler
 .text.HardFault_Handler
                0x080023a4        0x8 ./Core/Src/stm32g4xx_it.o
                0x080023a4                HardFault_Handler
 .text.MemManage_Handler
                0x080023ac        0x8 ./Core/Src/stm32g4xx_it.o
                0x080023ac                MemManage_Handler
 .text.BusFault_Handler
                0x080023b4        0x8 ./Core/Src/stm32g4xx_it.o
                0x080023b4                BusFault_Handler
 .text.UsageFault_Handler
                0x080023bc        0x8 ./Core/Src/stm32g4xx_it.o
                0x080023bc                UsageFault_Handler
 .text.SVC_Handler
                0x080023c4        0xe ./Core/Src/stm32g4xx_it.o
                0x080023c4                SVC_Handler
 .text.DebugMon_Handler
                0x080023d2        0xe ./Core/Src/stm32g4xx_it.o
                0x080023d2                DebugMon_Handler
 .text.PendSV_Handler
                0x080023e0        0xe ./Core/Src/stm32g4xx_it.o
                0x080023e0                PendSV_Handler
 .text.SysTick_Handler
                0x080023ee        0xc ./Core/Src/stm32g4xx_it.o
                0x080023ee                SysTick_Handler
 *fill*         0x080023fa        0x2 
 .text.DMA1_Channel1_IRQHandler
                0x080023fc       0x14 ./Core/Src/stm32g4xx_it.o
                0x080023fc                DMA1_Channel1_IRQHandler
 .text._getpid  0x08002410       0x10 ./Core/Src/syscalls.o
                0x08002410                _getpid
 .text._kill    0x08002420       0x20 ./Core/Src/syscalls.o
                0x08002420                _kill
 .text._exit    0x08002440       0x16 ./Core/Src/syscalls.o
                0x08002440                _exit
 *fill*         0x08002456        0x2 
 .text._sbrk    0x08002458       0x6c ./Core/Src/sysmem.o
                0x08002458                _sbrk
 .text.SystemInit
                0x080024c4       0x24 ./Core/Src/system_stm32g4xx.o
                0x080024c4                SystemInit
 .text.Reset_Handler
                0x080024e8       0x50 ./Core/Startup/startup_stm32g431kbtx.o
                0x080024e8                Reset_Handler
 .text.Default_Handler
                0x08002538        0x2 ./Core/Startup/startup_stm32g431kbtx.o
                0x08002538                RTC_Alarm_IRQHandler
                0x08002538                EXTI2_IRQHandler
                0x08002538                TIM8_TRG_COM_IRQHandler
                0x08002538                TIM8_CC_IRQHandler
                0x08002538                TIM1_CC_IRQHandler
                0x08002538                USB_HP_IRQHandler
                0x08002538                CORDIC_IRQHandler
                0x08002538                EXTI3_IRQHandler
                0x08002538                I2C3_ER_IRQHandler
                0x08002538                EXTI0_IRQHandler
                0x08002538                I2C2_EV_IRQHandler
                0x08002538                FPU_IRQHandler
                0x08002538                FDCAN1_IT1_IRQHandler
                0x08002538                TIM1_UP_TIM16_IRQHandler
                0x08002538                ADC1_2_IRQHandler
                0x08002538                SPI1_IRQHandler
                0x08002538                TIM6_DAC_IRQHandler
                0x08002538                TIM8_UP_IRQHandler
                0x08002538                DMA2_Channel2_IRQHandler
                0x08002538                DMA1_Channel4_IRQHandler
                0x08002538                USART3_IRQHandler
                0x08002538                TIM4_IRQHandler
                0x08002538                DMA2_Channel1_IRQHandler
                0x08002538                I2C1_EV_IRQHandler
                0x08002538                DMA1_Channel6_IRQHandler
                0x08002538                UART4_IRQHandler
                0x08002538                DMA2_Channel4_IRQHandler
                0x08002538                TIM3_IRQHandler
                0x08002538                RCC_IRQHandler
                0x08002538                Default_Handler
                0x08002538                RTC_TAMP_LSECSS_IRQHandler
                0x08002538                FMAC_IRQHandler
                0x08002538                EXTI15_10_IRQHandler
                0x08002538                TIM7_IRQHandler
                0x08002538                UCPD1_IRQHandler
                0x08002538                I2C3_EV_IRQHandler
                0x08002538                EXTI9_5_IRQHandler
                0x08002538                RTC_WKUP_IRQHandler
                0x08002538                PVD_PVM_IRQHandler
                0x08002538                SPI2_IRQHandler
                0x08002538                DMA2_Channel5_IRQHandler
                0x08002538                CRS_IRQHandler
                0x08002538                DMA1_Channel5_IRQHandler
                0x08002538                USB_LP_IRQHandler
                0x08002538                EXTI4_IRQHandler
                0x08002538                RNG_IRQHandler
                0x08002538                TIM1_TRG_COM_TIM17_IRQHandler
                0x08002538                DMA1_Channel3_IRQHandler
                0x08002538                WWDG_IRQHandler
                0x08002538                LPUART1_IRQHandler
                0x08002538                DMA2_Channel6_IRQHandler
                0x08002538                FDCAN1_IT0_IRQHandler
                0x08002538                TIM2_IRQHandler
                0x08002538                COMP1_2_3_IRQHandler
                0x08002538                EXTI1_IRQHandler
                0x08002538                USART2_IRQHandler
                0x08002538                I2C2_ER_IRQHandler
                0x08002538                DMA1_Channel2_IRQHandler
                0x08002538                TIM8_BRK_IRQHandler
                0x08002538                FLASH_IRQHandler
                0x08002538                USART1_IRQHandler
                0x08002538                SPI3_IRQHandler
                0x08002538                I2C1_ER_IRQHandler
                0x08002538                LPTIM1_IRQHandler
                0x08002538                DMAMUX_OVR_IRQHandler
                0x08002538                USBWakeUp_IRQHandler
                0x08002538                SAI1_IRQHandler
                0x08002538                DMA2_Channel3_IRQHandler
                0x08002538                COMP4_IRQHandler
                0x08002538                TIM1_BRK_TIM15_IRQHandler
 .text.HAL_Init
                0x0800253a       0x30 ./Drivers/STM32G4xx_HAL_Driver/Src/stm32g4xx_hal.o
                0x0800253a                HAL_Init
 *fill*         0x0800256a        0x2 
 .text.HAL_InitTick
                0x0800256c       0x74 ./Drivers/STM32G4xx_HAL_Driver/Src/stm32g4xx_hal.o
                0x0800256c                HAL_InitTick
 .text.HAL_IncTick
                0x080025e0       0x24 ./Drivers/STM32G4xx_HAL_Driver/Src/stm32g4xx_hal.o
                0x080025e0                HAL_IncTick
 .text.HAL_GetTick
                0x08002604       0x18 ./Drivers/STM32G4xx_HAL_Driver/Src/stm32g4xx_hal.o
                0x08002604                HAL_GetTick
 .text.HAL_Delay
                0x0800261c       0x44 ./Drivers/STM32G4xx_HAL_Driver/Src/stm32g4xx_hal.o
                0x0800261c                HAL_Delay
 .text.LL_ADC_SetCommonClock
                0x08002660       0x26 ./Drivers/STM32G4xx_HAL_Driver/Src/stm32g4xx_hal_adc.o
 .text.LL_ADC_SetCommonPathInternalCh
                0x08002686       0x26 ./Drivers/STM32G4xx_HAL_Driver/Src/stm32g4xx_hal_adc.o
 .text.LL_ADC_GetCommonPathInternalCh
                0x080026ac       0x1c ./Drivers/STM32G4xx_HAL_Driver/Src/stm32g4xx_hal_adc.o
 .text.LL_ADC_SetOffset
                0x080026c8       0x48 ./Drivers/STM32G4xx_HAL_Driver/Src/stm32g4xx_hal_adc.o
 .text.LL_ADC_GetOffsetChannel
                0x08002710       0x2c ./Drivers/STM32G4xx_HAL_Driver/Src/stm32g4xx_hal_adc.o
 .text.LL_ADC_SetOffsetState
                0x0800273c       0x36 ./Drivers/STM32G4xx_HAL_Driver/Src/stm32g4xx_hal_adc.o
 .text.LL_ADC_SetOffsetSign
                0x08002772       0x36 ./Drivers/STM32G4xx_HAL_Driver/Src/stm32g4xx_hal_adc.o
 .text.LL_ADC_SetOffsetSaturation
                0x080027a8       0x36 ./Drivers/STM32G4xx_HAL_Driver/Src/stm32g4xx_hal_adc.o
 .text.LL_ADC_SetSamplingTimeCommonConfig
                0x080027de       0x26 ./Drivers/STM32G4xx_HAL_Driver/Src/stm32g4xx_hal_adc.o
 .text.LL_ADC_REG_SetSequencerRanks
                0x08002804       0x58 ./Drivers/STM32G4xx_HAL_Driver/Src/stm32g4xx_hal_adc.o
 .text.LL_ADC_SetChannelSamplingTime
                0x0800285c       0x56 ./Drivers/STM32G4xx_HAL_Driver/Src/stm32g4xx_hal_adc.o
 *fill*         0x080028b2        0x2 
 .text.LL_ADC_SetChannelSingleDiff
                0x080028b4       0x48 ./Drivers/STM32G4xx_HAL_Driver/Src/stm32g4xx_hal_adc.o
 .text.LL_ADC_DisableDeepPowerDown
                0x080028fc       0x24 ./Drivers/STM32G4xx_HAL_Driver/Src/stm32g4xx_hal_adc.o
 .text.LL_ADC_IsDeepPowerDownEnabled
                0x08002920       0x28 ./Drivers/STM32G4xx_HAL_Driver/Src/stm32g4xx_hal_adc.o
 .text.LL_ADC_EnableInternalRegulator
                0x08002948       0x28 ./Drivers/STM32G4xx_HAL_Driver/Src/stm32g4xx_hal_adc.o
 .text.LL_ADC_IsInternalRegulatorEnabled
                0x08002970       0x28 ./Drivers/STM32G4xx_HAL_Driver/Src/stm32g4xx_hal_adc.o
 .text.LL_ADC_IsEnabled
                0x08002998       0x26 ./Drivers/STM32G4xx_HAL_Driver/Src/stm32g4xx_hal_adc.o
 .text.LL_ADC_REG_IsConversionOngoing
                0x080029be       0x26 ./Drivers/STM32G4xx_HAL_Driver/Src/stm32g4xx_hal_adc.o
 .text.LL_ADC_INJ_IsConversionOngoing
                0x080029e4       0x26 ./Drivers/STM32G4xx_HAL_Driver/Src/stm32g4xx_hal_adc.o
 *fill*         0x08002a0a        0x2 
 .text.HAL_ADC_Init
                0x08002a0c      0x308 ./Drivers/STM32G4xx_HAL_Driver/Src/stm32g4xx_hal_adc.o
                0x08002a0c                HAL_ADC_Init
 .text.HAL_ADC_ConfigChannel
                0x08002d14      0x7e0 ./Drivers/STM32G4xx_HAL_Driver/Src/stm32g4xx_hal_adc.o
                0x08002d14                HAL_ADC_ConfigChannel
 .text.__NVIC_SetPriorityGrouping
                0x080034f4       0x48 ./Drivers/STM32G4xx_HAL_Driver/Src/stm32g4xx_hal_cortex.o
 .text.__NVIC_GetPriorityGrouping
                0x0800353c       0x1c ./Drivers/STM32G4xx_HAL_Driver/Src/stm32g4xx_hal_cortex.o
 .text.__NVIC_EnableIRQ
                0x08003558       0x3c ./Drivers/STM32G4xx_HAL_Driver/Src/stm32g4xx_hal_cortex.o
 .text.__NVIC_SetPriority
                0x08003594       0x54 ./Drivers/STM32G4xx_HAL_Driver/Src/stm32g4xx_hal_cortex.o
 .text.NVIC_EncodePriority
                0x080035e8       0x66 ./Drivers/STM32G4xx_HAL_Driver/Src/stm32g4xx_hal_cortex.o
 *fill*         0x0800364e        0x2 
 .text.SysTick_Config
                0x08003650       0x44 ./Drivers/STM32G4xx_HAL_Driver/Src/stm32g4xx_hal_cortex.o
 .text.HAL_NVIC_SetPriorityGrouping
                0x08003694       0x16 ./Drivers/STM32G4xx_HAL_Driver/Src/stm32g4xx_hal_cortex.o
                0x08003694                HAL_NVIC_SetPriorityGrouping
 .text.HAL_NVIC_SetPriority
                0x080036aa       0x34 ./Drivers/STM32G4xx_HAL_Driver/Src/stm32g4xx_hal_cortex.o
                0x080036aa                HAL_NVIC_SetPriority
 .text.HAL_NVIC_EnableIRQ
                0x080036de       0x1c ./Drivers/STM32G4xx_HAL_Driver/Src/stm32g4xx_hal_cortex.o
                0x080036de                HAL_NVIC_EnableIRQ
 .text.HAL_SYSTICK_Config
                0x080036fa       0x18 ./Drivers/STM32G4xx_HAL_Driver/Src/stm32g4xx_hal_cortex.o
                0x080036fa                HAL_SYSTICK_Config
 *fill*         0x08003712        0x2 
 .text.HAL_DMA_Init
                0x08003714      0x150 ./Drivers/STM32G4xx_HAL_Driver/Src/stm32g4xx_hal_dma.o
                0x08003714                HAL_DMA_Init
 .text.HAL_DMA_IRQHandler
                0x08003864      0x15e ./Drivers/STM32G4xx_HAL_Driver/Src/stm32g4xx_hal_dma.o
                0x08003864                HAL_DMA_IRQHandler
 *fill*         0x080039c2        0x2 
 .text.DMA_CalcDMAMUXChannelBaseAndMask
                0x080039c4       0x7c ./Drivers/STM32G4xx_HAL_Driver/Src/stm32g4xx_hal_dma.o
 .text.DMA_CalcDMAMUXRequestGenBaseAndMask
                0x08003a40       0x48 ./Drivers/STM32G4xx_HAL_Driver/Src/stm32g4xx_hal_dma.o
 .text.HAL_GPIO_Init
                0x08003a88      0x304 ./Drivers/STM32G4xx_HAL_Driver/Src/stm32g4xx_hal_gpio.o
                0x08003a88                HAL_GPIO_Init
 .text.HAL_GPIO_WritePin
                0x08003d8c       0x30 ./Drivers/STM32G4xx_HAL_Driver/Src/stm32g4xx_hal_gpio.o
                0x08003d8c                HAL_GPIO_WritePin
 .text.HAL_PWREx_ControlVoltageScaling
                0x08003dbc      0x148 ./Drivers/STM32G4xx_HAL_Driver/Src/stm32g4xx_hal_pwr_ex.o
                0x08003dbc                HAL_PWREx_ControlVoltageScaling
 .text.HAL_PWREx_DisableUCPDDeadBattery
                0x08003f04       0x20 ./Drivers/STM32G4xx_HAL_Driver/Src/stm32g4xx_hal_pwr_ex.o
                0x08003f04                HAL_PWREx_DisableUCPDDeadBattery
 .text.HAL_RCC_OscConfig
                0x08003f24      0x624 ./Drivers/STM32G4xx_HAL_Driver/Src/stm32g4xx_hal_rcc.o
                0x08003f24                HAL_RCC_OscConfig
 .text.HAL_RCC_ClockConfig
                0x08004548      0x278 ./Drivers/STM32G4xx_HAL_Driver/Src/stm32g4xx_hal_rcc.o
                0x08004548                HAL_RCC_ClockConfig
 .text.HAL_RCC_GetSysClockFreq
                0x080047c0       0xc4 ./Drivers/STM32G4xx_HAL_Driver/Src/stm32g4xx_hal_rcc.o
                0x080047c0                HAL_RCC_GetSysClockFreq
 .text.HAL_RCC_GetHCLKFreq
                0x08004884       0x18 ./Drivers/STM32G4xx_HAL_Driver/Src/stm32g4xx_hal_rcc.o
                0x08004884                HAL_RCC_GetHCLKFreq
 .text.HAL_RCC_GetPCLK1Freq
                0x0800489c       0x2c ./Drivers/STM32G4xx_HAL_Driver/Src/stm32g4xx_hal_rcc.o
                0x0800489c                HAL_RCC_GetPCLK1Freq
 .text.HAL_RCC_GetPCLK2Freq
                0x080048c8       0x2c ./Drivers/STM32G4xx_HAL_Driver/Src/stm32g4xx_hal_rcc.o
                0x080048c8                HAL_RCC_GetPCLK2Freq
 .text.RCC_GetSysClockFreqFromPLLSource
                0x080048f4       0x8c ./Drivers/STM32G4xx_HAL_Driver/Src/stm32g4xx_hal_rcc.o
 .text.HAL_RCCEx_PeriphCLKConfig
                0x08004980      0x3e0 ./Drivers/STM32G4xx_HAL_Driver/Src/stm32g4xx_hal_rcc_ex.o
                0x08004980                HAL_RCCEx_PeriphCLKConfig
 .text.HAL_UART_Init
                0x08004d60       0xa0 ./Drivers/STM32G4xx_HAL_Driver/Src/stm32g4xx_hal_uart.o
                0x08004d60                HAL_UART_Init
 .text.HAL_HalfDuplex_Init
                0x08004e00       0xb0 ./Drivers/STM32G4xx_HAL_Driver/Src/stm32g4xx_hal_uart.o
                0x08004e00                HAL_HalfDuplex_Init
 .text.HAL_UART_Transmit
                0x08004eb0      0x11c ./Drivers/STM32G4xx_HAL_Driver/Src/stm32g4xx_hal_uart.o
                0x08004eb0                HAL_UART_Transmit
 .text.HAL_UART_Receive
                0x08004fcc      0x190 ./Drivers/STM32G4xx_HAL_Driver/Src/stm32g4xx_hal_uart.o
                0x08004fcc                HAL_UART_Receive
 .text.UART_SetConfig
                0x0800515c      0x598 ./Drivers/STM32G4xx_HAL_Driver/Src/stm32g4xx_hal_uart.o
                0x0800515c                UART_SetConfig
 .text.UART_AdvFeatureConfig
                0x080056f4      0x144 ./Drivers/STM32G4xx_HAL_Driver/Src/stm32g4xx_hal_uart.o
                0x080056f4                UART_AdvFeatureConfig
 .text.UART_CheckIdleState
                0x08005838      0x154 ./Drivers/STM32G4xx_HAL_Driver/Src/stm32g4xx_hal_uart.o
                0x08005838                UART_CheckIdleState
 .text.UART_WaitOnFlagUntilTimeout
                0x0800598c       0xda ./Drivers/STM32G4xx_HAL_Driver/Src/stm32g4xx_hal_uart.o
                0x0800598c                UART_WaitOnFlagUntilTimeout
 .text.UART_EndRxTransfer
                0x08005a66       0xcc ./Drivers/STM32G4xx_HAL_Driver/Src/stm32g4xx_hal_uart.o
 .text.HAL_UARTEx_EnableFifoMode
                0x08005b32       0x76 ./Drivers/STM32G4xx_HAL_Driver/Src/stm32g4xx_hal_uart_ex.o
                0x08005b32                HAL_UARTEx_EnableFifoMode
 .text.HAL_UARTEx_DisableFifoMode
                0x08005ba8       0x72 ./Drivers/STM32G4xx_HAL_Driver/Src/stm32g4xx_hal_uart_ex.o
                0x08005ba8                HAL_UARTEx_DisableFifoMode
 .text.HAL_UARTEx_SetTxFifoThreshold
                0x08005c1a       0x7c ./Drivers/STM32G4xx_HAL_Driver/Src/stm32g4xx_hal_uart_ex.o
                0x08005c1a                HAL_UARTEx_SetTxFifoThreshold
 .text.HAL_UARTEx_SetRxFifoThreshold
                0x08005c96       0x7c ./Drivers/STM32G4xx_HAL_Driver/Src/stm32g4xx_hal_uart_ex.o
                0x08005c96                HAL_UARTEx_SetRxFifoThreshold
 *fill*         0x08005d12        0x2 
 .text.UARTEx_SetNbDataToProcess
                0x08005d14       0x9c ./Drivers/STM32G4xx_HAL_Driver/Src/stm32g4xx_hal_uart_ex.o
 .text._ZdlPvj  0x08005db0        0x4 /home/arusso/st/stm32cubeide_1.15.0/plugins/com.st.stm32cube.ide.mcu.externaltools.gnu-tools-for-stm32.12.3.rel1.linux64_1.0.100.202403111256/tools/bin/../lib/gcc/arm-none-eabi/12.3.1/../../../../arm-none-eabi/lib/thumb/v7e-m+fp/hard/libstdc++_nano.a(del_ops.o)
                0x08005db0                operator delete(void*, unsigned int)
 .text._Znwj    0x08005db4       0x22 /home/arusso/st/stm32cubeide_1.15.0/plugins/com.st.stm32cube.ide.mcu.externaltools.gnu-tools-for-stm32.12.3.rel1.linux64_1.0.100.202403111256/tools/bin/../lib/gcc/arm-none-eabi/12.3.1/../../../../arm-none-eabi/lib/thumb/v7e-m+fp/hard/libstdc++_nano.a(new_op.o)
                0x08005db4                operator new(unsigned int)
 .text.unlikely._ZSt17__throw_bad_allocv
                0x08005dd6        0x6 /home/arusso/st/stm32cubeide_1.15.0/plugins/com.st.stm32cube.ide.mcu.externaltools.gnu-tools-for-stm32.12.3.rel1.linux64_1.0.100.202403111256/tools/bin/../lib/gcc/arm-none-eabi/12.3.1/../../../../arm-none-eabi/lib/thumb/v7e-m+fp/hard/libstdc++_nano.a(functexcept.o)
                0x08005dd6                std::__throw_bad_alloc()
 .text.unlikely._ZSt28__throw_bad_array_new_lengthv
                0x08005ddc        0x6 /home/arusso/st/stm32cubeide_1.15.0/plugins/com.st.stm32cube.ide.mcu.externaltools.gnu-tools-for-stm32.12.3.rel1.linux64_1.0.100.202403111256/tools/bin/../lib/gcc/arm-none-eabi/12.3.1/../../../../arm-none-eabi/lib/thumb/v7e-m+fp/hard/libstdc++_nano.a(functexcept.o)
                0x08005ddc                std::__throw_bad_array_new_length()
 .text.unlikely._ZSt20__throw_length_errorPKc
                0x08005de2        0x6 /home/arusso/st/stm32cubeide_1.15.0/plugins/com.st.stm32cube.ide.mcu.externaltools.gnu-tools-for-stm32.12.3.rel1.linux64_1.0.100.202403111256/tools/bin/../lib/gcc/arm-none-eabi/12.3.1/../../../../arm-none-eabi/lib/thumb/v7e-m+fp/hard/libstdc++_nano.a(functexcept.o)
                0x08005de2                std::__throw_length_error(char const*)
 .text._ZdlPv   0x08005de8        0x4 /home/arusso/st/stm32cubeide_1.15.0/plugins/com.st.stm32cube.ide.mcu.externaltools.gnu-tools-for-stm32.12.3.rel1.linux64_1.0.100.202403111256/tools/bin/../lib/gcc/arm-none-eabi/12.3.1/../../../../arm-none-eabi/lib/thumb/v7e-m+fp/hard/libstdc++_nano.a(del_op.o)
                0x08005de8                operator delete(void*)
 .text._ZSt15get_new_handlerv
                0x08005dec       0x10 /home/arusso/st/stm32cubeide_1.15.0/plugins/com.st.stm32cube.ide.mcu.externaltools.gnu-tools-for-stm32.12.3.rel1.linux64_1.0.100.202403111256/tools/bin/../lib/gcc/arm-none-eabi/12.3.1/../../../../arm-none-eabi/lib/thumb/v7e-m+fp/hard/libstdc++_nano.a(new_handler.o)
                0x08005dec                std::get_new_handler()
 .text.abort    0x08005dfc        0xe /home/arusso/st/stm32cubeide_1.15.0/plugins/com.st.stm32cube.ide.mcu.externaltools.gnu-tools-for-stm32.12.3.rel1.linux64_1.0.100.202403111256/tools/bin/../lib/gcc/arm-none-eabi/12.3.1/../../../../arm-none-eabi/lib/thumb/v7e-m+fp/hard/libc_nano.a(libc_a-abort.o)
                0x08005dfc                abort
 *fill*         0x08005e0a        0x2 
 .text.malloc   0x08005e0c       0x10 /home/arusso/st/stm32cubeide_1.15.0/plugins/com.st.stm32cube.ide.mcu.externaltools.gnu-tools-for-stm32.12.3.rel1.linux64_1.0.100.202403111256/tools/bin/../lib/gcc/arm-none-eabi/12.3.1/../../../../arm-none-eabi/lib/thumb/v7e-m+fp/hard/libc_nano.a(libc_a-malloc.o)
                0x08005e0c                malloc
 .text.free     0x08005e1c       0x10 /home/arusso/st/stm32cubeide_1.15.0/plugins/com.st.stm32cube.ide.mcu.externaltools.gnu-tools-for-stm32.12.3.rel1.linux64_1.0.100.202403111256/tools/bin/../lib/gcc/arm-none-eabi/12.3.1/../../../../arm-none-eabi/lib/thumb/v7e-m+fp/hard/libc_nano.a(libc_a-malloc.o)
                0x08005e1c                free
 .text.sbrk_aligned
                0x08005e2c       0x44 /home/arusso/st/stm32cubeide_1.15.0/plugins/com.st.stm32cube.ide.mcu.externaltools.gnu-tools-for-stm32.12.3.rel1.linux64_1.0.100.202403111256/tools/bin/../lib/gcc/arm-none-eabi/12.3.1/../../../../arm-none-eabi/lib/thumb/v7e-m+fp/hard/libc_nano.a(libc_a-mallocr.o)
 .text._malloc_r
                0x08005e70      0x100 /home/arusso/st/stm32cubeide_1.15.0/plugins/com.st.stm32cube.ide.mcu.externaltools.gnu-tools-for-stm32.12.3.rel1.linux64_1.0.100.202403111256/tools/bin/../lib/gcc/arm-none-eabi/12.3.1/../../../../arm-none-eabi/lib/thumb/v7e-m+fp/hard/libc_nano.a(libc_a-mallocr.o)
                0x08005e70                _malloc_r
 .text.__malloc_lock
                0x08005f70        0xc /home/arusso/st/stm32cubeide_1.15.0/plugins/com.st.stm32cube.ide.mcu.externaltools.gnu-tools-for-stm32.12.3.rel1.linux64_1.0.100.202403111256/tools/bin/../lib/gcc/arm-none-eabi/12.3.1/../../../../arm-none-eabi/lib/thumb/v7e-m+fp/hard/libc_nano.a(libc_a-mlock.o)
                0x08005f70                __malloc_lock
 .text.__malloc_unlock
                0x08005f7c        0xc /home/arusso/st/stm32cubeide_1.15.0/plugins/com.st.stm32cube.ide.mcu.externaltools.gnu-tools-for-stm32.12.3.rel1.linux64_1.0.100.202403111256/tools/bin/../lib/gcc/arm-none-eabi/12.3.1/../../../../arm-none-eabi/lib/thumb/v7e-m+fp/hard/libc_nano.a(libc_a-mlock.o)
                0x08005f7c                __malloc_unlock
 .text.memmove  0x08005f88       0x34 /home/arusso/st/stm32cubeide_1.15.0/plugins/com.st.stm32cube.ide.mcu.externaltools.gnu-tools-for-stm32.12.3.rel1.linux64_1.0.100.202403111256/tools/bin/../lib/gcc/arm-none-eabi/12.3.1/../../../../arm-none-eabi/lib/thumb/v7e-m+fp/hard/libc_nano.a(libc_a-memmove.o)
                0x08005f88                memmove
 .text.memset   0x08005fbc       0x10 /home/arusso/st/stm32cubeide_1.15.0/plugins/com.st.stm32cube.ide.mcu.externaltools.gnu-tools-for-stm32.12.3.rel1.linux64_1.0.100.202403111256/tools/bin/../lib/gcc/arm-none-eabi/12.3.1/../../../../arm-none-eabi/lib/thumb/v7e-m+fp/hard/libc_nano.a(libc_a-memset.o)
                0x08005fbc                memset
 .text._raise_r
                0x08005fcc       0x50 /home/arusso/st/stm32cubeide_1.15.0/plugins/com.st.stm32cube.ide.mcu.externaltools.gnu-tools-for-stm32.12.3.rel1.linux64_1.0.100.202403111256/tools/bin/../lib/gcc/arm-none-eabi/12.3.1/../../../../arm-none-eabi/lib/thumb/v7e-m+fp/hard/libc_nano.a(libc_a-signal.o)
                0x08005fcc                _raise_r
 .text.raise    0x0800601c       0x10 /home/arusso/st/stm32cubeide_1.15.0/plugins/com.st.stm32cube.ide.mcu.externaltools.gnu-tools-for-stm32.12.3.rel1.linux64_1.0.100.202403111256/tools/bin/../lib/gcc/arm-none-eabi/12.3.1/../../../../arm-none-eabi/lib/thumb/v7e-m+fp/hard/libc_nano.a(libc_a-signal.o)
                0x0800601c                raise
 .text._kill_r  0x0800602c       0x24 /home/arusso/st/stm32cubeide_1.15.0/plugins/com.st.stm32cube.ide.mcu.externaltools.gnu-tools-for-stm32.12.3.rel1.linux64_1.0.100.202403111256/tools/bin/../lib/gcc/arm-none-eabi/12.3.1/../../../../arm-none-eabi/lib/thumb/v7e-m+fp/hard/libc_nano.a(libc_a-signalr.o)
                0x0800602c                _kill_r
 .text._getpid_r
                0x08006050        0x4 /home/arusso/st/stm32cubeide_1.15.0/plugins/com.st.stm32cube.ide.mcu.externaltools.gnu-tools-for-stm32.12.3.rel1.linux64_1.0.100.202403111256/tools/bin/../lib/gcc/arm-none-eabi/12.3.1/../../../../arm-none-eabi/lib/thumb/v7e-m+fp/hard/libc_nano.a(libc_a-signalr.o)
                0x08006050                _getpid_r
 .text._sbrk_r  0x08006054       0x20 /home/arusso/st/stm32cubeide_1.15.0/plugins/com.st.stm32cube.ide.mcu.externaltools.gnu-tools-for-stm32.12.3.rel1.linux64_1.0.100.202403111256/tools/bin/../lib/gcc/arm-none-eabi/12.3.1/../../../../arm-none-eabi/lib/thumb/v7e-m+fp/hard/libc_nano.a(libc_a-sbrkr.o)
                0x08006054                _sbrk_r
 .text.__errno  0x08006074        0xc /home/arusso/st/stm32cubeide_1.15.0/plugins/com.st.stm32cube.ide.mcu.externaltools.gnu-tools-for-stm32.12.3.rel1.linux64_1.0.100.202403111256/tools/bin/../lib/gcc/arm-none-eabi/12.3.1/../../../../arm-none-eabi/lib/thumb/v7e-m+fp/hard/libc_nano.a(libc_a-errno.o)
                0x08006074                __errno
 .text.__libc_init_array
                0x08006080       0x48 /home/arusso/st/stm32cubeide_1.15.0/plugins/com.st.stm32cube.ide.mcu.externaltools.gnu-tools-for-stm32.12.3.rel1.linux64_1.0.100.202403111256/tools/bin/../lib/gcc/arm-none-eabi/12.3.1/../../../../arm-none-eabi/lib/thumb/v7e-m+fp/hard/libc_nano.a(libc_a-init.o)
                0x08006080                __libc_init_array
 .text.__retarget_lock_acquire_recursive
                0x080060c8        0x2 /home/arusso/st/stm32cubeide_1.15.0/plugins/com.st.stm32cube.ide.mcu.externaltools.gnu-tools-for-stm32.12.3.rel1.linux64_1.0.100.202403111256/tools/bin/../lib/gcc/arm-none-eabi/12.3.1/../../../../arm-none-eabi/lib/thumb/v7e-m+fp/hard/libc_nano.a(libc_a-lock.o)
                0x080060c8                __retarget_lock_acquire_recursive
 .text.__retarget_lock_release_recursive
                0x080060ca        0x2 /home/arusso/st/stm32cubeide_1.15.0/plugins/com.st.stm32cube.ide.mcu.externaltools.gnu-tools-for-stm32.12.3.rel1.linux64_1.0.100.202403111256/tools/bin/../lib/gcc/arm-none-eabi/12.3.1/../../../../arm-none-eabi/lib/thumb/v7e-m+fp/hard/libc_nano.a(libc_a-lock.o)
                0x080060ca                __retarget_lock_release_recursive
 .text._free_r  0x080060cc       0x94 /home/arusso/st/stm32cubeide_1.15.0/plugins/com.st.stm32cube.ide.mcu.externaltools.gnu-tools-for-stm32.12.3.rel1.linux64_1.0.100.202403111256/tools/bin/../lib/gcc/arm-none-eabi/12.3.1/../../../../arm-none-eabi/lib/thumb/v7e-m+fp/hard/libc_nano.a(libc_a-freer.o)
                0x080060cc                _free_r
 *(.glue_7)
 .glue_7        0x08006160        0x0 linker stubs
 *(.glue_7t)
 .glue_7t       0x08006160        0x0 linker stubs
 *(.eh_frame)
 .eh_frame      0x08006160        0x0 /home/arusso/st/stm32cubeide_1.15.0/plugins/com.st.stm32cube.ide.mcu.externaltools.gnu-tools-for-stm32.12.3.rel1.linux64_1.0.100.202403111256/tools/bin/../lib/gcc/arm-none-eabi/12.3.1/thumb/v7e-m+fp/hard/crtbegin.o
 *(.init)
 .init          0x08006160        0x4 /home/arusso/st/stm32cubeide_1.15.0/plugins/com.st.stm32cube.ide.mcu.externaltools.gnu-tools-for-stm32.12.3.rel1.linux64_1.0.100.202403111256/tools/bin/../lib/gcc/arm-none-eabi/12.3.1/thumb/v7e-m+fp/hard/crti.o
                0x08006160                _init
 .init          0x08006164        0x8 /home/arusso/st/stm32cubeide_1.15.0/plugins/com.st.stm32cube.ide.mcu.externaltools.gnu-tools-for-stm32.12.3.rel1.linux64_1.0.100.202403111256/tools/bin/../lib/gcc/arm-none-eabi/12.3.1/thumb/v7e-m+fp/hard/crtn.o
 *(.fini)
 .fini          0x0800616c        0x4 /home/arusso/st/stm32cubeide_1.15.0/plugins/com.st.stm32cube.ide.mcu.externaltools.gnu-tools-for-stm32.12.3.rel1.linux64_1.0.100.202403111256/tools/bin/../lib/gcc/arm-none-eabi/12.3.1/thumb/v7e-m+fp/hard/crti.o
                0x0800616c                _fini
 .fini          0x08006170        0x8 /home/arusso/st/stm32cubeide_1.15.0/plugins/com.st.stm32cube.ide.mcu.externaltools.gnu-tools-for-stm32.12.3.rel1.linux64_1.0.100.202403111256/tools/bin/../lib/gcc/arm-none-eabi/12.3.1/thumb/v7e-m+fp/hard/crtn.o
                0x08006178                        . = ALIGN (0x4)
                0x08006178                        _etext = .

.vfp11_veneer   0x08006178        0x0
 .vfp11_veneer  0x08006178        0x0 linker stubs

.v4_bx          0x08006178        0x0
 .v4_bx         0x08006178        0x0 linker stubs

.iplt           0x08006178        0x0
 .iplt          0x08006178        0x0 /home/arusso/st/stm32cubeide_1.15.0/plugins/com.st.stm32cube.ide.mcu.externaltools.gnu-tools-for-stm32.12.3.rel1.linux64_1.0.100.202403111256/tools/bin/../lib/gcc/arm-none-eabi/12.3.1/thumb/v7e-m+fp/hard/crtbegin.o

.rodata         0x08006178      0x1b8
                0x08006178                        . = ALIGN (0x4)
 *(.rodata)
 .rodata        0x08006178      0x175 ./Core/Src/main.o
 *(.rodata*)
 *fill*         0x080062ed        0x3 
 .rodata.AHBPrescTable
                0x080062f0       0x10 ./Core/Src/system_stm32g4xx.o
                0x080062f0                AHBPrescTable
 .rodata.APBPrescTable
                0x08006300        0x8 ./Core/Src/system_stm32g4xx.o
                0x08006300                APBPrescTable
 .rodata.UARTPrescTable
                0x08006308       0x18 ./Drivers/STM32G4xx_HAL_Driver/Src/stm32g4xx_hal_uart.o
                0x08006308                UARTPrescTable
 .rodata.numerator.1
                0x08006320        0x8 ./Drivers/STM32G4xx_HAL_Driver/Src/stm32g4xx_hal_uart_ex.o
 .rodata.denominator.0
                0x08006328        0x8 ./Drivers/STM32G4xx_HAL_Driver/Src/stm32g4xx_hal_uart_ex.o
                0x08006330                        . = ALIGN (0x4)

.ARM.extab      0x08006330        0x0
                0x08006330                        . = ALIGN (0x4)
 *(.ARM.extab* .gnu.linkonce.armextab.*)
                0x08006330                        . = ALIGN (0x4)

.ARM            0x08006330        0x8
                0x08006330                        . = ALIGN (0x4)
                0x08006330                        __exidx_start = .
 *(.ARM.exidx*)
 .ARM.exidx     0x08006330        0x8 /home/arusso/st/stm32cubeide_1.15.0/plugins/com.st.stm32cube.ide.mcu.externaltools.gnu-tools-for-stm32.12.3.rel1.linux64_1.0.100.202403111256/tools/bin/../lib/gcc/arm-none-eabi/12.3.1/thumb/v7e-m+fp/hard/libgcc.a(_udivmoddi4.o)
                0x08006338                        __exidx_end = .
                0x08006338                        . = ALIGN (0x4)

.preinit_array  0x08006338        0x0
                0x08006338                        . = ALIGN (0x4)
                0x08006338                        PROVIDE (__preinit_array_start = .)
 *(.preinit_array*)
                0x08006338                        PROVIDE (__preinit_array_end = .)
                0x08006338                        . = ALIGN (0x4)

.init_array     0x08006338        0x4
                0x08006338                        . = ALIGN (0x4)
                0x08006338                        PROVIDE (__init_array_start = .)
 *(SORT_BY_NAME(.init_array.*))
 *(.init_array*)
 .init_array    0x08006338        0x4 /home/arusso/st/stm32cubeide_1.15.0/plugins/com.st.stm32cube.ide.mcu.externaltools.gnu-tools-for-stm32.12.3.rel1.linux64_1.0.100.202403111256/tools/bin/../lib/gcc/arm-none-eabi/12.3.1/thumb/v7e-m+fp/hard/crtbegin.o
                0x0800633c                        PROVIDE (__init_array_end = .)
                0x0800633c                        . = ALIGN (0x4)

.fini_array     0x0800633c        0x4
                0x0800633c                        . = ALIGN (0x4)
                [!provide]                        PROVIDE (__fini_array_start = .)
 *(SORT_BY_NAME(.fini_array.*))
 *(.fini_array*)
 .fini_array    0x0800633c        0x4 /home/arusso/st/stm32cubeide_1.15.0/plugins/com.st.stm32cube.ide.mcu.externaltools.gnu-tools-for-stm32.12.3.rel1.linux64_1.0.100.202403111256/tools/bin/../lib/gcc/arm-none-eabi/12.3.1/thumb/v7e-m+fp/hard/crtbegin.o
                [!provide]                        PROVIDE (__fini_array_end = .)
                0x08006340                        . = ALIGN (0x4)
                0x08006340                        _sidata = LOADADDR (.data)

.rel.dyn        0x08006340        0x0
 .rel.iplt      0x08006340        0x0 /home/arusso/st/stm32cubeide_1.15.0/plugins/com.st.stm32cube.ide.mcu.externaltools.gnu-tools-for-stm32.12.3.rel1.linux64_1.0.100.202403111256/tools/bin/../lib/gcc/arm-none-eabi/12.3.1/thumb/v7e-m+fp/hard/crtbegin.o

.data           0x20000000       0x5c load address 0x08006340
                0x20000000                        . = ALIGN (0x4)
                0x20000000                        _sdata = .
 *(.data)
 *(.data*)
 .data.SystemCoreClock
                0x20000000        0x4 ./Core/Src/system_stm32g4xx.o
                0x20000000                SystemCoreClock
 .data.uwTickPrio
                0x20000004        0x4 ./Drivers/STM32G4xx_HAL_Driver/Src/stm32g4xx_hal.o
                0x20000004                uwTickPrio
 .data.uwTickFreq
                0x20000008        0x4 ./Drivers/STM32G4xx_HAL_Driver/Src/stm32g4xx_hal.o
                0x20000008                uwTickFreq
 .data._impure_ptr
                0x2000000c        0x4 /home/arusso/st/stm32cubeide_1.15.0/plugins/com.st.stm32cube.ide.mcu.externaltools.gnu-tools-for-stm32.12.3.rel1.linux64_1.0.100.202403111256/tools/bin/../lib/gcc/arm-none-eabi/12.3.1/../../../../arm-none-eabi/lib/thumb/v7e-m+fp/hard/libc_nano.a(libc_a-impure.o)
                0x2000000c                _impure_ptr
 .data._impure_data
                0x20000010       0x4c /home/arusso/st/stm32cubeide_1.15.0/plugins/com.st.stm32cube.ide.mcu.externaltools.gnu-tools-for-stm32.12.3.rel1.linux64_1.0.100.202403111256/tools/bin/../lib/gcc/arm-none-eabi/12.3.1/../../../../arm-none-eabi/lib/thumb/v7e-m+fp/hard/libc_nano.a(libc_a-impure.o)
                0x20000010                _impure_data
 *(.RamFunc)
 *(.RamFunc*)
                0x2000005c                        . = ALIGN (0x4)
                0x2000005c                        _edata = .

.igot.plt       0x2000005c        0x0 load address 0x0800639c
 .igot.plt      0x2000005c        0x0 /home/arusso/st/stm32cubeide_1.15.0/plugins/com.st.stm32cube.ide.mcu.externaltools.gnu-tools-for-stm32.12.3.rel1.linux64_1.0.100.202403111256/tools/bin/../lib/gcc/arm-none-eabi/12.3.1/thumb/v7e-m+fp/hard/crtbegin.o
                0x2000005c                        . = ALIGN (0x4)

.bss            0x2000005c      0x364 load address 0x0800639c
                0x2000005c                        _sbss = .
                0x2000005c                        __bss_start__ = _sbss
 *(.bss)
 .bss           0x2000005c       0x1c /home/arusso/st/stm32cubeide_1.15.0/plugins/com.st.stm32cube.ide.mcu.externaltools.gnu-tools-for-stm32.12.3.rel1.linux64_1.0.100.202403111256/tools/bin/../lib/gcc/arm-none-eabi/12.3.1/thumb/v7e-m+fp/hard/crtbegin.o
 *(.bss*)
 .bss.hadc2     0x20000078       0x6c ./Core/Src/main.o
                0x20000078                hadc2
 .bss.hdma_adc2
                0x200000e4       0x60 ./Core/Src/main.o
                0x200000e4                hdma_adc2
 .bss.huart1    0x20000144       0x94 ./Core/Src/main.o
                0x20000144                huart1
 .bss.huart2    0x200001d8       0x94 ./Core/Src/main.o
                0x200001d8                huart2
 .bss.__sbrk_heap_end
                0x2000026c        0x4 ./Core/Src/sysmem.o
 .bss.uwTick    0x20000270        0x4 ./Drivers/STM32G4xx_HAL_Driver/Src/stm32g4xx_hal.o
                0x20000270                uwTick
 .bss._ZN12_GLOBAL__N_113__new_handlerE
                0x20000274        0x4 /home/arusso/st/stm32cubeide_1.15.0/plugins/com.st.stm32cube.ide.mcu.externaltools.gnu-tools-for-stm32.12.3.rel1.linux64_1.0.100.202403111256/tools/bin/../lib/gcc/arm-none-eabi/12.3.1/../../../../arm-none-eabi/lib/thumb/v7e-m+fp/hard/libstdc++_nano.a(new_handler.o)
 .bss.__malloc_sbrk_start
                0x20000278        0x4 /home/arusso/st/stm32cubeide_1.15.0/plugins/com.st.stm32cube.ide.mcu.externaltools.gnu-tools-for-stm32.12.3.rel1.linux64_1.0.100.202403111256/tools/bin/../lib/gcc/arm-none-eabi/12.3.1/../../../../arm-none-eabi/lib/thumb/v7e-m+fp/hard/libc_nano.a(libc_a-mallocr.o)
                0x20000278                __malloc_sbrk_start
 .bss.__malloc_free_list
                0x2000027c        0x4 /home/arusso/st/stm32cubeide_1.15.0/plugins/com.st.stm32cube.ide.mcu.externaltools.gnu-tools-for-stm32.12.3.rel1.linux64_1.0.100.202403111256/tools/bin/../lib/gcc/arm-none-eabi/12.3.1/../../../../arm-none-eabi/lib/thumb/v7e-m+fp/hard/libc_nano.a(libc_a-mallocr.o)
                0x2000027c                __malloc_free_list
 .bss.__sf      0x20000280      0x138 /home/arusso/st/stm32cubeide_1.15.0/plugins/com.st.stm32cube.ide.mcu.externaltools.gnu-tools-for-stm32.12.3.rel1.linux64_1.0.100.202403111256/tools/bin/../lib/gcc/arm-none-eabi/12.3.1/../../../../arm-none-eabi/lib/thumb/v7e-m+fp/hard/libc_nano.a(libc_a-findfp.o)
                0x20000280                __sf
 .bss.errno     0x200003b8        0x4 /home/arusso/st/stm32cubeide_1.15.0/plugins/com.st.stm32cube.ide.mcu.externaltools.gnu-tools-for-stm32.12.3.rel1.linux64_1.0.100.202403111256/tools/bin/../lib/gcc/arm-none-eabi/12.3.1/../../../../arm-none-eabi/lib/thumb/v7e-m+fp/hard/libc_nano.a(libc_a-reent.o)
                0x200003b8                errno
 .bss.__lock___malloc_recursive_mutex
                0x200003bc        0x1 /home/arusso/st/stm32cubeide_1.15.0/plugins/com.st.stm32cube.ide.mcu.externaltools.gnu-tools-for-stm32.12.3.rel1.linux64_1.0.100.202403111256/tools/bin/../lib/gcc/arm-none-eabi/12.3.1/../../../../arm-none-eabi/lib/thumb/v7e-m+fp/hard/libc_nano.a(libc_a-lock.o)
                0x200003bc                __lock___malloc_recursive_mutex
 *(COMMON)
                0x200003c0                        . = ALIGN (0x4)
 *fill*         0x200003bd        0x3 
                0x200003c0                        _ebss = .
                0x200003c0                        __bss_end__ = _ebss

._user_heap_stack
                0x200003c0      0x600 load address 0x0800639c
                0x200003c0                        . = ALIGN (0x8)
                [!provide]                        PROVIDE (end = .)
                0x200003c0                        PROVIDE (_end = .)
                0x200005c0                        . = (. + _Min_Heap_Size)
 *fill*         0x200003c0      0x200 
                0x200009c0                        . = (. + _Min_Stack_Size)
 *fill*         0x200005c0      0x400 
                0x200009c0                        . = ALIGN (0x8)

/DISCARD/
 libc.a(*)
 libm.a(*)
 libgcc.a(*)

.ARM.attributes
                0x00000000       0x30
 *(.ARM.attributes)
 .ARM.attributes
                0x00000000       0x22 /home/arusso/st/stm32cubeide_1.15.0/plugins/com.st.stm32cube.ide.mcu.externaltools.gnu-tools-for-stm32.12.3.rel1.linux64_1.0.100.202403111256/tools/bin/../lib/gcc/arm-none-eabi/12.3.1/thumb/v7e-m+fp/hard/crti.o
 .ARM.attributes
                0x00000022       0x34 /home/arusso/st/stm32cubeide_1.15.0/plugins/com.st.stm32cube.ide.mcu.externaltools.gnu-tools-for-stm32.12.3.rel1.linux64_1.0.100.202403111256/tools/bin/../lib/gcc/arm-none-eabi/12.3.1/thumb/v7e-m+fp/hard/crtbegin.o
 .ARM.attributes
                0x00000056       0x34 ./Core/Src/SCServo.o
 .ARM.attributes
                0x0000008a       0x34 ./Core/Src/main.o
 .ARM.attributes
                0x000000be       0x34 ./Core/Src/stm32g4xx_hal_msp.o
 .ARM.attributes
                0x000000f2       0x34 ./Core/Src/stm32g4xx_it.o
 .ARM.attributes
                0x00000126       0x34 ./Core/Src/syscalls.o
 .ARM.attributes
                0x0000015a       0x34 ./Core/Src/sysmem.o
 .ARM.attributes
                0x0000018e       0x34 ./Core/Src/system_stm32g4xx.o
 .ARM.attributes
                0x000001c2       0x21 ./Core/Startup/startup_stm32g431kbtx.o
 .ARM.attributes
                0x000001e3       0x34 ./Drivers/STM32G4xx_HAL_Driver/Src/stm32g4xx_hal.o
 .ARM.attributes
                0x00000217       0x34 ./Drivers/STM32G4xx_HAL_Driver/Src/stm32g4xx_hal_adc.o
 .ARM.attributes
                0x0000024b       0x34 ./Drivers/STM32G4xx_HAL_Driver/Src/stm32g4xx_hal_cortex.o
 .ARM.attributes
                0x0000027f       0x34 ./Drivers/STM32G4xx_HAL_Driver/Src/stm32g4xx_hal_dma.o
 .ARM.attributes
                0x000002b3       0x34 ./Drivers/STM32G4xx_HAL_Driver/Src/stm32g4xx_hal_gpio.o
 .ARM.attributes
                0x000002e7       0x34 ./Drivers/STM32G4xx_HAL_Driver/Src/stm32g4xx_hal_pwr_ex.o
 .ARM.attributes
                0x0000031b       0x34 ./Drivers/STM32G4xx_HAL_Driver/Src/stm32g4xx_hal_rcc.o
 .ARM.attributes
                0x0000034f       0x34 ./Drivers/STM32G4xx_HAL_Driver/Src/stm32g4xx_hal_rcc_ex.o
 .ARM.attributes
                0x00000383       0x34 ./Drivers/STM32G4xx_HAL_Driver/Src/stm32g4xx_hal_uart.o
 .ARM.attributes
                0x000003b7       0x34 ./Drivers/STM32G4xx_HAL_Driver/Src/stm32g4xx_hal_uart_ex.o
 .ARM.attributes
                0x000003eb       0x34 /home/arusso/st/stm32cubeide_1.15.0/plugins/com.st.stm32cube.ide.mcu.externaltools.gnu-tools-for-stm32.12.3.rel1.linux64_1.0.100.202403111256/tools/bin/../lib/gcc/arm-none-eabi/12.3.1/../../../../arm-none-eabi/lib/thumb/v7e-m+fp/hard/libstdc++_nano.a(del_ops.o)
 .ARM.attributes
                0x0000041f       0x34 /home/arusso/st/stm32cubeide_1.15.0/plugins/com.st.stm32cube.ide.mcu.externaltools.gnu-tools-for-stm32.12.3.rel1.linux64_1.0.100.202403111256/tools/bin/../lib/gcc/arm-none-eabi/12.3.1/../../../../arm-none-eabi/lib/thumb/v7e-m+fp/hard/libstdc++_nano.a(new_op.o)
 .ARM.attributes
                0x00000453       0x34 /home/arusso/st/stm32cubeide_1.15.0/plugins/com.st.stm32cube.ide.mcu.externaltools.gnu-tools-for-stm32.12.3.rel1.linux64_1.0.100.202403111256/tools/bin/../lib/gcc/arm-none-eabi/12.3.1/../../../../arm-none-eabi/lib/thumb/v7e-m+fp/hard/libstdc++_nano.a(functexcept.o)
 .ARM.attributes
                0x00000487       0x34 /home/arusso/st/stm32cubeide_1.15.0/plugins/com.st.stm32cube.ide.mcu.externaltools.gnu-tools-for-stm32.12.3.rel1.linux64_1.0.100.202403111256/tools/bin/../lib/gcc/arm-none-eabi/12.3.1/../../../../arm-none-eabi/lib/thumb/v7e-m+fp/hard/libstdc++_nano.a(del_op.o)
 .ARM.attributes
                0x000004bb       0x34 /home/arusso/st/stm32cubeide_1.15.0/plugins/com.st.stm32cube.ide.mcu.externaltools.gnu-tools-for-stm32.12.3.rel1.linux64_1.0.100.202403111256/tools/bin/../lib/gcc/arm-none-eabi/12.3.1/../../../../arm-none-eabi/lib/thumb/v7e-m+fp/hard/libstdc++_nano.a(new_handler.o)
 .ARM.attributes
                0x000004ef       0x34 /home/arusso/st/stm32cubeide_1.15.0/plugins/com.st.stm32cube.ide.mcu.externaltools.gnu-tools-for-stm32.12.3.rel1.linux64_1.0.100.202403111256/tools/bin/../lib/gcc/arm-none-eabi/12.3.1/../../../../arm-none-eabi/lib/thumb/v7e-m+fp/hard/libc_nano.a(libc_a-abort.o)
 .ARM.attributes
                0x00000523       0x34 /home/arusso/st/stm32cubeide_1.15.0/plugins/com.st.stm32cube.ide.mcu.externaltools.gnu-tools-for-stm32.12.3.rel1.linux64_1.0.100.202403111256/tools/bin/../lib/gcc/arm-none-eabi/12.3.1/../../../../arm-none-eabi/lib/thumb/v7e-m+fp/hard/libc_nano.a(libc_a-malloc.o)
 .ARM.attributes
                0x00000557       0x34 /home/arusso/st/stm32cubeide_1.15.0/plugins/com.st.stm32cube.ide.mcu.externaltools.gnu-tools-for-stm32.12.3.rel1.linux64_1.0.100.202403111256/tools/bin/../lib/gcc/arm-none-eabi/12.3.1/../../../../arm-none-eabi/lib/thumb/v7e-m+fp/hard/libc_nano.a(libc_a-mallocr.o)
 .ARM.attributes
                0x0000058b       0x34 /home/arusso/st/stm32cubeide_1.15.0/plugins/com.st.stm32cube.ide.mcu.externaltools.gnu-tools-for-stm32.12.3.rel1.linux64_1.0.100.202403111256/tools/bin/../lib/gcc/arm-none-eabi/12.3.1/../../../../arm-none-eabi/lib/thumb/v7e-m+fp/hard/libc_nano.a(libc_a-mlock.o)
 .ARM.attributes
                0x000005bf       0x34 /home/arusso/st/stm32cubeide_1.15.0/plugins/com.st.stm32cube.ide.mcu.externaltools.gnu-tools-for-stm32.12.3.rel1.linux64_1.0.100.202403111256/tools/bin/../lib/gcc/arm-none-eabi/12.3.1/../../../../arm-none-eabi/lib/thumb/v7e-m+fp/hard/libc_nano.a(libc_a-findfp.o)
 .ARM.attributes
                0x000005f3       0x34 /home/arusso/st/stm32cubeide_1.15.0/plugins/com.st.stm32cube.ide.mcu.externaltools.gnu-tools-for-stm32.12.3.rel1.linux64_1.0.100.202403111256/tools/bin/../lib/gcc/arm-none-eabi/12.3.1/../../../../arm-none-eabi/lib/thumb/v7e-m+fp/hard/libc_nano.a(libc_a-memmove.o)
 .ARM.attributes
                0x00000627       0x34 /home/arusso/st/stm32cubeide_1.15.0/plugins/com.st.stm32cube.ide.mcu.externaltools.gnu-tools-for-stm32.12.3.rel1.linux64_1.0.100.202403111256/tools/bin/../lib/gcc/arm-none-eabi/12.3.1/../../../../arm-none-eabi/lib/thumb/v7e-m+fp/hard/libc_nano.a(libc_a-memset.o)
 .ARM.attributes
                0x0000065b       0x34 /home/arusso/st/stm32cubeide_1.15.0/plugins/com.st.stm32cube.ide.mcu.externaltools.gnu-tools-for-stm32.12.3.rel1.linux64_1.0.100.202403111256/tools/bin/../lib/gcc/arm-none-eabi/12.3.1/../../../../arm-none-eabi/lib/thumb/v7e-m+fp/hard/libc_nano.a(libc_a-signal.o)
 .ARM.attributes
                0x0000068f       0x34 /home/arusso/st/stm32cubeide_1.15.0/plugins/com.st.stm32cube.ide.mcu.externaltools.gnu-tools-for-stm32.12.3.rel1.linux64_1.0.100.202403111256/tools/bin/../lib/gcc/arm-none-eabi/12.3.1/../../../../arm-none-eabi/lib/thumb/v7e-m+fp/hard/libc_nano.a(libc_a-reent.o)
 .ARM.attributes
                0x000006c3       0x34 /home/arusso/st/stm32cubeide_1.15.0/plugins/com.st.stm32cube.ide.mcu.externaltools.gnu-tools-for-stm32.12.3.rel1.linux64_1.0.100.202403111256/tools/bin/../lib/gcc/arm-none-eabi/12.3.1/../../../../arm-none-eabi/lib/thumb/v7e-m+fp/hard/libc_nano.a(libc_a-impure.o)
 .ARM.attributes
                0x000006f7       0x34 /home/arusso/st/stm32cubeide_1.15.0/plugins/com.st.stm32cube.ide.mcu.externaltools.gnu-tools-for-stm32.12.3.rel1.linux64_1.0.100.202403111256/tools/bin/../lib/gcc/arm-none-eabi/12.3.1/../../../../arm-none-eabi/lib/thumb/v7e-m+fp/hard/libc_nano.a(libc_a-signalr.o)
 .ARM.attributes
                0x0000072b       0x34 /home/arusso/st/stm32cubeide_1.15.0/plugins/com.st.stm32cube.ide.mcu.externaltools.gnu-tools-for-stm32.12.3.rel1.linux64_1.0.100.202403111256/tools/bin/../lib/gcc/arm-none-eabi/12.3.1/../../../../arm-none-eabi/lib/thumb/v7e-m+fp/hard/libc_nano.a(libc_a-sbrkr.o)
 .ARM.attributes
                0x0000075f       0x34 /home/arusso/st/stm32cubeide_1.15.0/plugins/com.st.stm32cube.ide.mcu.externaltools.gnu-tools-for-stm32.12.3.rel1.linux64_1.0.100.202403111256/tools/bin/../lib/gcc/arm-none-eabi/12.3.1/../../../../arm-none-eabi/lib/thumb/v7e-m+fp/hard/libc_nano.a(libc_a-errno.o)
 .ARM.attributes
                0x00000793       0x34 /home/arusso/st/stm32cubeide_1.15.0/plugins/com.st.stm32cube.ide.mcu.externaltools.gnu-tools-for-stm32.12.3.rel1.linux64_1.0.100.202403111256/tools/bin/../lib/gcc/arm-none-eabi/12.3.1/../../../../arm-none-eabi/lib/thumb/v7e-m+fp/hard/libc_nano.a(libc_a-init.o)
 .ARM.attributes
                0x000007c7       0x34 /home/arusso/st/stm32cubeide_1.15.0/plugins/com.st.stm32cube.ide.mcu.externaltools.gnu-tools-for-stm32.12.3.rel1.linux64_1.0.100.202403111256/tools/bin/../lib/gcc/arm-none-eabi/12.3.1/../../../../arm-none-eabi/lib/thumb/v7e-m+fp/hard/libc_nano.a(libc_a-lock.o)
 .ARM.attributes