../Core/Inc/Stepper.hpp:19:3:Stepper::Stepper(long unsigned int (*)(), GPIO_TypeDef*, uint16_t, GPIO_TypeDef*, uint16_t)	24	static
../Core/Inc/Stepper.hpp:32:8:void Stepper::set_goal(int)	16	static
../Core/Inc/Stepper.hpp:45:8:void Stepper::set_pos(int)	16	static
../Core/Inc/Stepper.hpp:49:8:void Stepper::spin_once()	16	static
../Core/Inc/Stepper.hpp:77:8:bool Stepper::is_stopped()	16	static
../Core/Src/main.cpp:81:5:int _write(int, char*, int)	32	static
../Core/Src/main.cpp:93:6:void HAL_TIM_PeriodElapsedCallback(TIM_HandleTypeDef*)	16	static
../Core/Src/main.cpp:100:15:long unsigned int get_time_us()	16	static
../Core/Src/main.cpp:106:6:void list_servos_ids(uint8_t, uint8_t, SCServo)	24	static
../Core/Src/main.cpp:135:5:int setup_laser(LASER_SENSOR)	16	static
../Core/Src/main.cpp:200:6:void scan()	16	static
../Core/Src/main.cpp:224:5:int update_distance(LASER_SENSOR&)	24	static
../Core/Src/main.cpp:254:5:int setup_lasers()	40	static
../Core/Src/main.cpp:293:6:void test_lasers()	16	static
../Core/Src/main.cpp:349:6:void lift_go_down()	8	static
../Core/Src/main.cpp:358:6:void lift_go_up()	8	static
../Core/Src/main.cpp:367:6:void lift_go_middle()	8	static
../Core/Src/main.cpp:376:6:void grabber_extend()	16	static
../Core/Src/main.cpp:383:6:void grabber_retract(bool)	24	static
../Core/Src/main.cpp:390:6:void reservoir_go_to_init_pos()	8	static
../Core/Src/main.cpp:405:6:void lift_go_to_init_pos()	8	static
../Core/Src/main.cpp:422:6:void servo_horiz_go_to_init_pos()	16	static
../Core/Src/main.cpp:430:6:void actuators_go_to_init_poses()	8	static
../Core/Src/main.cpp:440:6:void setup_hoppers()	16	static
../Core/Src/main.cpp:455:6:bool hopper_left_wait_and_close_spin_once()	16	static
../Core/Src/main.cpp:467:6:bool hopper_right_wait_and_close_spin_once()	16	static
../Core/Src/main.cpp:502:5:int main()	16	static
../Core/Src/main.cpp:598:6:void SystemClock_Config()	88	static
../Core/Src/main.cpp:645:13:void MX_FDCAN1_Init()	8	static
../Core/Src/main.cpp:688:13:void MX_I2C1_Init()	8	static
../Core/Src/main.cpp:736:13:void MX_TIM2_Init()	40	static
../Core/Src/main.cpp:781:13:void MX_USART1_UART_Init()	8	static
../Core/Src/main.cpp:829:13:void MX_USART2_UART_Init()	8	static
../Core/Src/main.cpp:877:13:void MX_GPIO_Init()	40	static
../Core/Src/main.cpp:928:6:void Error_Handler()	4	static,ignoring_inline_asm
../Core/Src/main.cpp:937:1:void __static_initialization_and_destruction_0(int, int)	24	static
../Core/Src/main.cpp:937:1:cpp)	8	static
